../Core/Src/lsm6dsl.c:8:6:LSM6DSL_config	16	static
../Core/Src/lsm6dsl.c:46:6:LSM6DSL_init	8	static
../Core/Src/lsm6dsl.c:62:6:LSM6DSL_updateAccel	16	static
../Core/Src/lsm6dsl.c:73:6:LSM6DSL_updateGyro	16	static
../Core/Src/lsm6dsl.c:84:6:LSM6DSL_writeRegister	24	static
../Core/Src/lsm6dsl.c:96:9:LSM6DSL_readMeasurement	24	static
../Core/Src/lsm6dsl.c:113:6:LSM6DSL_getAccel	16	static
../Core/Src/lsm6dsl.c:120:6:LSM6DSL_getGyro	16	static
../Core/Src/lsm6dsl.c:127:6:LSM6DSL_enable	8	static
../Core/Src/lsm6dsl.c:133:6:LSM6DSL_disable	8	static
