../Core/Src/main.c:80:5:main	1240	static
../Core/Src/main.c:232:6:SystemClock_Config	128	static
../Core/Src/main.c:282:13:MX_ADC1_Init	40	static
../Core/Src/main.c:344:13:MX_SDMMC1_SD_Init	8	static
../Core/Src/main.c:375:13:MX_SPI1_Init	24	static
../Core/Src/main.c:432:13:MX_SPI2_Init	24	static
../Core/Src/main.c:489:13:MX_TIM16_Init	16	static
../Core/Src/main.c:521:13:MX_GPIO_Init	48	static
../Core/Src/main.c:576:6:HAL_TIM_PeriodElapsedCallback	16	static
../Core/Src/main.c:586:6:HAL_GPIO_EXTI_Callback	16	static
../Core/Src/main.c:605:6:Error_Handler	4	static,ignoring_inline_asm
