../Core/Src/main.c:87:5:main	152	static
../Core/Src/main.c:195:6:SystemClock_Config	128	static
../Core/Src/main.c:249:13:MX_SDMMC1_SD_Init	8	static
../Core/Src/main.c:280:13:MX_SPI1_Init	24	static
../Core/Src/main.c:337:13:MX_SPI2_Init	24	static
../Core/Src/main.c:394:13:MX_TIM16_Init	16	static
../Core/Src/main.c:426:13:MX_USART1_UART_Init	8	static
../Core/Src/main.c:474:13:MX_USB_PCD_Init	8	static
../Core/Src/main.c:508:13:MX_GPIO_Init	48	static
../Core/Src/main.c:553:6:HAL_TIM_PeriodElapsedCallback	16	static
../Core/Src/main.c:562:6:HAL_GPIO_EXTI_Callback	16	static
../Core/Src/main.c:580:6:Error_Handler	4	static,ignoring_inline_asm
