../Core/Src/ms5607.c:17:6:MS5607_init	16	static
../Core/Src/ms5607.c:53:6:MS5607_readProm	24	static
../Core/Src/ms5607.c:75:16:MS5607_getCompValues	368	static
../Core/Src/ms5607.c:123:6:MS5607_readUncompPres	8	static
../Core/Src/ms5607.c:136:6:MS5607_readUncompTemp	8	static
../Core/Src/ms5607.c:149:10:MS5607_readADC	16	static
../Core/Src/ms5607.c:163:6:MS5607_enable	8	static
../Core/Src/ms5607.c:169:6:MS5607_disable	8	static
../Core/Src/ms5607.c:175:6:MS5607_TimerCallback	16	static
../Core/Src/ms5607.c:191:15:MS5607_getRawValues	16	static
../Core/Src/ms5607.c:196:10:MS5607_getMeasurementDelay	4	static
../Core/Src/ms5607.c:201:21:MS5607_getState	4	static
