../Core/Src/ms5607.c:17:6:MS5607_config	16	static
../Core/Src/ms5607.c:47:6:MS5607_init	8	static
../Core/Src/ms5607.c:58:6:MS5607_readProm	24	static
../Core/Src/ms5607.c:80:16:MS5607_getCompValues	368	static
../Core/Src/ms5607.c:128:6:MS5607_readUncompPres	8	static
../Core/Src/ms5607.c:141:6:MS5607_readUncompTemp	8	static
../Core/Src/ms5607.c:154:10:MS5607_readADC	16	static
../Core/Src/ms5607.c:168:6:MS5607_enable	8	static
../Core/Src/ms5607.c:174:6:MS5607_disable	8	static
../Core/Src/ms5607.c:180:6:MS5607_TimerCallback	16	static
../Core/Src/ms5607.c:196:15:MS5607_getRawValues	16	static
../Core/Src/ms5607.c:201:10:MS5607_getMeasurementDelay	4	static
../Core/Src/ms5607.c:206:21:MS5607_getState	4	static
