../Core/Src/stm32u5xx_hal_msp.c:63:6:HAL_MspInit	0	static
../Core/Src/stm32u5xx_hal_msp.c:82:6:HAL_SD_MspInit	240	static
../Core/Src/stm32u5xx_hal_msp.c:142:6:HAL_SD_MspDeInit	8	static
../Core/Src/stm32u5xx_hal_msp.c:178:6:HAL_SPI_MspInit	248	static
../Core/Src/stm32u5xx_hal_msp.c:276:6:HAL_SPI_MspDeInit	8	static
../Core/Src/stm32u5xx_hal_msp.c:327:6:HAL_TIM_Base_MspInit	8	static
../Core/Src/stm32u5xx_hal_msp.c:349:6:HAL_TIM_Base_MspDeInit	0	static
../Core/Src/stm32u5xx_hal_msp.c:371:6:HAL_UART_MspInit	232	static
../Core/Src/stm32u5xx_hal_msp.c:418:6:HAL_UART_MspDeInit	0	static
../Core/Src/stm32u5xx_hal_msp.c:447:6:HAL_PCD_MspInit	232	static
../Core/Src/stm32u5xx_hal_msp.c:504:6:HAL_PCD_MspDeInit	16	static
