../Drivers/STM32U5xx_HAL_Driver/Src/stm32u5xx_hal_sd.c:3505:17:SD_FindSCR	56	static
../Drivers/STM32U5xx_HAL_Driver/Src/stm32u5xx_hal_sd.c:3674:10:SD_SwitchSpeed	120	static
../Drivers/STM32U5xx_HAL_Driver/Src/stm32u5xx_hal_sd.c:612:13:HAL_SD_MspInit	0	static
../Drivers/STM32U5xx_HAL_Driver/Src/stm32u5xx_hal_sd.c:627:13:HAL_SD_MspDeInit	0	static
../Drivers/STM32U5xx_HAL_Driver/Src/stm32u5xx_hal_sd.c:555:19:HAL_SD_DeInit	8	static
../Drivers/STM32U5xx_HAL_Driver/Src/stm32u5xx_hal_sd.c:668:19:HAL_SD_ReadBlocks	64	static
../Drivers/STM32U5xx_HAL_Driver/Src/stm32u5xx_hal_sd.c:853:19:HAL_SD_WriteBlocks	72	static
../Drivers/STM32U5xx_HAL_Driver/Src/stm32u5xx_hal_sd.c:1040:19:HAL_SD_ReadBlocks_IT	48	static
../Drivers/STM32U5xx_HAL_Driver/Src/stm32u5xx_hal_sd.c:1135:19:HAL_SD_WriteBlocks_IT	48	static
../Drivers/STM32U5xx_HAL_Driver/Src/stm32u5xx_hal_sd.c:1232:19:HAL_SD_ReadBlocks_DMA	48	static
../Drivers/STM32U5xx_HAL_Driver/Src/stm32u5xx_hal_sd.c:1331:19:HAL_SD_WriteBlocks_DMA	56	static
../Drivers/STM32U5xx_HAL_Driver/Src/stm32u5xx_hal_sd.c:1427:19:HAL_SD_Erase	24	static
../Drivers/STM32U5xx_HAL_Driver/Src/stm32u5xx_hal_sd.c:1741:21:HAL_SD_GetState	0	static
../Drivers/STM32U5xx_HAL_Driver/Src/stm32u5xx_hal_sd.c:1752:10:HAL_SD_GetError	0	static
../Drivers/STM32U5xx_HAL_Driver/Src/stm32u5xx_hal_sd.c:1762:13:HAL_SD_TxCpltCallback	0	static
../Drivers/STM32U5xx_HAL_Driver/Src/stm32u5xx_hal_sd.c:1777:13:HAL_SD_RxCpltCallback	0	static
../Drivers/STM32U5xx_HAL_Driver/Src/stm32u5xx_hal_sd.c:1792:13:HAL_SD_ErrorCallback	0	static
../Drivers/STM32U5xx_HAL_Driver/Src/stm32u5xx_hal_sd.c:1807:13:HAL_SD_AbortCallback	0	static
../Drivers/STM32U5xx_HAL_Driver/Src/stm32u5xx_hal_sd.c:2117:19:HAL_SD_GetCardCID	8	static
../Drivers/STM32U5xx_HAL_Driver/Src/stm32u5xx_hal_sd.c:2150:19:HAL_SD_GetCardCSD	8	static
../Drivers/STM32U5xx_HAL_Driver/Src/stm32u5xx_hal_sd.c:465:19:HAL_SD_InitCard	104	static
../Drivers/STM32U5xx_HAL_Driver/Src/stm32u5xx_hal_sd.c:2264:19:HAL_SD_GetCardStatus	112	static
../Drivers/STM32U5xx_HAL_Driver/Src/stm32u5xx_hal_sd.c:2334:19:HAL_SD_GetCardInfo	0	static
../Drivers/STM32U5xx_HAL_Driver/Src/stm32u5xx_hal_sd.c:2359:19:HAL_SD_ConfigWideBusOperation	48	static
../Drivers/STM32U5xx_HAL_Driver/Src/stm32u5xx_hal_sd.c:2821:25:HAL_SD_GetCardState	8	static
../Drivers/STM32U5xx_HAL_Driver/Src/stm32u5xx_hal_sd.c:336:19:HAL_SD_Init	40	static
../Drivers/STM32U5xx_HAL_Driver/Src/stm32u5xx_hal_sd.c:2523:19:HAL_SD_ConfigSpeedBusOperation	16	static
../Drivers/STM32U5xx_HAL_Driver/Src/stm32u5xx_hal_sd.c:2844:19:HAL_SD_Abort	24	static
../Drivers/STM32U5xx_HAL_Driver/Src/stm32u5xx_hal_sd.c:2940:19:HAL_SD_Abort_IT	16	static
../Drivers/STM32U5xx_HAL_Driver/Src/stm32u5xx_hal_sd.c:4041:13:HAL_SDEx_Read_DMALnkLstBufCpltCallback	0	static
../Drivers/STM32U5xx_HAL_Driver/Src/stm32u5xx_hal_sd.c:4055:13:HAL_SDEx_Write_DMALnkLstBufCpltCallback	0	static
../Drivers/STM32U5xx_HAL_Driver/Src/stm32u5xx_hal_sd.c:1529:6:HAL_SD_IRQHandler	32	static
