../Drivers/STM32U5xx_HAL_Driver/Src/stm32u5xx_hal_pcd_ex.c:322:20:HAL_PCDEx_PMAConfig	8	static
../Drivers/STM32U5xx_HAL_Driver/Src/stm32u5xx_hal_pcd_ex.c:364:19:HAL_PCDEx_ActivateBCD	0	static
../Drivers/STM32U5xx_HAL_Driver/Src/stm32u5xx_hal_pcd_ex.c:385:19:HAL_PCDEx_DeActivateBCD	0	static
../Drivers/STM32U5xx_HAL_Driver/Src/stm32u5xx_hal_pcd_ex.c:493:19:HAL_PCDEx_ActivateLPM	0	static
../Drivers/STM32U5xx_HAL_Driver/Src/stm32u5xx_hal_pcd_ex.c:511:19:HAL_PCDEx_DeActivateLPM	0	static
../Drivers/STM32U5xx_HAL_Driver/Src/stm32u5xx_hal_pcd_ex.c:531:13:HAL_PCDEx_LPM_Callback	0	static
../Drivers/STM32U5xx_HAL_Driver/Src/stm32u5xx_hal_pcd_ex.c:548:13:HAL_PCDEx_BCD_Callback	0	static
../Drivers/STM32U5xx_HAL_Driver/Src/stm32u5xx_hal_pcd_ex.c:401:6:HAL_PCDEx_BCD_VBUSDetect	16	static
