../Drivers/STM32U5xx_HAL_Driver/Src/stm32u5xx_ll_usb.c:2314:19:USB_CoreInit	8	static
../Drivers/STM32U5xx_HAL_Driver/Src/stm32u5xx_ll_usb.c:2339:19:USB_EnableGlobalInt	0	static
../Drivers/STM32U5xx_HAL_Driver/Src/stm32u5xx_ll_usb.c:2364:19:USB_DisableGlobalInt	0	static
../Drivers/STM32U5xx_HAL_Driver/Src/stm32u5xx_ll_usb.c:2388:19:USB_SetCurrentMode	0	static
../Drivers/STM32U5xx_HAL_Driver/Src/stm32u5xx_ll_usb.c:2414:19:USB_DevInit	8	static
../Drivers/STM32U5xx_HAL_Driver/Src/stm32u5xx_ll_usb.c:2443:19:USB_ActivateEndpoint	24	static
../Drivers/STM32U5xx_HAL_Driver/Src/stm32u5xx_ll_usb.c:2576:19:USB_DeactivateEndpoint	16	static
../Drivers/STM32U5xx_HAL_Driver/Src/stm32u5xx_ll_usb.c:2855:19:USB_EPSetStall	0	static
../Drivers/STM32U5xx_HAL_Driver/Src/stm32u5xx_ll_usb.c:2875:19:USB_EPClearStall	8	static
../Drivers/STM32U5xx_HAL_Driver/Src/stm32u5xx_ll_usb.c:2907:19:USB_EPStopXfer	0	static
../Drivers/STM32U5xx_HAL_Driver/Src/stm32u5xx_ll_usb.c:2952:19:USB_StopDevice	0	static
../Drivers/STM32U5xx_HAL_Driver/Src/stm32u5xx_ll_usb.c:2973:20:USB_SetDevAddress	0	static
../Drivers/STM32U5xx_HAL_Driver/Src/stm32u5xx_ll_usb.c:2989:20:USB_DevConnect	0	static
../Drivers/STM32U5xx_HAL_Driver/Src/stm32u5xx_ll_usb.c:3002:20:USB_DevDisconnect	0	static
../Drivers/STM32U5xx_HAL_Driver/Src/stm32u5xx_ll_usb.c:3015:10:USB_ReadInterrupts	0	static
../Drivers/STM32U5xx_HAL_Driver/Src/stm32u5xx_ll_usb.c:3028:19:USB_ActivateRemoteWakeup	0	static
../Drivers/STM32U5xx_HAL_Driver/Src/stm32u5xx_ll_usb.c:3040:19:USB_DeActivateRemoteWakeup	0	static
../Drivers/STM32U5xx_HAL_Driver/Src/stm32u5xx_ll_usb.c:3055:6:USB_WritePMA	20	static
../Drivers/STM32U5xx_HAL_Driver/Src/stm32u5xx_ll_usb.c:2635:19:USB_EPStartXfer	24	static
../Drivers/STM32U5xx_HAL_Driver/Src/stm32u5xx_ll_usb.c:3112:6:USB_ReadPMA	20	static
../Drivers/STM32U5xx_HAL_Driver/Src/stm32u5xx_ll_usb.c:3172:19:USB_HostInit	8	static
../Drivers/STM32U5xx_HAL_Driver/Src/stm32u5xx_ll_usb.c:3206:19:USB_ResetPort	8	static
../Drivers/STM32U5xx_HAL_Driver/Src/stm32u5xx_ll_usb.c:3226:10:USB_GetHostSpeed	0	static
../Drivers/STM32U5xx_HAL_Driver/Src/stm32u5xx_ll_usb.c:3243:10:USB_GetCurrentFrame	0	static
../Drivers/STM32U5xx_HAL_Driver/Src/stm32u5xx_ll_usb.c:3255:19:USB_HC_DoubleBuffer	8	static
../Drivers/STM32U5xx_HAL_Driver/Src/stm32u5xx_ll_usb.c:3298:19:USB_HC_Init	16	static
../Drivers/STM32U5xx_HAL_Driver/Src/stm32u5xx_ll_usb.c:3359:19:USB_HC_StartXfer	32	static
../Drivers/STM32U5xx_HAL_Driver/Src/stm32u5xx_ll_usb.c:3573:19:USB_HC_IN_Halt	0	static
../Drivers/STM32U5xx_HAL_Driver/Src/stm32u5xx_ll_usb.c:3589:19:USB_HC_OUT_Halt	0	static
../Drivers/STM32U5xx_HAL_Driver/Src/stm32u5xx_ll_usb.c:3602:19:USB_StopHost	0	static
