../Drivers/STM32U5xx_HAL_Driver/Inc/stm32u5xx_hal_pcd.h:623:26:PCD_GET_EP_DBUF0_CNT.constprop	8	static
../Drivers/STM32U5xx_HAL_Driver/Inc/stm32u5xx_hal_pcd.h:580:26:PCD_GET_EP_RX_CNT.constprop	8	static
../Drivers/STM32U5xx_HAL_Driver/Src/stm32u5xx_hal_pcd.c:300:13:HAL_PCD_MspInit	0	static
../Drivers/STM32U5xx_HAL_Driver/Src/stm32u5xx_hal_pcd.c:132:19:HAL_PCD_Init	64	static
../Drivers/STM32U5xx_HAL_Driver/Src/stm32u5xx_hal_pcd.c:315:13:HAL_PCD_MspDeInit	0	static
../Drivers/STM32U5xx_HAL_Driver/Src/stm32u5xx_hal_pcd.c:261:19:HAL_PCD_DeInit	16	static
../Drivers/STM32U5xx_HAL_Driver/Src/stm32u5xx_hal_pcd.c:1018:19:HAL_PCD_Start	8	static
../Drivers/STM32U5xx_HAL_Driver/Src/stm32u5xx_hal_pcd.c:1044:19:HAL_PCD_Stop	8	static
../Drivers/STM32U5xx_HAL_Driver/Src/stm32u5xx_hal_pcd.c:1685:13:HAL_PCD_DataOutStageCallback	0	static
../Drivers/STM32U5xx_HAL_Driver/Src/stm32u5xx_hal_pcd.c:1702:13:HAL_PCD_DataInStageCallback	0	static
../Drivers/STM32U5xx_HAL_Driver/Src/stm32u5xx_hal_pcd.c:1717:13:HAL_PCD_SetupStageCallback	0	static
../Drivers/STM32U5xx_HAL_Driver/Src/stm32u5xx_hal_pcd.c:1732:13:HAL_PCD_SOFCallback	0	static
../Drivers/STM32U5xx_HAL_Driver/Src/stm32u5xx_hal_pcd.c:1747:13:HAL_PCD_ResetCallback	0	static
../Drivers/STM32U5xx_HAL_Driver/Src/stm32u5xx_hal_pcd.c:1762:13:HAL_PCD_SuspendCallback	0	static
../Drivers/STM32U5xx_HAL_Driver/Src/stm32u5xx_hal_pcd.c:1777:13:HAL_PCD_ResumeCallback	0	static
../Drivers/STM32U5xx_HAL_Driver/Src/stm32u5xx_hal_pcd.c:1793:13:HAL_PCD_ISOOUTIncompleteCallback	0	static
../Drivers/STM32U5xx_HAL_Driver/Src/stm32u5xx_hal_pcd.c:1810:13:HAL_PCD_ISOINIncompleteCallback	0	static
../Drivers/STM32U5xx_HAL_Driver/Src/stm32u5xx_hal_pcd.c:1826:13:HAL_PCD_ConnectCallback	0	static
../Drivers/STM32U5xx_HAL_Driver/Src/stm32u5xx_hal_pcd.c:1841:13:HAL_PCD_DisconnectCallback	0	static
../Drivers/STM32U5xx_HAL_Driver/Src/stm32u5xx_hal_pcd.c:1875:19:HAL_PCD_DevConnect	8	static
../Drivers/STM32U5xx_HAL_Driver/Src/stm32u5xx_hal_pcd.c:1902:19:HAL_PCD_DevDisconnect	8	static
../Drivers/STM32U5xx_HAL_Driver/Src/stm32u5xx_hal_pcd.c:1930:19:HAL_PCD_SetAddress	8	static
../Drivers/STM32U5xx_HAL_Driver/Src/stm32u5xx_hal_pcd.c:1539:6:HAL_PCD_IRQHandler	48	static
../Drivers/STM32U5xx_HAL_Driver/Src/stm32u5xx_hal_pcd.c:1947:19:HAL_PCD_EP_Open	16	static
../Drivers/STM32U5xx_HAL_Driver/Src/stm32u5xx_hal_pcd.c:1995:19:HAL_PCD_EP_Close	8	static
../Drivers/STM32U5xx_HAL_Driver/Src/stm32u5xx_hal_pcd.c:2026:19:HAL_PCD_EP_Receive	16	static
../Drivers/STM32U5xx_HAL_Driver/Src/stm32u5xx_hal_pcd.c:2059:10:HAL_PCD_EP_GetRxCount	0	static
../Drivers/STM32U5xx_HAL_Driver/Src/stm32u5xx_hal_pcd.c:2071:19:HAL_PCD_EP_Transmit	16	static
../Drivers/STM32U5xx_HAL_Driver/Src/stm32u5xx_hal_pcd.c:2108:19:HAL_PCD_EP_SetStall	16	static
../Drivers/STM32U5xx_HAL_Driver/Src/stm32u5xx_hal_pcd.c:2153:19:HAL_PCD_EP_ClrStall	16	static
../Drivers/STM32U5xx_HAL_Driver/Src/stm32u5xx_hal_pcd.c:2189:19:HAL_PCD_EP_Abort	0	static
../Drivers/STM32U5xx_HAL_Driver/Src/stm32u5xx_hal_pcd.c:2215:19:HAL_PCD_EP_Flush	0	static
../Drivers/STM32U5xx_HAL_Driver/Src/stm32u5xx_hal_pcd.c:2244:19:HAL_PCD_ActivateRemoteWakeup	0	static
../Drivers/STM32U5xx_HAL_Driver/Src/stm32u5xx_hal_pcd.c:2254:19:HAL_PCD_DeActivateRemoteWakeup	0	static
../Drivers/STM32U5xx_HAL_Driver/Src/stm32u5xx_hal_pcd.c:2283:18:HAL_PCD_GetState	0	static
