Archive member included to satisfy reference by file (symbol)

/opt/st/stm32cubeide_1.18.1/plugins/com.st.stm32cube.ide.mcu.externaltools.gnu-tools-for-stm32.13.3.rel1.linux64_1.0.0.202410170706/tools/bin/../lib/gcc/arm-none-eabi/13.3.1/../../../../arm-none-eabi/lib/thumb/v8-m.main+fp/hard/libc_nano.a(libc_a-exit.o)
                              /opt/st/stm32cubeide_1.18.1/plugins/com.st.stm32cube.ide.mcu.externaltools.gnu-tools-for-stm32.13.3.rel1.linux64_1.0.0.202410170706/tools/bin/../lib/gcc/arm-none-eabi/13.3.1/../../../../arm-none-eabi/lib/thumb/v8-m.main+fp/hard/crt0.o (exit)
/opt/st/stm32cubeide_1.18.1/plugins/com.st.stm32cube.ide.mcu.externaltools.gnu-tools-for-stm32.13.3.rel1.linux64_1.0.0.202410170706/tools/bin/../lib/gcc/arm-none-eabi/13.3.1/../../../../arm-none-eabi/lib/thumb/v8-m.main+fp/hard/libc_nano.a(libc_a-findfp.o)
                              /opt/st/stm32cubeide_1.18.1/plugins/com.st.stm32cube.ide.mcu.externaltools.gnu-tools-for-stm32.13.3.rel1.linux64_1.0.0.202410170706/tools/bin/../lib/gcc/arm-none-eabi/13.3.1/../../../../arm-none-eabi/lib/thumb/v8-m.main+fp/hard/libc_nano.a(libc_a-exit.o) (__stdio_exit_handler)
/opt/st/stm32cubeide_1.18.1/plugins/com.st.stm32cube.ide.mcu.externaltools.gnu-tools-for-stm32.13.3.rel1.linux64_1.0.0.202410170706/tools/bin/../lib/gcc/arm-none-eabi/13.3.1/../../../../arm-none-eabi/lib/thumb/v8-m.main+fp/hard/libc_nano.a(libc_a-fwalk.o)
                              /opt/st/stm32cubeide_1.18.1/plugins/com.st.stm32cube.ide.mcu.externaltools.gnu-tools-for-stm32.13.3.rel1.linux64_1.0.0.202410170706/tools/bin/../lib/gcc/arm-none-eabi/13.3.1/../../../../arm-none-eabi/lib/thumb/v8-m.main+fp/hard/libc_nano.a(libc_a-findfp.o) (_fwalk_sglue)
/opt/st/stm32cubeide_1.18.1/plugins/com.st.stm32cube.ide.mcu.externaltools.gnu-tools-for-stm32.13.3.rel1.linux64_1.0.0.202410170706/tools/bin/../lib/gcc/arm-none-eabi/13.3.1/../../../../arm-none-eabi/lib/thumb/v8-m.main+fp/hard/libc_nano.a(libc_a-sprintf.o)
                              ./Core/Src/lsm6dsl.o (sprintf)
/opt/st/stm32cubeide_1.18.1/plugins/com.st.stm32cube.ide.mcu.externaltools.gnu-tools-for-stm32.13.3.rel1.linux64_1.0.0.202410170706/tools/bin/../lib/gcc/arm-none-eabi/13.3.1/../../../../arm-none-eabi/lib/thumb/v8-m.main+fp/hard/libc_nano.a(libc_a-stdio.o)
                              /opt/st/stm32cubeide_1.18.1/plugins/com.st.stm32cube.ide.mcu.externaltools.gnu-tools-for-stm32.13.3.rel1.linux64_1.0.0.202410170706/tools/bin/../lib/gcc/arm-none-eabi/13.3.1/../../../../arm-none-eabi/lib/thumb/v8-m.main+fp/hard/libc_nano.a(libc_a-findfp.o) (__sread)
/opt/st/stm32cubeide_1.18.1/plugins/com.st.stm32cube.ide.mcu.externaltools.gnu-tools-for-stm32.13.3.rel1.linux64_1.0.0.202410170706/tools/bin/../lib/gcc/arm-none-eabi/13.3.1/../../../../arm-none-eabi/lib/thumb/v8-m.main+fp/hard/libc_nano.a(libc_a-memset.o)
                              /opt/st/stm32cubeide_1.18.1/plugins/com.st.stm32cube.ide.mcu.externaltools.gnu-tools-for-stm32.13.3.rel1.linux64_1.0.0.202410170706/tools/bin/../lib/gcc/arm-none-eabi/13.3.1/../../../../arm-none-eabi/lib/thumb/v8-m.main+fp/hard/crt0.o (memset)
/opt/st/stm32cubeide_1.18.1/plugins/com.st.stm32cube.ide.mcu.externaltools.gnu-tools-for-stm32.13.3.rel1.linux64_1.0.0.202410170706/tools/bin/../lib/gcc/arm-none-eabi/13.3.1/../../../../arm-none-eabi/lib/thumb/v8-m.main+fp/hard/libc_nano.a(libc_a-closer.o)
                              /opt/st/stm32cubeide_1.18.1/plugins/com.st.stm32cube.ide.mcu.externaltools.gnu-tools-for-stm32.13.3.rel1.linux64_1.0.0.202410170706/tools/bin/../lib/gcc/arm-none-eabi/13.3.1/../../../../arm-none-eabi/lib/thumb/v8-m.main+fp/hard/libc_nano.a(libc_a-stdio.o) (_close_r)
/opt/st/stm32cubeide_1.18.1/plugins/com.st.stm32cube.ide.mcu.externaltools.gnu-tools-for-stm32.13.3.rel1.linux64_1.0.0.202410170706/tools/bin/../lib/gcc/arm-none-eabi/13.3.1/../../../../arm-none-eabi/lib/thumb/v8-m.main+fp/hard/libc_nano.a(libc_a-reent.o)
                              /opt/st/stm32cubeide_1.18.1/plugins/com.st.stm32cube.ide.mcu.externaltools.gnu-tools-for-stm32.13.3.rel1.linux64_1.0.0.202410170706/tools/bin/../lib/gcc/arm-none-eabi/13.3.1/../../../../arm-none-eabi/lib/thumb/v8-m.main+fp/hard/libc_nano.a(libc_a-closer.o) (errno)
/opt/st/stm32cubeide_1.18.1/plugins/com.st.stm32cube.ide.mcu.externaltools.gnu-tools-for-stm32.13.3.rel1.linux64_1.0.0.202410170706/tools/bin/../lib/gcc/arm-none-eabi/13.3.1/../../../../arm-none-eabi/lib/thumb/v8-m.main+fp/hard/libc_nano.a(libc_a-impure.o)
                              /opt/st/stm32cubeide_1.18.1/plugins/com.st.stm32cube.ide.mcu.externaltools.gnu-tools-for-stm32.13.3.rel1.linux64_1.0.0.202410170706/tools/bin/../lib/gcc/arm-none-eabi/13.3.1/../../../../arm-none-eabi/lib/thumb/v8-m.main+fp/hard/libc_nano.a(libc_a-sprintf.o) (_impure_ptr)
[...]
Memory Configuration

Name             Origin             Length             Attributes
RAM              0x20000000         0x00040000         xrw
SRAM4            0x28000000         0x00004000         xrw
FLASH            0x08000000         0x00080000         xr
*default*        0x00000000         0xffffffff

Linker script and memory map

LOAD /opt/st/stm32cubeide_1.18.1/plugins/com.st.stm32cube.ide.mcu.externaltools.gnu-tools-for-stm32.13.3.rel1.linux64_1.0.0.202410170706/tools/bin/../lib/gcc/arm-none-eabi/13.3.1/thumb/v8-m.main+fp/hard/crti.o
LOAD /opt/st/stm32cubeide_1.18.1/plugins/com.st.stm32cube.ide.mcu.externaltools.gnu-tools-for-stm32.13.3.rel1.linux64_1.0.0.202410170706/tools/bin/../lib/gcc/arm-none-eabi/13.3.1/thumb/v8-m.main+fp/hard/crtbegin.o
LOAD /opt/st/stm32cubeide_1.18.1/plugins/com.st.stm32cube.ide.mcu.externaltools.gnu-tools-for-stm32.13.3.rel1.linux64_1.0.0.202410170706/tools/bin/../lib/gcc/arm-none-eabi/13.3.1/../../../../arm-none-eabi/lib/thumb/v8-m.main+fp/hard/crt0.o
LOAD ./Core/Src/fileio.o
LOAD ./Core/Src/logging.o
LOAD ./Core/Src/lsm6dsl.o
LOAD ./Core/Src/main.o
LOAD ./Core/Src/ms5607.o
LOAD ./Core/Src/stm32u5xx_hal_msp.o
LOAD ./Core/Src/stm32u5xx_it.o
LOAD ./Core/Src/syscalls.o
LOAD ./Core/Src/sysmem.o
LOAD ./Core/Src/system_stm32u5xx.o
LOAD ./Core/Startup/startup_stm32u545retxq.o
LOAD ./Drivers/STM32U5xx_HAL_Driver/Src/stm32u5xx_hal.o
LOAD ./Drivers/STM32U5xx_HAL_Driver/Src/stm32u5xx_hal_adc.o
LOAD ./Drivers/STM32U5xx_HAL_Driver/Src/stm32u5xx_hal_adc_ex.o
LOAD ./Drivers/STM32U5xx_HAL_Driver/Src/stm32u5xx_hal_cortex.o
LOAD ./Drivers/STM32U5xx_HAL_Driver/Src/stm32u5xx_hal_dma.o
LOAD ./Drivers/STM32U5xx_HAL_Driver/Src/stm32u5xx_hal_dma_ex.o
LOAD ./Drivers/STM32U5xx_HAL_Driver/Src/stm32u5xx_hal_exti.o
LOAD ./Drivers/STM32U5xx_HAL_Driver/Src/stm32u5xx_hal_flash.o
LOAD ./Drivers/STM32U5xx_HAL_Driver/Src/stm32u5xx_hal_flash_ex.o
LOAD ./Drivers/STM32U5xx_HAL_Driver/Src/stm32u5xx_hal_gpio.o
LOAD ./Drivers/STM32U5xx_HAL_Driver/Src/stm32u5xx_hal_gtzc.o
LOAD ./Drivers/STM32U5xx_HAL_Driver/Src/stm32u5xx_hal_i2c.o
LOAD ./Drivers/STM32U5xx_HAL_Driver/Src/stm32u5xx_hal_i2c_ex.o
LOAD ./Drivers/STM32U5xx_HAL_Driver/Src/stm32u5xx_hal_icache.o
LOAD ./Drivers/STM32U5xx_HAL_Driver/Src/stm32u5xx_hal_mmc.o
LOAD ./Drivers/STM32U5xx_HAL_Driver/Src/stm32u5xx_hal_mmc_ex.o
LOAD ./Drivers/STM32U5xx_HAL_Driver/Src/stm32u5xx_hal_pwr.o
LOAD ./Drivers/STM32U5xx_HAL_Driver/Src/stm32u5xx_hal_pwr_ex.o
LOAD ./Drivers/STM32U5xx_HAL_Driver/Src/stm32u5xx_hal_rcc.o
LOAD ./Drivers/STM32U5xx_HAL_Driver/Src/stm32u5xx_hal_rcc_ex.o
LOAD ./Drivers/STM32U5xx_HAL_Driver/Src/stm32u5xx_hal_sd.o
LOAD ./Drivers/STM32U5xx_HAL_Driver/Src/stm32u5xx_hal_sd_ex.o
LOAD ./Drivers/STM32U5xx_HAL_Driver/Src/stm32u5xx_hal_sdio.o
LOAD ./Drivers/STM32U5xx_HAL_Driver/Src/stm32u5xx_hal_spi.o
LOAD ./Drivers/STM32U5xx_HAL_Driver/Src/stm32u5xx_hal_spi_ex.o
LOAD ./Drivers/STM32U5xx_HAL_Driver/Src/stm32u5xx_hal_tim.o
LOAD ./Drivers/STM32U5xx_HAL_Driver/Src/stm32u5xx_hal_tim_ex.o
LOAD ./Drivers/STM32U5xx_HAL_Driver/Src/stm32u5xx_ll_dlyb.o
LOAD ./Drivers/STM32U5xx_HAL_Driver/Src/stm32u5xx_ll_sdmmc.o
LOAD ./FATFS/App/fatfs.o
LOAD ./FATFS/Target/bsp_driver_sd.o
LOAD ./FATFS/Target/sd_diskio.o
LOAD ./Libraries/Third_Party/FatFs/src/diskio.o
LOAD ./Libraries/Third_Party/FatFs/src/ff.o
LOAD ./Libraries/Third_Party/FatFs/src/ff_gen_drv.o
START GROUP
LOAD /opt/st/stm32cubeide_1.18.1/plugins/com.st.stm32cube.ide.mcu.externaltools.gnu-tools-for-stm32.13.3.rel1.linux64_1.0.0.202410170706/tools/bin/../lib/gcc/arm-none-eabi/13.3.1/../../../../arm-none-eabi/lib/thumb/v8-m.main+fp/hard/libc_nano.a
LOAD /opt/st/stm32cubeide_1.18.1/plugins/com.st.stm32cube.ide.mcu.externaltools.gnu-tools-for-stm32.13.3.rel1.linux64_1.0.0.202410170706/tools/bin/../lib/gcc/arm-none-eabi/13.3.1/../../../../arm-none-eabi/lib/thumb/v8-m.main+fp/hard/libm.a
END GROUP
START GROUP
LOAD /opt/st/stm32cubeide_1.18.1/plugins/com.st.stm32cube.ide.mcu.externaltools.gnu-tools-for-stm32.13.3.rel1.linux64_1.0.0.202410170706/tools/bin/../lib/gcc/arm-none-eabi/13.3.1/thumb/v8-m.main+fp/hard/libgcc.a
LOAD /opt/st/stm32cubeide_1.18.1/plugins/com.st.stm32cube.ide.mcu.externaltools.gnu-tools-for-stm32.13.3.rel1.linux64_1.0.0.202410170706/tools/bin/../lib/gcc/arm-none-eabi/13.3.1/../../../../arm-none-eabi/lib/thumb/v8-m.main+fp/hard/libc_nano.a
END GROUP
START GROUP
LOAD /opt/st/stm32cubeide_1.18.1/plugins/com.st.stm32cube.ide.mcu.externaltools.gnu-tools-for-stm32.13.3.rel1.linux64_1.0.0.202410170706/tools/bin/../lib/gcc/arm-none-eabi/13.3.1/thumb/v8-m.main+fp/hard/libgcc.a
LOAD /opt/st/stm32cubeide_1.18.1/plugins/com.st.stm32cube.ide.mcu.externaltools.gnu-tools-for-stm32.13.3.rel1.linux64_1.0.0.202410170706/tools/bin/../lib/gcc/arm-none-eabi/13.3.1/../../../../arm-none-eabi/lib/thumb/v8-m.main+fp/hard/libc_nano.a
LOAD /opt/st/stm32cubeide_1.18.1/plugins/com.st.stm32cube.ide.mcu.externaltools.gnu-tools-for-stm32.13.3.rel1.linux64_1.0.0.202410170706/tools/bin/../lib/gcc/arm-none-eabi/13.3.1/../../../../arm-none-eabi/lib/thumb/v8-m.main+fp/hard/libnosys.a
END GROUP
START GROUP
LOAD /opt/st/stm32cubeide_1.18.1/plugins/com.st.stm32cube.ide.mcu.externaltools.gnu-tools-for-stm32.13.3.rel1.linux64_1.0.0.202410170706/tools/bin/../lib/gcc/arm-none-eabi/13.3.1/thumb/v8-m.main+fp/hard/libgcc.a
LOAD /opt/st/stm32cubeide_1.18.1/plugins/com.st.stm32cube.ide.mcu.externaltools.gnu-tools-for-stm32.13.3.rel1.linux64_1.0.0.202410170706/tools/bin/../lib/gcc/arm-none-eabi/13.3.1/../../../../arm-none-eabi/lib/thumb/v8-m.main+fp/hard/libc_nano.a
LOAD /opt/st/stm32cubeide_1.18.1/plugins/com.st.stm32cube.ide.mcu.externaltools.gnu-tools-for-stm32.13.3.rel1.linux64_1.0.0.202410170706/tools/bin/../lib/gcc/arm-none-eabi/13.3.1/../../../../arm-none-eabi/lib/thumb/v8-m.main+fp/hard/libnosys.a
END GROUP
LOAD /opt/st/stm32cubeide_1.18.1/plugins/com.st.stm32cube.ide.mcu.externaltools.gnu-tools-for-stm32.13.3.rel1.linux64_1.0.0.202410170706/tools/bin/../lib/gcc/arm-none-eabi/13.3.1/thumb/v8-m.main+fp/hard/crtend.o
LOAD /opt/st/stm32cubeide_1.18.1/plugins/com.st.stm32cube.ide.mcu.externaltools.gnu-tools-for-stm32.13.3.rel1.linux64_1.0.0.202410170706/tools/bin/../lib/gcc/arm-none-eabi/13.3.1/thumb/v8-m.main+fp/hard/crtn.o
                0x20040000                        _estack = (ORIGIN (RAM) + LENGTH (RAM))
                0x00000200                        _Min_Heap_Size = 0x200
                0x00000400                        _Min_Stack_Size = 0x400

.isr_vector     0x08000000      0x238
 *(.isr_vector)
 .isr_vector    0x08000000      0x238 ./Core/Startup/startup_stm32u545retxq.o
                0x08000000                g_pfnVectors

.text           0x08000238     0xdf68
 *(.text)
 .text          0x08000238       0x40 /opt/st/stm32cubeide_1.18.1/plugins/com.st.stm32cube.ide.mcu.externaltools.gnu-tools-for-stm32.13.3.rel1.linux64_1.0.0.202410170706/tools/bin/../lib/gcc/arm-none-eabi/13.3.1/thumb/v8-m.main+fp/hard/crtbegin.o
 *(.text*)
 .text.f_open_append
                0x08000278       0x44 ./Core/Src/fileio.o
                0x08000278                f_open_append
 .text.log_init
                0x080002bc       0x1c ./Core/Src/logging.o
                0x080002bc                log_init
 .text.log_status
                0x080002d8       0x38 ./Core/Src/logging.o
                0x080002d8                log_status
 .text.LSM6DSL_config
                0x08000310      0x114 ./Core/Src/lsm6dsl.o
                0x08000310                LSM6DSL_config
 .text.main     0x08000424      0x1fc ./Core/Src/main.o
                0x08000424                main
 .text.SystemClock_Config
                0x08000620       0xa4 ./Core/Src/main.o
                0x08000620                SystemClock_Config
 .text.MX_ADC1_Init
                0x080006c4       0xe0 ./Core/Src/main.o
 .text.MX_SPI1_Init
                0x080007a4       0xdc ./Core/Src/main.o
 .text.MX_SPI2_Init
                0x08000880       0xdc ./Core/Src/main.o
 .text.MX_TIM16_Init
                0x0800095c       0x58 ./Core/Src/main.o
 .text.MX_GPIO_Init
                0x080009b4      0x158 ./Core/Src/main.o
 .text.HAL_TIM_PeriodElapsedCallback
                0x08000b0c       0x28 ./Core/Src/main.o
                0x08000b0c                HAL_TIM_PeriodElapsedCallback
 .text.Error_Handler
                0x08000b34        0xc ./Core/Src/main.o
                0x08000b34                Error_Handler
 .text.MS5607_config
                0x08000b40       0xac ./Core/Src/ms5607.o
                0x08000b40                MS5607_config
 .text.MS5607_init
                0x08000bec       0x50 ./Core/Src/ms5607.o
                0x08000bec                MS5607_init
 .text.MS5607_readProm
                0x08000c3c       0x8c ./Core/Src/ms5607.o
                0x08000c3c                MS5607_readProm
 .text.MS5607_getCompValues
                0x08000cc8      0x4f8 ./Core/Src/ms5607.o
                0x08000cc8                MS5607_getCompValues
 .text.MS5607_readUncompPres
                0x080011c0       0x40 ./Core/Src/ms5607.o
                0x080011c0                MS5607_readUncompPres
 .text.MS5607_readUncompTemp
                0x08001200       0x40 ./Core/Src/ms5607.o
                0x08001200                MS5607_readUncompTemp
 .text.MS5607_readADC
                0x08001240       0x58 ./Core/Src/ms5607.o
                0x08001240                MS5607_readADC
 .text.MS5607_enable
                0x08001298       0x20 ./Core/Src/ms5607.o
                0x08001298                MS5607_enable
 .text.MS5607_disable
                0x080012b8       0x20 ./Core/Src/ms5607.o
                0x080012b8                MS5607_disable
 .text.MS5607_TimerCallback
                0x080012d8       0x44 ./Core/Src/ms5607.o
                0x080012d8                MS5607_TimerCallback
 .text.MS5607_getMeasurementDelay
                0x0800131c       0x18 ./Core/Src/ms5607.o
                0x0800131c                MS5607_getMeasurementDelay
 .text.MS5607_getState
                0x08001334       0x18 ./Core/Src/ms5607.o
                0x08001334                MS5607_getState
 .text.HAL_MspInit
                0x0800134c       0x34 ./Core/Src/stm32u5xx_hal_msp.o
                0x0800134c                HAL_MspInit
 .text.HAL_ADC_MspInit
                0x08001380      0x108 ./Core/Src/stm32u5xx_hal_msp.o
                0x08001380                HAL_ADC_MspInit
 .text.HAL_SD_MspInit
                0x08001488      0x154 ./Core/Src/stm32u5xx_hal_msp.o
                0x08001488                HAL_SD_MspInit
 .text.HAL_SPI_MspInit
                0x080015dc      0x1f0 ./Core/Src/stm32u5xx_hal_msp.o
                0x080015dc                HAL_SPI_MspInit
 .text.HAL_TIM_Base_MspInit
                0x080017cc       0x50 ./Core/Src/stm32u5xx_hal_msp.o
                0x080017cc                HAL_TIM_Base_MspInit
 .text.NMI_Handler
                0x0800181c        0x8 ./Core/Src/stm32u5xx_it.o
                0x0800181c                NMI_Handler
 .text.HardFault_Handler
                0x08001824        0x8 ./Core/Src/stm32u5xx_it.o
                0x08001824                HardFault_Handler
 .text.MemManage_Handler
                0x0800182c        0x8 ./Core/Src/stm32u5xx_it.o
                0x0800182c                MemManage_Handler
 .text.BusFault_Handler
                0x08001834        0x8 ./Core/Src/stm32u5xx_it.o
                0x08001834                BusFault_Handler
 .text.UsageFault_Handler
                0x0800183c        0x8 ./Core/Src/stm32u5xx_it.o
                0x0800183c                UsageFault_Handler
 .text.SVC_Handler
                0x08001844        0xe ./Core/Src/stm32u5xx_it.o
                0x08001844                SVC_Handler
 .text.DebugMon_Handler
                0x08001852        0xe ./Core/Src/stm32u5xx_it.o
                0x08001852                DebugMon_Handler
 .text.PendSV_Handler
                0x08001860        0xe ./Core/Src/stm32u5xx_it.o
                0x08001860                PendSV_Handler
 .text.SysTick_Handler
                0x0800186e        0xc ./Core/Src/stm32u5xx_it.o
                0x0800186e                SysTick_Handler
 *fill*         0x0800187a        0x2 
 .text.TIM16_IRQHandler
                0x0800187c       0x14 ./Core/Src/stm32u5xx_it.o
                0x0800187c                TIM16_IRQHandler
 .text.SystemInit
                0x08001890       0x70 ./Core/Src/system_stm32u5xx.o
                0x08001890                SystemInit
 .text.Reset_Handler
                0x08001900       0x50 ./Core/Startup/startup_stm32u545retxq.o
                0x08001900                Reset_Handler
 .text.Default_Handler
                0x08001950        0x2 ./Core/Startup/startup_stm32u545retxq.o
                0x08001950                EXTI2_IRQHandler
                0x08001950                TIM8_TRG_COM_IRQHandler
                0x08001950                TIM8_CC_IRQHandler
                0x08001950                EXTI5_IRQHandler
                0x08001950                FLASH_S_IRQHandler
                0x08001950                EXTI13_IRQHandler
                0x08001950                TIM1_CC_IRQHandler
                0x08001950                TSC_IRQHandler
                0x08001950                TAMP_IRQHandler
                0x08001950                TIM6_IRQHandler
                0x08001950                EXTI12_IRQHandler
                0x08001950                CORDIC_IRQHandler
                0x08001950                EXTI3_IRQHandler
                0x08001950                LPTIM4_IRQHandler
                0x08001950                GPDMA1_Channel5_IRQHandler
                0x08001950                EXTI8_IRQHandler
                0x08001950                LPTIM2_IRQHandler
                0x08001950                I2C3_ER_IRQHandler
                0x08001950                PWR_S3WU_IRQHandler
                0x08001950                LPDMA1_Channel3_IRQHandler
                0x08001950                LPTIM3_IRQHandler
                0x08001950                EXTI0_IRQHandler
                0x08001950                I2C2_EV_IRQHandler
                0x08001950                FPU_IRQHandler
                0x08001950                GPDMA1_Channel3_IRQHandler
                0x08001950                GPDMA1_Channel7_IRQHandler
                0x08001950                FDCAN1_IT1_IRQHandler
                0x08001950                RAMCFG_IRQHandler
                0x08001950                GPDMA1_Channel9_IRQHandler
                0x08001950                DCACHE1_IRQHandler
                0x08001950                SPI1_IRQHandler
                0x08001950                OCTOSPI1_IRQHandler
                0x08001950                GPDMA1_Channel2_IRQHandler
                0x08001950                TIM8_UP_IRQHandler
                0x08001950                RCC_S_IRQHandler
                0x08001950                MDF1_FLT1_IRQHandler
                0x08001950                ADC1_IRQHandler
                0x08001950                PKA_IRQHandler
                0x08001950                EXTI15_IRQHandler
                0x08001950                TIM17_IRQHandler
                0x08001950                USART3_IRQHandler
                0x08001950                RTC_IRQHandler
                0x08001950                EXTI9_IRQHandler
                0x08001950                UART5_IRQHandler
                0x08001950                TIM4_IRQHandler
                0x08001950                I2C1_EV_IRQHandler
                0x08001950                GPDMA1_Channel12_IRQHandler
                0x08001950                GPDMA1_Channel1_IRQHandler
                0x08001950                GPDMA1_Channel15_IRQHandler
                0x08001950                UART4_IRQHandler
                0x08001950                SecureFault_Handler
                0x08001950                TIM3_IRQHandler
                0x08001950                RCC_IRQHandler
                0x08001950                TIM1_TRG_COM_IRQHandler
                0x08001950                Default_Handler
                0x08001950                GPDMA1_Channel8_IRQHandler
                0x08001950                FMAC_IRQHandler
                0x08001950                OTFDEC1_IRQHandler
                0x08001950                GPDMA1_Channel11_IRQHandler
                0x08001950                TIM7_IRQHandler
                0x08001950                SDMMC1_IRQHandler
                0x08001950                SAES_IRQHandler
                0x08001950                TIM5_IRQHandler
                0x08001950                GPDMA1_Channel0_IRQHandler
                0x08001950                TIM15_IRQHandler
                0x08001950                I2C3_EV_IRQHandler
                0x08001950                USB_IRQHandler
                0x08001950                LPDMA1_Channel0_IRQHandler
                0x08001950                PVD_PVM_IRQHandler
                0x08001950                SPI2_IRQHandler
                0x08001950                LPDMA1_Channel1_IRQHandler
                0x08001950                EXTI14_IRQHandler
                0x08001950                EXTI11_IRQHandler
                0x08001950                CRS_IRQHandler
                0x08001950                GPDMA1_Channel14_IRQHandler
                0x08001950                LSECSSD_IRQHandler
                0x08001950                EXTI4_IRQHandler
                0x08001950                RTC_S_IRQHandler
                0x08001950                GPDMA1_Channel13_IRQHandler
                0x08001950                RNG_IRQHandler
                0x08001950                COMP_IRQHandler
                0x08001950                TIM1_UP_IRQHandler
                0x08001950                ADC4_IRQHandler
                0x08001950                WWDG_IRQHandler
                0x08001950                I2C4_EV_IRQHandler
                0x08001950                ADF1_IRQHandler
                0x08001950                IWDG_IRQHandler
                0x08001950                LPUART1_IRQHandler
                0x08001950                MDF1_FLT0_IRQHandler
                0x08001950                FDCAN1_IT0_IRQHandler
                0x08001950                TIM2_IRQHandler
                0x08001950                GPDMA1_Channel4_IRQHandler
                0x08001950                EXTI7_IRQHandler
                0x08001950                TIM1_BRK_IRQHandler
                0x08001950                EXTI1_IRQHandler
                0x08001950                AES_IRQHandler
                0x08001950                DAC1_IRQHandler
                0x08001950                GTZC_IRQHandler
                0x08001950                GPDMA1_Channel6_IRQHandler
                0x08001950                I2C2_ER_IRQHandler
                0x08001950                TIM8_BRK_IRQHandler
                0x08001950                FLASH_IRQHandler
                0x08001950                USART1_IRQHandler
                0x08001950                EXTI10_IRQHandler
                0x08001950                SPI3_IRQHandler
                0x08001950                LPDMA1_Channel2_IRQHandler
                0x08001950                I2C1_ER_IRQHandler
                0x08001950                EXTI6_IRQHandler
                0x08001950                LPTIM1_IRQHandler
                0x08001950                DCMI_PSSI_IRQHandler
                0x08001950                I2C4_ER_IRQHandler
                0x08001950                GPDMA1_Channel10_IRQHandler
                0x08001950                ICACHE_IRQHandler
                0x08001950                SAI1_IRQHandler
                0x08001950                HASH_IRQHandler
 *fill*         0x08001952        0x2 
 .text.HAL_Init
                0x08001954       0x60 ./Drivers/STM32U5xx_HAL_Driver/Src/stm32u5xx_hal.o
                0x08001954                HAL_Init
 .text.HAL_InitTick
                0x080019b4       0xec ./Drivers/STM32U5xx_HAL_Driver/Src/stm32u5xx_hal.o
                0x080019b4                HAL_InitTick
 .text.HAL_IncTick
                0x08001aa0       0x28 ./Drivers/STM32U5xx_HAL_Driver/Src/stm32u5xx_hal.o
                0x08001aa0                HAL_IncTick
 .text.HAL_GetTick
                0x08001ac8       0x18 ./Drivers/STM32U5xx_HAL_Driver/Src/stm32u5xx_hal.o
                0x08001ac8                HAL_GetTick
 .text.HAL_Delay
                0x08001ae0       0x48 ./Drivers/STM32U5xx_HAL_Driver/Src/stm32u5xx_hal.o
                0x08001ae0                HAL_Delay
 .text.HAL_GetREVID
                0x08001b28       0x1c ./Drivers/STM32U5xx_HAL_Driver/Src/stm32u5xx_hal.o
                0x08001b28                HAL_GetREVID
 .text.LL_ADC_SetCommonClock
                0x08001b44       0x26 ./Drivers/STM32U5xx_HAL_Driver/Src/stm32u5xx_hal_adc.o
 .text.LL_ADC_SetCommonPathInternalCh
                0x08001b6a       0x26 ./Drivers/STM32U5xx_HAL_Driver/Src/stm32u5xx_hal_adc.o
 .text.LL_ADC_GetCommonPathInternalCh
                0x08001b90       0x1c ./Drivers/STM32U5xx_HAL_Driver/Src/stm32u5xx_hal_adc.o
 .text.LL_ADC_SetResolution
                0x08001bac       0x40 ./Drivers/STM32U5xx_HAL_Driver/Src/stm32u5xx_hal_adc.o
 .text.LL_ADC_SetOffset
                0x08001bec       0x42 ./Drivers/STM32U5xx_HAL_Driver/Src/stm32u5xx_hal_adc.o
 .text.LL_ADC_GetOffsetChannel
                0x08001c2e       0x58 ./Drivers/STM32U5xx_HAL_Driver/Src/stm32u5xx_hal_adc.o
 .text.LL_ADC_SetOffsetSign
                0x08001c86       0x36 ./Drivers/STM32U5xx_HAL_Driver/Src/stm32u5xx_hal_adc.o
 .text.LL_ADC_SetOffsetSignedSaturation
                0x08001cbc       0x36 ./Drivers/STM32U5xx_HAL_Driver/Src/stm32u5xx_hal_adc.o
 .text.LL_ADC_SetOffsetUnsignedSaturation
                0x08001cf2       0x36 ./Drivers/STM32U5xx_HAL_Driver/Src/stm32u5xx_hal_adc.o
 .text.LL_ADC_SetGainCompensation
                0x08001d28       0x46 ./Drivers/STM32U5xx_HAL_Driver/Src/stm32u5xx_hal_adc.o
 .text.LL_ADC_SetSamplingTimeCommonChannels
                0x08001d6e       0x3e ./Drivers/STM32U5xx_HAL_Driver/Src/stm32u5xx_hal_adc.o
 .text.LL_ADC_REG_SetSequencerRanks
                0x08001dac       0xc0 ./Drivers/STM32U5xx_HAL_Driver/Src/stm32u5xx_hal_adc.o
 .text.LL_ADC_REG_SetSequencerChAdd
                0x08001e6c       0x66 ./Drivers/STM32U5xx_HAL_Driver/Src/stm32u5xx_hal_adc.o
 .text.LL_ADC_REG_SetSequencerChRem
                0x08001ed2       0x30 ./Drivers/STM32U5xx_HAL_Driver/Src/stm32u5xx_hal_adc.o
 *fill*         0x08001f02        0x2 
 .text.LL_ADC_SetChannelSamplingTime
                0x08001f04       0xc8 ./Drivers/STM32U5xx_HAL_Driver/Src/stm32u5xx_hal_adc.o
 .text.LL_ADC_SetChannelSingleDiff
                0x08001fcc       0x48 ./Drivers/STM32U5xx_HAL_Driver/Src/stm32u5xx_hal_adc.o
 .text.LL_ADC_DisableDeepPowerDown
                0x08002014       0x24 ./Drivers/STM32U5xx_HAL_Driver/Src/stm32u5xx_hal_adc.o
 .text.LL_ADC_IsDeepPowerDownEnabled
                0x08002038       0x28 ./Drivers/STM32U5xx_HAL_Driver/Src/stm32u5xx_hal_adc.o
 .text.LL_ADC_EnableInternalRegulator
                0x08002060       0x28 ./Drivers/STM32U5xx_HAL_Driver/Src/stm32u5xx_hal_adc.o
 .text.LL_ADC_IsInternalRegulatorEnabled
                0x08002088       0x28 ./Drivers/STM32U5xx_HAL_Driver/Src/stm32u5xx_hal_adc.o
 .text.LL_ADC_IsEnabled
                0x080020b0       0x26 ./Drivers/STM32U5xx_HAL_Driver/Src/stm32u5xx_hal_adc.o
 .text.LL_ADC_REG_IsConversionOngoing
                0x080020d6       0x26 ./Drivers/STM32U5xx_HAL_Driver/Src/stm32u5xx_hal_adc.o
 .text.LL_ADC_INJ_IsConversionOngoing
                0x080020fc       0x26 ./Drivers/STM32U5xx_HAL_Driver/Src/stm32u5xx_hal_adc.o
 *fill*         0x08002122        0x2 
 .text.HAL_ADC_Init
                0x08002124      0x594 ./Drivers/STM32U5xx_HAL_Driver/Src/stm32u5xx_hal_adc.o
                0x08002124                HAL_ADC_Init
 .text.HAL_ADC_ConfigChannel
                0x080026b8      0xd20 ./Drivers/STM32U5xx_HAL_Driver/Src/stm32u5xx_hal_adc.o
                0x080026b8                HAL_ADC_ConfigChannel
 .text.__NVIC_SetPriorityGrouping
                0x080033d8       0x48 ./Drivers/STM32U5xx_HAL_Driver/Src/stm32u5xx_hal_cortex.o
 .text.__NVIC_GetPriorityGrouping
                0x08003420       0x1c ./Drivers/STM32U5xx_HAL_Driver/Src/stm32u5xx_hal_cortex.o
 .text.__NVIC_EnableIRQ
                0x0800343c       0x3c ./Drivers/STM32U5xx_HAL_Driver/Src/stm32u5xx_hal_cortex.o
 .text.__NVIC_SetPriority
                0x08003478       0x54 ./Drivers/STM32U5xx_HAL_Driver/Src/stm32u5xx_hal_cortex.o
 .text.NVIC_EncodePriority
                0x080034cc       0x66 ./Drivers/STM32U5xx_HAL_Driver/Src/stm32u5xx_hal_cortex.o
 .text.HAL_NVIC_SetPriorityGrouping
                0x08003532       0x16 ./Drivers/STM32U5xx_HAL_Driver/Src/stm32u5xx_hal_cortex.o
                0x08003532                HAL_NVIC_SetPriorityGrouping
 .text.HAL_NVIC_SetPriority
                0x08003548       0x34 ./Drivers/STM32U5xx_HAL_Driver/Src/stm32u5xx_hal_cortex.o
                0x08003548                HAL_NVIC_SetPriority
 .text.HAL_NVIC_EnableIRQ
                0x0800357c       0x1c ./Drivers/STM32U5xx_HAL_Driver/Src/stm32u5xx_hal_cortex.o
                0x0800357c                HAL_NVIC_EnableIRQ
 .text.HAL_SYSTICK_Config
                0x08003598       0x44 ./Drivers/STM32U5xx_HAL_Driver/Src/stm32u5xx_hal_cortex.o
                0x08003598                HAL_SYSTICK_Config
 .text.HAL_SYSTICK_CLKSourceConfig
                0x080035dc       0xb0 ./Drivers/STM32U5xx_HAL_Driver/Src/stm32u5xx_hal_cortex.o
                0x080035dc                HAL_SYSTICK_CLKSourceConfig
 .text.HAL_SYSTICK_GetCLKSourceConfig
                0x0800368c       0x74 ./Drivers/STM32U5xx_HAL_Driver/Src/stm32u5xx_hal_cortex.o
                0x0800368c                HAL_SYSTICK_GetCLKSourceConfig
 .text.HAL_GPIO_Init
                0x08003700      0x3b0 ./Drivers/STM32U5xx_HAL_Driver/Src/stm32u5xx_hal_gpio.o
                0x08003700                HAL_GPIO_Init
 .text.HAL_GPIO_WritePin
                0x08003ab0       0x30 ./Drivers/STM32U5xx_HAL_Driver/Src/stm32u5xx_hal_gpio.o
                0x08003ab0                HAL_GPIO_WritePin
 .text.HAL_PWREx_ControlVoltageScaling
                0x08003ae0       0xfc ./Drivers/STM32U5xx_HAL_Driver/Src/stm32u5xx_hal_pwr_ex.o
                0x08003ae0                HAL_PWREx_ControlVoltageScaling
 .text.HAL_PWREx_GetVoltageRange
                0x08003bdc       0x1c ./Drivers/STM32U5xx_HAL_Driver/Src/stm32u5xx_hal_pwr_ex.o
                0x08003bdc                HAL_PWREx_GetVoltageRange
 .text.HAL_PWREx_EnableVddA
                0x08003bf8       0x20 ./Drivers/STM32U5xx_HAL_Driver/Src/stm32u5xx_hal_pwr_ex.o
                0x08003bf8                HAL_PWREx_EnableVddA
 .text.HAL_RCC_OscConfig
                0x08003c18      0xdb8 ./Drivers/STM32U5xx_HAL_Driver/Src/stm32u5xx_hal_rcc.o
                0x08003c18                HAL_RCC_OscConfig
 .text.HAL_RCC_ClockConfig
                0x080049d0      0x3e4 ./Drivers/STM32U5xx_HAL_Driver/Src/stm32u5xx_hal_rcc.o
                0x080049d0                HAL_RCC_ClockConfig
 .text.HAL_RCC_GetSysClockFreq
                0x08004db4      0x204 ./Drivers/STM32U5xx_HAL_Driver/Src/stm32u5xx_hal_rcc.o
                0x08004db4                HAL_RCC_GetSysClockFreq
 .text.HAL_RCC_GetHCLKFreq
                0x08004fb8       0x34 ./Drivers/STM32U5xx_HAL_Driver/Src/stm32u5xx_hal_rcc.o
                0x08004fb8                HAL_RCC_GetHCLKFreq
 .text.HAL_RCC_GetPCLK1Freq
                0x08004fec       0x28 ./Drivers/STM32U5xx_HAL_Driver/Src/stm32u5xx_hal_rcc.o
                0x08004fec                HAL_RCC_GetPCLK1Freq
 .text.HAL_RCC_GetPCLK2Freq
                0x08005014       0x28 ./Drivers/STM32U5xx_HAL_Driver/Src/stm32u5xx_hal_rcc.o
                0x08005014                HAL_RCC_GetPCLK2Freq
 .text.HAL_RCC_GetPCLK3Freq
                0x0800503c       0x28 ./Drivers/STM32U5xx_HAL_Driver/Src/stm32u5xx_hal_rcc.o
                0x0800503c                HAL_RCC_GetPCLK3Freq
 .text.RCC_SetFlashLatencyFromMSIRange
                0x08005064      0x10c ./Drivers/STM32U5xx_HAL_Driver/Src/stm32u5xx_hal_rcc.o
 .text.HAL_RCCEx_PeriphCLKConfig
                0x08005170      0xa7c ./Drivers/STM32U5xx_HAL_Driver/Src/stm32u5xx_hal_rcc_ex.o
                0x08005170                HAL_RCCEx_PeriphCLKConfig
 .text.HAL_RCCEx_GetPLL1ClockFreq
                0x08005bec      0x2b4 ./Drivers/STM32U5xx_HAL_Driver/Src/stm32u5xx_hal_rcc_ex.o
                0x08005bec                HAL_RCCEx_GetPLL1ClockFreq
 .text.HAL_RCCEx_GetPLL2ClockFreq
                0x08005ea0      0x2b4 ./Drivers/STM32U5xx_HAL_Driver/Src/stm32u5xx_hal_rcc_ex.o
                0x08005ea0                HAL_RCCEx_GetPLL2ClockFreq
 .text.HAL_RCCEx_GetPLL3ClockFreq
                0x08006154      0x2b4 ./Drivers/STM32U5xx_HAL_Driver/Src/stm32u5xx_hal_rcc_ex.o
                0x08006154                HAL_RCCEx_GetPLL3ClockFreq
 .text.HAL_RCCEx_GetPeriphCLKFreq
                0x08006408     0x1284 ./Drivers/STM32U5xx_HAL_Driver/Src/stm32u5xx_hal_rcc_ex.o
                0x08006408                HAL_RCCEx_GetPeriphCLKFreq
 .text.RCCEx_PLL2_Config
                0x0800768c      0x130 ./Drivers/STM32U5xx_HAL_Driver/Src/stm32u5xx_hal_rcc_ex.o
 .text.RCCEx_PLL3_Config
                0x080077bc      0x130 ./Drivers/STM32U5xx_HAL_Driver/Src/stm32u5xx_hal_rcc_ex.o
 .text.HAL_SD_Init
                0x080078ec      0x106 ./Drivers/STM32U5xx_HAL_Driver/Src/stm32u5xx_hal_sd.o
                0x080078ec                HAL_SD_Init
 *fill*         0x080079f2        0x2 
 .text.HAL_SD_InitCard
                0x080079f4      0x138 ./Drivers/STM32U5xx_HAL_Driver/Src/stm32u5xx_hal_sd.o
                0x080079f4                HAL_SD_InitCard
 .text.HAL_SD_ReadBlocks
                0x08007b2c      0x314 ./Drivers/STM32U5xx_HAL_Driver/Src/stm32u5xx_hal_sd.o
                0x08007b2c                HAL_SD_ReadBlocks
 .text.HAL_SD_WriteBlocks
                0x08007e40      0x31c ./Drivers/STM32U5xx_HAL_Driver/Src/stm32u5xx_hal_sd.o
                0x08007e40                HAL_SD_WriteBlocks
 .text.HAL_SD_GetCardCSD
                0x0800815c      0x348 ./Drivers/STM32U5xx_HAL_Driver/Src/stm32u5xx_hal_sd.o
                0x0800815c                HAL_SD_GetCardCSD
 .text.HAL_SD_GetCardStatus
                0x080084a4      0x17c ./Drivers/STM32U5xx_HAL_Driver/Src/stm32u5xx_hal_sd.o
                0x080084a4                HAL_SD_GetCardStatus
 .text.HAL_SD_GetCardInfo
                0x08008620       0x58 ./Drivers/STM32U5xx_HAL_Driver/Src/stm32u5xx_hal_sd.o
                0x08008620                HAL_SD_GetCardInfo
 .text.HAL_SD_ConfigWideBusOperation
                0x08008678      0x224 ./Drivers/STM32U5xx_HAL_Driver/Src/stm32u5xx_hal_sd.o
                0x08008678                HAL_SD_ConfigWideBusOperation
 .text.HAL_SD_GetCardState
                0x0800889c       0x40 ./Drivers/STM32U5xx_HAL_Driver/Src/stm32u5xx_hal_sd.o
                0x0800889c                HAL_SD_GetCardState
 .text.SD_InitCard
                0x080088dc      0x19c ./Drivers/STM32U5xx_HAL_Driver/Src/stm32u5xx_hal_sd.o
 .text.SD_PowerON
                0x08008a78      0x11c ./Drivers/STM32U5xx_HAL_Driver/Src/stm32u5xx_hal_sd.o
 .text.SD_SendSDStatus
                0x08008b94      0x1a0 ./Drivers/STM32U5xx_HAL_Driver/Src/stm32u5xx_hal_sd.o
 .text.SD_SendStatus
                0x08008d34       0x50 ./Drivers/STM32U5xx_HAL_Driver/Src/stm32u5xx_hal_sd.o
 .text.SD_WideBus_Enable
                0x08008d84       0x96 ./Drivers/STM32U5xx_HAL_Driver/Src/stm32u5xx_hal_sd.o
 .text.SD_WideBus_Disable
                0x08008e1a       0x96 ./Drivers/STM32U5xx_HAL_Driver/Src/stm32u5xx_hal_sd.o
 .text.SD_FindSCR
                0x08008eb0      0x1a0 ./Drivers/STM32U5xx_HAL_Driver/Src/stm32u5xx_hal_sd.o
 .text.HAL_SPI_Init
                0x08009050      0x22c ./Drivers/STM32U5xx_HAL_Driver/Src/stm32u5xx_hal_spi.o
                0x08009050                HAL_SPI_Init
 .text.HAL_SPI_Transmit
                0x0800927c      0x428 ./Drivers/STM32U5xx_HAL_Driver/Src/stm32u5xx_hal_spi.o
                0x0800927c                HAL_SPI_Transmit
 .text.HAL_SPI_Receive
                0x080096a4      0x534 ./Drivers/STM32U5xx_HAL_Driver/Src/stm32u5xx_hal_spi.o
                0x080096a4                HAL_SPI_Receive
 .text.SPI_CloseTransfer
                0x08009bd8      0x140 ./Drivers/STM32U5xx_HAL_Driver/Src/stm32u5xx_hal_spi.o
 .text.SPI_WaitOnFlagUntilTimeout
                0x08009d18       0x5c ./Drivers/STM32U5xx_HAL_Driver/Src/stm32u5xx_hal_spi.o
 .text.SPI_GetPacketSize
                0x08009d74       0x36 ./Drivers/STM32U5xx_HAL_Driver/Src/stm32u5xx_hal_spi.o
 .text.HAL_SPIEx_SetConfigAutonomousMode
                0x08009daa       0x82 ./Drivers/STM32U5xx_HAL_Driver/Src/stm32u5xx_hal_spi_ex.o
                0x08009daa                HAL_SPIEx_SetConfigAutonomousMode
 .text.HAL_TIM_Base_Init
                0x08009e2c       0xae ./Drivers/STM32U5xx_HAL_Driver/Src/stm32u5xx_hal_tim.o
                0x08009e2c                HAL_TIM_Base_Init
 *fill*         0x08009eda        0x2 
 .text.HAL_TIM_Base_Start_IT
                0x08009edc      0x140 ./Drivers/STM32U5xx_HAL_Driver/Src/stm32u5xx_hal_tim.o
                0x08009edc                HAL_TIM_Base_Start_IT
 .text.HAL_TIM_Base_Stop_IT
                0x0800a01c       0x5e ./Drivers/STM32U5xx_HAL_Driver/Src/stm32u5xx_hal_tim.o
                0x0800a01c                HAL_TIM_Base_Stop_IT
 .text.HAL_TIM_IRQHandler
                0x0800a07a      0x29e ./Drivers/STM32U5xx_HAL_Driver/Src/stm32u5xx_hal_tim.o
                0x0800a07a                HAL_TIM_IRQHandler
 .text.HAL_TIM_OC_DelayElapsedCallback
                0x0800a318       0x14 ./Drivers/STM32U5xx_HAL_Driver/Src/stm32u5xx_hal_tim.o
                0x0800a318                HAL_TIM_OC_DelayElapsedCallback
 .text.HAL_TIM_IC_CaptureCallback
                0x0800a32c       0x14 ./Drivers/STM32U5xx_HAL_Driver/Src/stm32u5xx_hal_tim.o
                0x0800a32c                HAL_TIM_IC_CaptureCallback
 .text.HAL_TIM_PWM_PulseFinishedCallback
                0x0800a340       0x14 ./Drivers/STM32U5xx_HAL_Driver/Src/stm32u5xx_hal_tim.o
                0x0800a340                HAL_TIM_PWM_PulseFinishedCallback
 .text.HAL_TIM_TriggerCallback
                0x0800a354       0x14 ./Drivers/STM32U5xx_HAL_Driver/Src/stm32u5xx_hal_tim.o
                0x0800a354                HAL_TIM_TriggerCallback
 .text.TIM_Base_SetConfig
                0x0800a368      0x200 ./Drivers/STM32U5xx_HAL_Driver/Src/stm32u5xx_hal_tim.o
                0x0800a368                TIM_Base_SetConfig
 .text.HAL_TIMEx_CommutCallback
                0x0800a568       0x14 ./Drivers/STM32U5xx_HAL_Driver/Src/stm32u5xx_hal_tim_ex.o
                0x0800a568                HAL_TIMEx_CommutCallback
 .text.HAL_TIMEx_BreakCallback
                0x0800a57c       0x14 ./Drivers/STM32U5xx_HAL_Driver/Src/stm32u5xx_hal_tim_ex.o
                0x0800a57c                HAL_TIMEx_BreakCallback
 .text.HAL_TIMEx_Break2Callback
                0x0800a590       0x14 ./Drivers/STM32U5xx_HAL_Driver/Src/stm32u5xx_hal_tim_ex.o
                0x0800a590                HAL_TIMEx_Break2Callback
 .text.HAL_TIMEx_EncoderIndexCallback
                0x0800a5a4       0x14 ./Drivers/STM32U5xx_HAL_Driver/Src/stm32u5xx_hal_tim_ex.o
                0x0800a5a4                HAL_TIMEx_EncoderIndexCallback
 .text.HAL_TIMEx_DirectionChangeCallback
                0x0800a5b8       0x14 ./Drivers/STM32U5xx_HAL_Driver/Src/stm32u5xx_hal_tim_ex.o
                0x0800a5b8                HAL_TIMEx_DirectionChangeCallback
 .text.HAL_TIMEx_IndexErrorCallback
                0x0800a5cc       0x14 ./Drivers/STM32U5xx_HAL_Driver/Src/stm32u5xx_hal_tim_ex.o
                0x0800a5cc                HAL_TIMEx_IndexErrorCallback
 .text.HAL_TIMEx_TransitionErrorCallback
                0x0800a5e0       0x14 ./Drivers/STM32U5xx_HAL_Driver/Src/stm32u5xx_hal_tim_ex.o
                0x0800a5e0                HAL_TIMEx_TransitionErrorCallback
 .text.SDMMC_Init
                0x0800a5f4       0x54 ./Drivers/STM32U5xx_HAL_Driver/Src/stm32u5xx_ll_sdmmc.o
                0x0800a5f4                SDMMC_Init
 .text.SDMMC_ReadFIFO
                0x0800a648       0x1a ./Drivers/STM32U5xx_HAL_Driver/Src/stm32u5xx_ll_sdmmc.o
                0x0800a648                SDMMC_ReadFIFO
 .text.SDMMC_WriteFIFO
                0x0800a662       0x22 ./Drivers/STM32U5xx_HAL_Driver/Src/stm32u5xx_ll_sdmmc.o
                0x0800a662                SDMMC_WriteFIFO
 .text.SDMMC_PowerState_ON
                0x0800a684       0x22 ./Drivers/STM32U5xx_HAL_Driver/Src/stm32u5xx_ll_sdmmc.o
                0x0800a684                SDMMC_PowerState_ON
 .text.SDMMC_GetPowerState
                0x0800a6a6       0x1c ./Drivers/STM32U5xx_HAL_Driver/Src/stm32u5xx_ll_sdmmc.o
                0x0800a6a6                SDMMC_GetPowerState
 *fill*         0x0800a6c2        0x2 
 .text.SDMMC_SendCommand
                0x0800a6c4       0x54 ./Drivers/STM32U5xx_HAL_Driver/Src/stm32u5xx_ll_sdmmc.o
                0x0800a6c4                SDMMC_SendCommand
 .text.SDMMC_GetCommandResponse
                0x0800a718       0x1a ./Drivers/STM32U5xx_HAL_Driver/Src/stm32u5xx_ll_sdmmc.o
                0x0800a718                SDMMC_GetCommandResponse
 .text.SDMMC_GetResponse
                0x0800a732       0x26 ./Drivers/STM32U5xx_HAL_Driver/Src/stm32u5xx_ll_sdmmc.o
                0x0800a732                SDMMC_GetResponse
 .text.SDMMC_ConfigData
                0x0800a758       0x58 ./Drivers/STM32U5xx_HAL_Driver/Src/stm32u5xx_ll_sdmmc.o
                0x0800a758                SDMMC_ConfigData
 .text.SDMMC_CmdBlockLength
                0x0800a7b0       0x46 ./Drivers/STM32U5xx_HAL_Driver/Src/stm32u5xx_ll_sdmmc.o
                0x0800a7b0                SDMMC_CmdBlockLength
 .text.SDMMC_CmdReadSingleBlock
                0x0800a7f6       0x46 ./Drivers/STM32U5xx_HAL_Driver/Src/stm32u5xx_ll_sdmmc.o
                0x0800a7f6                SDMMC_CmdReadSingleBlock
 .text.SDMMC_CmdReadMultiBlock
                0x0800a83c       0x46 ./Drivers/STM32U5xx_HAL_Driver/Src/stm32u5xx_ll_sdmmc.o
                0x0800a83c                SDMMC_CmdReadMultiBlock
 .text.SDMMC_CmdWriteSingleBlock
                0x0800a882       0x46 ./Drivers/STM32U5xx_HAL_Driver/Src/stm32u5xx_ll_sdmmc.o
                0x0800a882                SDMMC_CmdWriteSingleBlock
 .text.SDMMC_CmdWriteMultiBlock
                0x0800a8c8       0x46 ./Drivers/STM32U5xx_HAL_Driver/Src/stm32u5xx_ll_sdmmc.o
                0x0800a8c8                SDMMC_CmdWriteMultiBlock
 *fill*         0x0800a90e        0x2 
 .text.SDMMC_CmdStopTransfer
                0x0800a910       0x78 ./Drivers/STM32U5xx_HAL_Driver/Src/stm32u5xx_ll_sdmmc.o
                0x0800a910                SDMMC_CmdStopTransfer
 .text.SDMMC_CmdSelDesel
                0x0800a988       0x46 ./Drivers/STM32U5xx_HAL_Driver/Src/stm32u5xx_ll_sdmmc.o
                0x0800a988                SDMMC_CmdSelDesel
 .text.SDMMC_CmdGoIdleState
                0x0800a9ce       0x3c ./Drivers/STM32U5xx_HAL_Driver/Src/stm32u5xx_ll_sdmmc.o
                0x0800a9ce                SDMMC_CmdGoIdleState
 .text.SDMMC_CmdOperCond
                0x0800aa0a       0x40 ./Drivers/STM32U5xx_HAL_Driver/Src/stm32u5xx_ll_sdmmc.o
                0x0800aa0a                SDMMC_CmdOperCond
 .text.SDMMC_CmdAppCommand
                0x0800aa4a       0x46 ./Drivers/STM32U5xx_HAL_Driver/Src/stm32u5xx_ll_sdmmc.o
                0x0800aa4a                SDMMC_CmdAppCommand
 .text.SDMMC_CmdAppOperCommand
                0x0800aa90       0x40 ./Drivers/STM32U5xx_HAL_Driver/Src/stm32u5xx_ll_sdmmc.o
                0x0800aa90                SDMMC_CmdAppOperCommand
 .text.SDMMC_CmdBusWidth
                0x0800aad0       0x46 ./Drivers/STM32U5xx_HAL_Driver/Src/stm32u5xx_ll_sdmmc.o
                0x0800aad0                SDMMC_CmdBusWidth
 .text.SDMMC_CmdSendSCR
                0x0800ab16       0x44 ./Drivers/STM32U5xx_HAL_Driver/Src/stm32u5xx_ll_sdmmc.o
                0x0800ab16                SDMMC_CmdSendSCR
 .text.SDMMC_CmdSendCID
                0x0800ab5a       0x3e ./Drivers/STM32U5xx_HAL_Driver/Src/stm32u5xx_ll_sdmmc.o
                0x0800ab5a                SDMMC_CmdSendCID
 .text.SDMMC_CmdSendCSD
                0x0800ab98       0x40 ./Drivers/STM32U5xx_HAL_Driver/Src/stm32u5xx_ll_sdmmc.o
                0x0800ab98                SDMMC_CmdSendCSD
 .text.SDMMC_CmdSetRelAdd
                0x0800abd8       0x44 ./Drivers/STM32U5xx_HAL_Driver/Src/stm32u5xx_ll_sdmmc.o
                0x0800abd8                SDMMC_CmdSetRelAdd
 .text.SDMMC_CmdSendStatus
                0x0800ac1c       0x46 ./Drivers/STM32U5xx_HAL_Driver/Src/stm32u5xx_ll_sdmmc.o
                0x0800ac1c                SDMMC_CmdSendStatus
 .text.SDMMC_CmdStatusRegister
                0x0800ac62       0x44 ./Drivers/STM32U5xx_HAL_Driver/Src/stm32u5xx_ll_sdmmc.o
                0x0800ac62                SDMMC_CmdStatusRegister
 *fill*         0x0800aca6        0x2 
 .text.SDMMC_GetCmdResp1
                0x0800aca8      0x1e4 ./Drivers/STM32U5xx_HAL_Driver/Src/stm32u5xx_ll_sdmmc.o
                0x0800aca8                SDMMC_GetCmdResp1
 .text.SDMMC_GetCmdResp2
                0x0800ae8c       0x94 ./Drivers/STM32U5xx_HAL_Driver/Src/stm32u5xx_ll_sdmmc.o
                0x0800ae8c                SDMMC_GetCmdResp2
 .text.SDMMC_GetCmdResp3
                0x0800af20       0x80 ./Drivers/STM32U5xx_HAL_Driver/Src/stm32u5xx_ll_sdmmc.o
                0x0800af20                SDMMC_GetCmdResp3
 .text.SDMMC_GetCmdResp6
                0x0800afa0       0xf0 ./Drivers/STM32U5xx_HAL_Driver/Src/stm32u5xx_ll_sdmmc.o
                0x0800afa0                SDMMC_GetCmdResp6
 .text.SDMMC_GetCmdResp7
                0x0800b090       0x9c ./Drivers/STM32U5xx_HAL_Driver/Src/stm32u5xx_ll_sdmmc.o
                0x0800b090                SDMMC_GetCmdResp7
 .text.SDMMC_GetCmdError
                0x0800b12c       0x5c ./Drivers/STM32U5xx_HAL_Driver/Src/stm32u5xx_ll_sdmmc.o
 .text.MX_FATFS_Init
                0x0800b188       0x24 ./FATFS/App/fatfs.o
                0x0800b188                MX_FATFS_Init
 .text.BSP_SD_Init
                0x0800b1ac       0x30 ./FATFS/Target/bsp_driver_sd.o
                0x0800b1ac                BSP_SD_Init
 .text.BSP_SD_ReadBlocks
                0x0800b1dc       0x3c ./FATFS/Target/bsp_driver_sd.o
                0x0800b1dc                BSP_SD_ReadBlocks
 .text.BSP_SD_WriteBlocks
                0x0800b218       0x3c ./FATFS/Target/bsp_driver_sd.o
                0x0800b218                BSP_SD_WriteBlocks
 .text.BSP_SD_GetCardState
                0x0800b254       0x20 ./FATFS/Target/bsp_driver_sd.o
                0x0800b254                BSP_SD_GetCardState
 .text.BSP_SD_GetCardInfo
                0x0800b274       0x1c ./FATFS/Target/bsp_driver_sd.o
                0x0800b274                BSP_SD_GetCardInfo
 .text.BSP_SD_IsDetected
                0x0800b290       0x1a ./FATFS/Target/bsp_driver_sd.o
                0x0800b290                BSP_SD_IsDetected
 *fill*         0x0800b2aa        0x2 
 .text.SD_CheckStatus
                0x0800b2ac       0x3c ./FATFS/Target/sd_diskio.o
 .text.SD_initialize
                0x0800b2e8       0x3c ./FATFS/Target/sd_diskio.o
                0x0800b2e8                SD_initialize
 .text.SD_status
                0x0800b324       0x1c ./FATFS/Target/sd_diskio.o
                0x0800b324                SD_status
 .text.SD_read  0x0800b340       0x42 ./FATFS/Target/sd_diskio.o
                0x0800b340                SD_read
 .text.SD_write
                0x0800b382       0x42 ./FATFS/Target/sd_diskio.o
                0x0800b382                SD_write
 .text.SD_ioctl
                0x0800b3c4       0xb0 ./FATFS/Target/sd_diskio.o
                0x0800b3c4                SD_ioctl
 .text.disk_status
                0x0800b474       0x34 ./Libraries/Third_Party/FatFs/src/diskio.o
                0x0800b474                disk_status
 .text.disk_initialize
                0x0800b4a8       0x50 ./Libraries/Third_Party/FatFs/src/diskio.o
                0x0800b4a8                disk_initialize
 .text.disk_read
                0x0800b4f8       0x40 ./Libraries/Third_Party/FatFs/src/diskio.o
                0x0800b4f8                disk_read
 .text.disk_write
                0x0800b538       0x40 ./Libraries/Third_Party/FatFs/src/diskio.o
                0x0800b538                disk_write
 .text.disk_ioctl
                0x0800b578       0x3c ./Libraries/Third_Party/FatFs/src/diskio.o
                0x0800b578                disk_ioctl
 .text.ld_word  0x0800b5b4       0x32 ./Libraries/Third_Party/FatFs/src/ff.o
 .text.ld_dword
                0x0800b5e6       0x46 ./Libraries/Third_Party/FatFs/src/ff.o
 .text.st_word  0x0800b62c       0x36 ./Libraries/Third_Party/FatFs/src/ff.o
 .text.st_dword
                0x0800b662       0x58 ./Libraries/Third_Party/FatFs/src/ff.o
 .text.mem_cpy  0x0800b6ba       0x42 ./Libraries/Third_Party/FatFs/src/ff.o
 .text.mem_set  0x0800b6fc       0x36 ./Libraries/Third_Party/FatFs/src/ff.o
 .text.mem_cmp  0x0800b732       0x4e ./Libraries/Third_Party/FatFs/src/ff.o
 .text.chk_chr  0x0800b780       0x36 ./Libraries/Third_Party/FatFs/src/ff.o
 *fill*         0x0800b7b6        0x2 
 .text.chk_lock
                0x0800b7b8       0xb8 ./Libraries/Third_Party/FatFs/src/ff.o
 .text.enq_lock
                0x0800b870       0x44 ./Libraries/Third_Party/FatFs/src/ff.o
 .text.inc_lock
                0x0800b8b4      0x11c ./Libraries/Third_Party/FatFs/src/ff.o
 .text.dec_lock
                0x0800b9d0       0x78 ./Libraries/Third_Party/FatFs/src/ff.o
 .text.clear_lock
                0x0800ba48       0x48 ./Libraries/Third_Party/FatFs/src/ff.o
 .text.sync_window
                0x0800ba90       0x88 ./Libraries/Third_Party/FatFs/src/ff.o
 .text.move_window
                0x0800bb18       0x5a ./Libraries/Third_Party/FatFs/src/ff.o
 *fill*         0x0800bb72        0x2 
 .text.sync_fs  0x0800bb74       0xdc ./Libraries/Third_Party/FatFs/src/ff.o
 .text.clust2sect
                0x0800bc50       0x3e ./Libraries/Third_Party/FatFs/src/ff.o
 .text.get_fat  0x0800bc8e      0x14e ./Libraries/Third_Party/FatFs/src/ff.o
 .text.put_fat  0x0800bddc      0x1d4 ./Libraries/Third_Party/FatFs/src/ff.o
 .text.remove_chain
                0x0800bfb0       0xca ./Libraries/Third_Party/FatFs/src/ff.o
 .text.create_chain
                0x0800c07a      0x130 ./Libraries/Third_Party/FatFs/src/ff.o
 .text.clmt_clust
                0x0800c1aa       0x68 ./Libraries/Third_Party/FatFs/src/ff.o
 .text.dir_sdi  0x0800c212       0xf6 ./Libraries/Third_Party/FatFs/src/ff.o
 .text.dir_next
                0x0800c308      0x18a ./Libraries/Third_Party/FatFs/src/ff.o
 .text.dir_alloc
                0x0800c492       0x8e ./Libraries/Third_Party/FatFs/src/ff.o
 .text.ld_clust
                0x0800c520       0x3e ./Libraries/Third_Party/FatFs/src/ff.o
 .text.st_clust
                0x0800c55e       0x40 ./Libraries/Third_Party/FatFs/src/ff.o
 .text.dir_find
                0x0800c59e       0xaa ./Libraries/Third_Party/FatFs/src/ff.o
 .text.dir_register
                0x0800c648       0x64 ./Libraries/Third_Party/FatFs/src/ff.o
 .text.create_name
                0x0800c6ac      0x128 ./Libraries/Third_Party/FatFs/src/ff.o
 .text.follow_path
                0x0800c7d4       0xe2 ./Libraries/Third_Party/FatFs/src/ff.o
 .text.get_ldnumber
                0x0800c8b6       0x88 ./Libraries/Third_Party/FatFs/src/ff.o
 *fill*         0x0800c93e        0x2 
 .text.check_fs
                0x0800c940       0xac ./Libraries/Third_Party/FatFs/src/ff.o
 .text.find_volume
                0x0800c9ec      0x4ac ./Libraries/Third_Party/FatFs/src/ff.o
 .text.validate
                0x0800ce98       0x6a ./Libraries/Third_Party/FatFs/src/ff.o
 *fill*         0x0800cf02        0x2 
 .text.f_mount  0x0800cf04       0x8c ./Libraries/Third_Party/FatFs/src/ff.o
                0x0800cf04                f_mount
 .text.f_open   0x0800cf90      0x378 ./Libraries/Third_Party/FatFs/src/ff.o
                0x0800cf90                f_open
 .text.f_write  0x0800d308      0x2ea ./Libraries/Third_Party/FatFs/src/ff.o
                0x0800d308                f_write
 *fill*         0x0800d5f2        0x2 
 .text.f_sync   0x0800d5f4      0x100 ./Libraries/Third_Party/FatFs/src/ff.o
                0x0800d5f4                f_sync
 .text.f_close  0x0800d6f4       0x54 ./Libraries/Third_Party/FatFs/src/ff.o
                0x0800d6f4                f_close
 .text.f_lseek  0x0800d748      0x412 ./Libraries/Third_Party/FatFs/src/ff.o
                0x0800d748                f_lseek
 .text.putc_bfd
                0x0800db5a       0x6c ./Libraries/Third_Party/FatFs/src/ff.o
 .text.putc_flush
                0x0800dbc6       0x4a ./Libraries/Third_Party/FatFs/src/ff.o
 .text.putc_init
                0x0800dc10       0x2a ./Libraries/Third_Party/FatFs/src/ff.o
 *fill*         0x0800dc3a        0x2 
 .text.f_printf
                0x0800dc3c      0x43c ./Libraries/Third_Party/FatFs/src/ff.o
                0x0800dc3c                f_printf
 .text.FATFS_LinkDriverEx
                0x0800e078       0x98 ./Libraries/Third_Party/FatFs/src/ff_gen_drv.o
                0x0800e078                FATFS_LinkDriverEx
 .text.FATFS_LinkDriver
                0x0800e110       0x1e ./Libraries/Third_Party/FatFs/src/ff_gen_drv.o
                0x0800e110                FATFS_LinkDriver
 .text.memset   0x0800e12e       0x10 /opt/st/stm32cubeide_1.18.1/plugins/com.st.stm32cube.ide.mcu.externaltools.gnu-tools-for-stm32.13.3.rel1.linux64_1.0.0.202410170706/tools/bin/../lib/gcc/arm-none-eabi/13.3.1/../../../../arm-none-eabi/lib/thumb/v8-m.main+fp/hard/libc_nano.a(libc_a-memset.o)
                0x0800e12e                memset
 *fill*         0x0800e13e        0x2 
 .text.__libc_init_array
                0x0800e140       0x48 /opt/st/stm32cubeide_1.18.1/plugins/com.st.stm32cube.ide.mcu.externaltools.gnu-tools-for-stm32.13.3.rel1.linux64_1.0.0.202410170706/tools/bin/../lib/gcc/arm-none-eabi/13.3.1/../../../../arm-none-eabi/lib/thumb/v8-m.main+fp/hard/libc_nano.a(libc_a-init.o)
                0x0800e140                __libc_init_array
 *(.glue_7)
 .glue_7        0x0800e188        0x0 linker stubs
 *(.glue_7t)
 .glue_7t       0x0800e188        0x0 linker stubs
 *(.eh_frame)
 .eh_frame      0x0800e188        0x0 /opt/st/stm32cubeide_1.18.1/plugins/com.st.stm32cube.ide.mcu.externaltools.gnu-tools-for-stm32.13.3.rel1.linux64_1.0.0.202410170706/tools/bin/../lib/gcc/arm-none-eabi/13.3.1/thumb/v8-m.main+fp/hard/crtbegin.o
 *(.init)
 .init          0x0800e188        0x4 /opt/st/stm32cubeide_1.18.1/plugins/com.st.stm32cube.ide.mcu.externaltools.gnu-tools-for-stm32.13.3.rel1.linux64_1.0.0.202410170706/tools/bin/../lib/gcc/arm-none-eabi/13.3.1/thumb/v8-m.main+fp/hard/crti.o
                0x0800e188                _init
 .init          0x0800e18c        0x8 /opt/st/stm32cubeide_1.18.1/plugins/com.st.stm32cube.ide.mcu.externaltools.gnu-tools-for-stm32.13.3.rel1.linux64_1.0.0.202410170706/tools/bin/../lib/gcc/arm-none-eabi/13.3.1/thumb/v8-m.main+fp/hard/crtn.o
 *(.fini)
 .fini          0x0800e194        0x4 /opt/st/stm32cubeide_1.18.1/plugins/com.st.stm32cube.ide.mcu.externaltools.gnu-tools-for-stm32.13.3.rel1.linux64_1.0.0.202410170706/tools/bin/../lib/gcc/arm-none-eabi/13.3.1/thumb/v8-m.main+fp/hard/crti.o
                0x0800e194                _fini
 .fini          0x0800e198        0x8 /opt/st/stm32cubeide_1.18.1/plugins/com.st.stm32cube.ide.mcu.externaltools.gnu-tools-for-stm32.13.3.rel1.linux64_1.0.0.202410170706/tools/bin/../lib/gcc/arm-none-eabi/13.3.1/thumb/v8-m.main+fp/hard/crtn.o
                0x0800e1a0                        _etext = .

.vfp11_veneer   0x0800e1a0        0x0
 .vfp11_veneer  0x0800e1a0        0x0 linker stubs

.v4_bx          0x0800e1a0        0x0
 .v4_bx         0x0800e1a0        0x0 linker stubs

.iplt           0x0800e1a0        0x0
 .iplt          0x0800e1a0        0x0 /opt/st/stm32cubeide_1.18.1/plugins/com.st.stm32cube.ide.mcu.externaltools.gnu-tools-for-stm32.13.3.rel1.linux64_1.0.0.202410170706/tools/bin/../lib/gcc/arm-none-eabi/13.3.1/thumb/v8-m.main+fp/hard/crtbegin.o

.rodata         0x0800e1a0      0x274
 *(.rodata)
 .rodata        0x0800e1a0       0x18 ./Core/Src/logging.o
 .rodata        0x0800e1b8       0x8b ./Core/Src/main.o
 *fill*         0x0800e243        0x1 
 .rodata        0x0800e244       0x19 ./Core/Src/ms5607.o
 *fill*         0x0800e25d        0x3 
 .rodata        0x0800e260       0x44 ./Libraries/Third_Party/FatFs/src/ff.o
 *(.rodata*)
 .rodata.CMD_MS5607_READ_ADC
                0x0800e2a4        0x1 ./Core/Src/ms5607.o
 .rodata.CMD_MS5607_RESET
                0x0800e2a5        0x1 ./Core/Src/ms5607.o
 *fill*         0x0800e2a6        0x2 
 .rodata.AHBPrescTable
                0x0800e2a8       0x10 ./Core/Src/system_stm32u5xx.o
                0x0800e2a8                AHBPrescTable
 .rodata.APBPrescTable
                0x0800e2b8        0x8 ./Core/Src/system_stm32u5xx.o
                0x0800e2b8                APBPrescTable
 .rodata.MSIRangeTable
                0x0800e2c0       0x40 ./Core/Src/system_stm32u5xx.o
                0x0800e2c0                MSIRangeTable
 .rodata.LPGPIO_Map
                0x0800e300       0x80 ./Drivers/STM32U5xx_HAL_Driver/Src/stm32u5xx_hal_gpio.o
 .rodata.SD_Driver
                0x0800e380       0x14 ./FATFS/Target/sd_diskio.o
                0x0800e380                SD_Driver
 .rodata.ExCvt  0x0800e394       0x80 ./Libraries/Third_Party/FatFs/src/ff.o

.rel.dyn        0x0800e414        0x0
 .rel.iplt      0x0800e414        0x0 /opt/st/stm32cubeide_1.18.1/plugins/com.st.stm32cube.ide.mcu.externaltools.gnu-tools-for-stm32.13.3.rel1.linux64_1.0.0.202410170706/tools/bin/../lib/gcc/arm-none-eabi/13.3.1/thumb/v8-m.main+fp/hard/crtbegin.o

.ARM.extab
 *(.ARM.extab* .gnu.linkonce.armextab.*)

.ARM            0x0800e414        0x0
                0x0800e414                        __exidx_start = .
 *(.ARM.exidx*)
                0x0800e414                        __exidx_end = .

.preinit_array  0x0800e414        0x0
                0x0800e414                        PROVIDE (__preinit_array_start = .)
 *(.preinit_array*)
                0x0800e414                        PROVIDE (__preinit_array_end = .)

.init_array     0x0800e414        0x4
                0x0800e414                        PROVIDE (__init_array_start = .)
 *(SORT_BY_NAME(.init_array.*))
 *(.init_array*)
 .init_array    0x0800e414        0x4 /opt/st/stm32cubeide_1.18.1/plugins/com.st.stm32cube.ide.mcu.externaltools.gnu-tools-for-stm32.13.3.rel1.linux64_1.0.0.202410170706/tools/bin/../lib/gcc/arm-none-eabi/13.3.1/thumb/v8-m.main+fp/hard/crtbegin.o
                0x0800e418                        PROVIDE (__init_array_end = .)

.fini_array     0x0800e418        0x4
                [!provide]                        PROVIDE (__fini_array_start = .)
 *(SORT_BY_NAME(.fini_array.*))
 *(.fini_array*)
 .fini_array    0x0800e418        0x4 /opt/st/stm32cubeide_1.18.1/plugins/com.st.stm32cube.ide.mcu.externaltools.gnu-tools-for-stm32.13.3.rel1.linux64_1.0.0.202410170706/tools/bin/../lib/gcc/arm-none-eabi/13.3.1/thumb/v8-m.main+fp/hard/crtbegin.o
                [!provide]                        PROVIDE (__fini_array_end = .)
                0x0800e41c                        _sidata = LOADADDR (.data)

.data           0x20000000        0xa load address 0x0800e41c
                0x20000000                        _sdata = .
 *(.data)
 *(.data*)
 .data.SystemCoreClock
                0x20000000        0x4 ./Core/Src/system_stm32u5xx.o
                0x20000000                SystemCoreClock
 .data.uwTickPrio
                0x20000004        0x4 ./Drivers/STM32U5xx_HAL_Driver/Src/stm32u5xx_hal.o
                0x20000004                uwTickPrio
 .data.uwTickFreq
                0x20000008        0x1 ./Drivers/STM32U5xx_HAL_Driver/Src/stm32u5xx_hal.o
                0x20000008                uwTickFreq
 .data.Stat     0x20000009        0x1 ./FATFS/Target/sd_diskio.o
 *(.RamFunc)
 *(.RamFunc*)
                0x2000000a                        _edata = .

.igot.plt       0x2000000c        0x0 load address 0x0800e426
 .igot.plt      0x2000000c        0x0 /opt/st/stm32cubeide_1.18.1/plugins/com.st.stm32cube.ide.mcu.externaltools.gnu-tools-for-stm32.13.3.rel1.linux64_1.0.0.202410170706/tools/bin/../lib/gcc/arm-none-eabi/13.3.1/thumb/v8-m.main+fp/hard/crtbegin.o

.bss            0x2000000c      0x52c load address 0x0800e426
                0x2000000c                        _sbss = .
                0x2000000c                        __bss_start__ = _sbss
 *(.bss)
 .bss           0x2000000c       0x1c /opt/st/stm32cubeide_1.18.1/plugins/com.st.stm32cube.ide.mcu.externaltools.gnu-tools-for-stm32.13.3.rel1.linux64_1.0.0.202410170706/tools/bin/../lib/gcc/arm-none-eabi/13.3.1/thumb/v8-m.main+fp/hard/crtbegin.o
 *(.bss*)
 .bss.logFile   0x20000028      0x230 ./Core/Src/logging.o
 .bss.config    0x20000258        0x4 ./Core/Src/lsm6dsl.o
 .bss.accelSensitivity
                0x2000025c        0x4 ./Core/Src/lsm6dsl.o
 .bss.gyroSensitivity
                0x20000260        0x4 ./Core/Src/lsm6dsl.o
 .bss.hadc1     0x20000264       0x8c ./Core/Src/main.o
                0x20000264                hadc1
 .bss.hsd1      0x200002f0       0x7c ./Core/Src/main.o
                0x200002f0                hsd1
 .bss.hspi1     0x2000036c       0x90 ./Core/Src/main.o
                0x2000036c                hspi1
 .bss.hspi2     0x200003fc       0x90 ./Core/Src/main.o
                0x200003fc                hspi2
 .bss.htim16    0x2000048c       0x4c ./Core/Src/main.o
                0x2000048c                htim16
 .bss.config    0x200004d8        0x4 ./Core/Src/ms5607.o
 .bss.promData  0x200004dc        0xc ./Core/Src/ms5607.o
 .bss.rawValues
                0x200004e8        0x8 ./Core/Src/ms5607.o
 .bss.state     0x200004f0        0x1 ./Core/Src/ms5607.o
 *fill*         0x200004f1        0x1 
 .bss.measurementDelay
                0x200004f2        0x2 ./Core/Src/ms5607.o
 .bss.cmdMeasurePres
                0x200004f4        0x1 ./Core/Src/ms5607.o
 .bss.cmdMeasureTemp
                0x200004f5        0x1 ./Core/Src/ms5607.o
 *fill*         0x200004f6        0x2 
 .bss.uwTick    0x200004f8        0x4 ./Drivers/STM32U5xx_HAL_Driver/Src/stm32u5xx_hal.o
                0x200004f8                uwTick
 .bss.retSD     0x200004fc        0x1 ./FATFS/App/fatfs.o
                0x200004fc                retSD
 *fill*         0x200004fd        0x3 
 .bss.SDPath    0x20000500        0x4 ./FATFS/App/fatfs.o
                0x20000500                SDPath
 .bss.FatFs     0x20000504        0x4 ./Libraries/Third_Party/FatFs/src/ff.o
 .bss.Fsid      0x20000508        0x2 ./Libraries/Third_Party/FatFs/src/ff.o
 *fill*         0x2000050a        0x2 
 .bss.Files     0x2000050c       0x20 ./Libraries/Third_Party/FatFs/src/ff.o
 .bss.disk      0x2000052c        0xc ./Libraries/Third_Party/FatFs/src/ff_gen_drv.o
                0x2000052c                disk
 *(COMMON)
                0x20000538                        _ebss = .
                0x20000538                        __bss_end__ = _ebss

._user_heap_stack
                0x20000538      0x600 load address 0x0800e426
                0x20000538                        . = ALIGN (0x8)
                [!provide]                        PROVIDE (end = .)
                0x20000538                        PROVIDE (_end = .)
                0x20000738                        . = (. + _Min_Heap_Size)
 *fill*         0x20000538      0x200 
                0x20000b38                        . = (. + _Min_Stack_Size)
 *fill*         0x20000738      0x400 
                0x20000b38                        . = ALIGN (0x8)

/DISCARD/
 libc.a(*)
 libm.a(*)
 libgcc.a(*)

.ARM.attributes
                0x00000000       0x36
 *(.ARM.attributes)
 .ARM.attributes
                0x00000000       0x26 /opt/st/stm32cubeide_1.18.1/plugins/com.st.stm32cube.ide.mcu.externaltools.gnu-tools-for-stm32.13.3.rel1.linux64_1.0.0.202410170706/tools/bin/../lib/gcc/arm-none-eabi/13.3.1/thumb/v8-m.main+fp/hard/crti.o
 .ARM.attributes
                0x00000026       0x38 /opt/st/stm32cubeide_1.18.1/plugins/com.st.stm32cube.ide.mcu.externaltools.gnu-tools-for-stm32.13.3.rel1.linux64_1.0.0.202410170706/tools/bin/../lib/gcc/arm-none-eabi/13.3.1/thumb/v8-m.main+fp/hard/crtbegin.o
 .ARM.attributes
                0x0000005e       0x3a ./Core/Src/fileio.o
 .ARM.attributes
                0x00000098       0x3a ./Core/Src/logging.o
 .ARM.attributes
                0x000000d2       0x3a ./Core/Src/lsm6dsl.o
 .ARM.attributes
                0x0000010c       0x3a ./Core/Src/main.o
 .ARM.attributes
                0x00000146       0x3a ./Core/Src/ms5607.o
 .ARM.attributes
                0x00000180       0x3a ./Core/Src/stm32u5xx_hal_msp.o
 .ARM.attributes
                0x000001ba       0x3a ./Core/Src/stm32u5xx_it.o
 .ARM.attributes
                0x000001f4       0x3a ./Core/Src/system_stm32u5xx.o
 .ARM.attributes
                0x0000022e       0x24 ./Core/Startup/startup_stm32u545retxq.o
 .ARM.attributes
                0x00000252       0x3a ./Drivers/STM32U5xx_HAL_Driver/Src/stm32u5xx_hal.o
 .ARM.attributes
                0x0000028c       0x3a ./Drivers/STM32U5xx_HAL_Driver/Src/stm32u5xx_hal_adc.o
 .ARM.attributes
                0x000002c6       0x3a ./Drivers/STM32U5xx_HAL_Driver/Src/stm32u5xx_hal_cortex.o
 .ARM.attributes
                0x00000300       0x3a ./Drivers/STM32U5xx_HAL_Driver/Src/stm32u5xx_hal_gpio.o
 .ARM.attributes
                0x0000033a       0x3a ./Drivers/STM32U5xx_HAL_Driver/Src/stm32u5xx_hal_pwr_ex.o
 .ARM.attributes
                0x00000374       0x3a ./Drivers/STM32U5xx_HAL_Driver/Src/stm32u5xx_hal_rcc.o
 .ARM.attributes
                0x000003ae       0x3a ./Drivers/STM32U5xx_HAL_Driver/Src/stm32u5xx_hal_rcc_ex.o
 .ARM.attributes
                0x000003e8       0x3a ./Drivers/STM32U5xx_HAL_Driver/Src/stm32u5xx_hal_sd.o
 .ARM.attributes
                0x00000422       0x3a ./Drivers/STM32U5xx_HAL_Driver/Src/stm32u5xx_hal_spi.o
 .ARM.attributes
                0x0000045c       0x3a ./Drivers/STM32U5xx_HAL_Driver/Src/stm32u5xx_hal_spi_ex.o
 .ARM.attributes
                0x00000496       0x3a ./Drivers/STM32U5xx_HAL_Driver/Src/stm32u5xx_hal_tim.o
 .ARM.attributes
                0x000004d0       0x3a ./Drivers/STM32U5xx_HAL_Driver/Src/stm32u5xx_hal_tim_ex.o
 .ARM.attributes
                0x0000050a       0x3a ./Drivers/STM32U5xx_HAL_Driver/Src/stm32u5xx_ll_sdmmc.o
 .ARM.attributes
                0x00000544       0x3a ./FATFS/App/fatfs.o
 .ARM.attributes
                0x0000057e       0x3a ./FATFS/Target/bsp_driver_sd.o
 .ARM.attributes
                0x000005b8       0x3a ./FATFS/Target/sd_diskio.o
 .ARM.attributes
                0x000005f2       0x3a ./Libraries/Third_Party/FatFs/src/diskio.o
 .ARM.attributes
                0x0000062c       0x3a ./Libraries/Third_Party/FatFs/src/ff.o
 .ARM.attributes
                0x00000666       0x3a ./Libraries/Third_Party/FatFs/src/ff_gen_drv.o
 .ARM.attributes
                0x000006a0       0x38 /opt/st/stm32cubeide_1.18.1/plugins/com.st.stm32cube.ide.mcu.externaltools.gnu-tools-for-stm32.13.3.rel1.linux64_1.0.0.202410170706/tools/bin/../lib/gcc/arm-none-eabi/13.3.1/../../../../arm-none-eabi/lib/thumb/v8-m.main+fp/hard/libc_nano.a(libc_a-memset.o)
 .ARM.attributes
                0x000006d8       0x38 /opt/st/stm32cubeide_1.18.1/plugins/com.st.stm32cube.ide.mcu.externaltools.gnu-tools-for-stm32.13.3.rel1.linux64_1.0.0.202410170706/tools/bin/../lib/gcc/arm-none-eabi/13.3.1/../../../../arm-none-eabi/lib/thumb/v8-m.main+fp/hard/libc_nano.a(libc_a-init.o)
 .ARM.attributes
                0x00000710       0x26 /opt/st/stm32cubeide_1.18.1/plugins/com.st.stm32cube.ide.mcu.externaltools.gnu-tools-for-stm32.13.3.rel1.linux64_1.0.0.202410170706/tools/bin/../lib/gcc/arm-none-eabi/13.3.1/thumb/v8-m.main+fp/hard/crtn.o
OUTPUT(ride-along-module.elf elf32-littlearm)
LOAD linker stubs
LOAD /opt/st/stm32cubeide_1.18.1/plugins/com.st.stm32cube.ide.mcu.externaltools.gnu-tools-for-stm32.13.3.rel1.linux64_1.0.0.202410170706/tools/bin/../lib/gcc/arm-none-eabi/13.3.1/../../../../arm-none-eabi/lib/thumb/v8-m.main+fp/hard/libc.a
LOAD /opt/st/stm32cubeide_1.18.1/plugins/com.st.stm32cube.ide.mcu.externaltools.gnu-tools-for-stm32.13.3.rel1.linux64_1.0.0.202410170706/tools/bin/../lib/gcc/arm-none-eabi/13.3.1/../../../../arm-none-eabi/lib/thumb/v8-m.main+fp/hard/libm.a
LOAD /opt/st/stm32cubeide_1.18.1/plugins/com.st.stm32cube.ide.mcu.externaltools.gnu-tools-for-stm32.13.3.rel1.linux64_1.0.0.202410170706/tools/bin/../lib/gcc/arm-none-eabi/13.3.1/thumb/v8-m.main+fp/hard/libgcc.a

.debug_info     0x00000000    0x1ee76
 .debug_info    0x00000000      0x409 ./Core/Src/fileio.o
 .debug_info    0x00000409      0x478 ./Core/Src/logging.o
 .debug_info    0x00000881      0xe54 ./Core/Src/lsm6dsl.o
 .debug_info    0x000016d5     0x2799 ./Core/Src/main.o
 .debug_info    0x00003e6e     0x137d ./Core/Src/ms5607.o
 .debug_info    0x000051eb     0x23af ./Core/Src/stm32u5xx_hal_msp.o
 .debug_info    0x0000759a      0x97d ./Core/Src/stm32u5xx_it.o
 .debug_info    0x00007f17      0x929 ./Core/Src/system_stm32u5xx.o
 .debug_info    0x00008840       0x30 ./Core/Startup/startup_stm32u545retxq.o
 .debug_info    0x00008870     0x110d ./Drivers/STM32U5xx_HAL_Driver/Src/stm32u5xx_hal.o
 .debug_info    0x0000997d     0x2679 ./Drivers/STM32U5xx_HAL_Driver/Src/stm32u5xx_hal_adc.o
 .debug_info    0x0000bff6     0x1610 ./Drivers/STM32U5xx_HAL_Driver/Src/stm32u5xx_hal_cortex.o
 .debug_info    0x0000d606      0x859 ./Drivers/STM32U5xx_HAL_Driver/Src/stm32u5xx_hal_gpio.o
 .debug_info    0x0000de5f      0xddc ./Drivers/STM32U5xx_HAL_Driver/Src/stm32u5xx_hal_pwr_ex.o
 .debug_info    0x0000ec3b     0x114d ./Drivers/STM32U5xx_HAL_Driver/Src/stm32u5xx_hal_rcc.o
 .debug_info    0x0000fd88     0x1569 ./Drivers/STM32U5xx_HAL_Driver/Src/stm32u5xx_hal_rcc_ex.o
 .debug_info    0x000112f1     0x1a20 ./Drivers/STM32U5xx_HAL_Driver/Src/stm32u5xx_hal_sd.o
 .debug_info    0x00012d11     0x15bd ./Drivers/STM32U5xx_HAL_Driver/Src/stm32u5xx_hal_spi.o
 .debug_info    0x000142ce      0xa97 ./Drivers/STM32U5xx_HAL_Driver/Src/stm32u5xx_hal_spi_ex.o
 .debug_info    0x00014d65     0x2e54 ./Drivers/STM32U5xx_HAL_Driver/Src/stm32u5xx_hal_tim.o
 .debug_info    0x00017bb9     0x1efe ./Drivers/STM32U5xx_HAL_Driver/Src/stm32u5xx_hal_tim_ex.o
 .debug_info    0x00019ab7     0x16a4 ./Drivers/STM32U5xx_HAL_Driver/Src/stm32u5xx_ll_sdmmc.o
 .debug_info    0x0001b15b      0x4ff ./FATFS/App/fatfs.o
 .debug_info    0x0001b65a      0x8bd ./FATFS/Target/bsp_driver_sd.o
 .debug_info    0x0001bf17      0x4d3 ./FATFS/Target/sd_diskio.o
 .debug_info    0x0001c3ea      0x3d8 ./Libraries/Third_Party/FatFs/src/diskio.o
 .debug_info    0x0001c7c2     0x233c ./Libraries/Third_Party/FatFs/src/ff.o
 .debug_info    0x0001eafe      0x378 ./Libraries/Third_Party/FatFs/src/ff_gen_drv.o

.debug_abbrev   0x00000000     0x3c39
 .debug_abbrev  0x00000000      0x12e ./Core/Src/fileio.o
 .debug_abbrev  0x0000012e      0x17b ./Core/Src/logging.o
 .debug_abbrev  0x000002a9      0x2a1 ./Core/Src/lsm6dsl.o
 .debug_abbrev  0x0000054a      0x3b5 ./Core/Src/main.o
 .debug_abbrev  0x000008ff      0x277 ./Core/Src/ms5607.o
 .debug_abbrev  0x00000b76      0x28a ./Core/Src/stm32u5xx_hal_msp.o
 .debug_abbrev  0x00000e00      0x1c4 ./Core/Src/stm32u5xx_it.o
 .debug_abbrev  0x00000fc4      0x129 ./Core/Src/system_stm32u5xx.o
 .debug_abbrev  0x000010ed       0x24 ./Core/Startup/startup_stm32u545retxq.o
 .debug_abbrev  0x00001111      0x2a3 ./Drivers/STM32U5xx_HAL_Driver/Src/stm32u5xx_hal.o
 .debug_abbrev  0x000013b4      0x2ce ./Drivers/STM32U5xx_HAL_Driver/Src/stm32u5xx_hal_adc.o
 .debug_abbrev  0x00001682      0x311 ./Drivers/STM32U5xx_HAL_Driver/Src/stm32u5xx_hal_cortex.o
 .debug_abbrev  0x00001993      0x25a ./Drivers/STM32U5xx_HAL_Driver/Src/stm32u5xx_hal_gpio.o
 .debug_abbrev  0x00001bed      0x215 ./Drivers/STM32U5xx_HAL_Driver/Src/stm32u5xx_hal_pwr_ex.o
 .debug_abbrev  0x00001e02      0x2c9 ./Drivers/STM32U5xx_HAL_Driver/Src/stm32u5xx_hal_rcc.o
 .debug_abbrev  0x000020cb      0x23d ./Drivers/STM32U5xx_HAL_Driver/Src/stm32u5xx_hal_rcc_ex.o
 .debug_abbrev  0x00002308      0x25b ./Drivers/STM32U5xx_HAL_Driver/Src/stm32u5xx_hal_sd.o
 .debug_abbrev  0x00002563      0x2b3 ./Drivers/STM32U5xx_HAL_Driver/Src/stm32u5xx_hal_spi.o
 .debug_abbrev  0x00002816      0x1c7 ./Drivers/STM32U5xx_HAL_Driver/Src/stm32u5xx_hal_spi_ex.o
 .debug_abbrev  0x000029dd      0x2bd ./Drivers/STM32U5xx_HAL_Driver/Src/stm32u5xx_hal_tim.o
 .debug_abbrev  0x00002c9a      0x2c7 ./Drivers/STM32U5xx_HAL_Driver/Src/stm32u5xx_hal_tim_ex.o
 .debug_abbrev  0x00002f61      0x1f4 ./Drivers/STM32U5xx_HAL_Driver/Src/stm32u5xx_ll_sdmmc.o
 .debug_abbrev  0x00003155      0x160 ./FATFS/App/fatfs.o
 .debug_abbrev  0x000032b5      0x266 ./FATFS/Target/bsp_driver_sd.o
 .debug_abbrev  0x0000351b      0x191 ./FATFS/Target/sd_diskio.o
 .debug_abbrev  0x000036ac      0x181 ./Libraries/Third_Party/FatFs/src/diskio.o
 .debug_abbrev  0x0000382d      0x26d ./Libraries/Third_Party/FatFs/src/ff.o
 .debug_abbrev  0x00003a9a      0x19f ./Libraries/Third_Party/FatFs/src/ff_gen_drv.o

.debug_aranges  0x00000000     0x1b58
 .debug_aranges
                0x00000000       0x20 ./Core/Src/fileio.o
 .debug_aranges
                0x00000020       0x30 ./Core/Src/logging.o
 .debug_aranges
                0x00000050       0x70 ./Core/Src/lsm6dsl.o
 .debug_aranges
                0x000000c0       0x70 ./Core/Src/main.o
 .debug_aranges
                0x00000130       0x80 ./Core/Src/ms5607.o
 .debug_aranges
                0x000001b0       0x60 ./Core/Src/stm32u5xx_hal_msp.o
 .debug_aranges
                0x00000210       0x68 ./Core/Src/stm32u5xx_it.o
 .debug_aranges
                0x00000278       0x28 ./Core/Src/system_stm32u5xx.o
 .debug_aranges
                0x000002a0       0x28 ./Core/Startup/startup_stm32u545retxq.o
 .debug_aranges
                0x000002c8      0x148 ./Drivers/STM32U5xx_HAL_Driver/Src/stm32u5xx_hal.o
 .debug_aranges
                0x00000410      0x270 ./Drivers/STM32U5xx_HAL_Driver/Src/stm32u5xx_hal_adc.o
 .debug_aranges
                0x00000680      0x140 ./Drivers/STM32U5xx_HAL_Driver/Src/stm32u5xx_hal_cortex.o
 .debug_aranges
                0x000007c0       0x78 ./Drivers/STM32U5xx_HAL_Driver/Src/stm32u5xx_hal_gpio.o
 .debug_aranges
                0x00000838      0x1e0 ./Drivers/STM32U5xx_HAL_Driver/Src/stm32u5xx_hal_pwr_ex.o
 .debug_aranges
                0x00000a18       0xa8 ./Drivers/STM32U5xx_HAL_Driver/Src/stm32u5xx_hal_rcc.o
 .debug_aranges
                0x00000ac0      0x160 ./Drivers/STM32U5xx_HAL_Driver/Src/stm32u5xx_hal_rcc_ex.o
 .debug_aranges
                0x00000c20      0x160 ./Drivers/STM32U5xx_HAL_Driver/Src/stm32u5xx_hal_sd.o
 .debug_aranges
                0x00000d80      0x1a8 ./Drivers/STM32U5xx_HAL_Driver/Src/stm32u5xx_hal_spi.o
 .debug_aranges
                0x00000f28       0x48 ./Drivers/STM32U5xx_HAL_Driver/Src/stm32u5xx_hal_spi_ex.o
 .debug_aranges
                0x00000f70      0x3e8 ./Drivers/STM32U5xx_HAL_Driver/Src/stm32u5xx_hal_tim.o
 .debug_aranges
                0x00001358      0x250 ./Drivers/STM32U5xx_HAL_Driver/Src/stm32u5xx_hal_tim_ex.o
 .debug_aranges
                0x000015a8      0x208 ./Drivers/STM32U5xx_HAL_Driver/Src/stm32u5xx_ll_sdmmc.o
 .debug_aranges
                0x000017b0       0x28 ./FATFS/App/fatfs.o
 .debug_aranges
                0x000017d8       0x98 ./FATFS/Target/bsp_driver_sd.o
 .debug_aranges
                0x00001870       0x48 ./FATFS/Target/sd_diskio.o
 .debug_aranges
                0x000018b8       0x48 ./Libraries/Third_Party/FatFs/src/diskio.o
 .debug_aranges
                0x00001900      0x218 ./Libraries/Third_Party/FatFs/src/ff.o
 .debug_aranges
                0x00001b18       0x40 ./Libraries/Third_Party/FatFs/src/ff_gen_drv.o

.debug_rnglists
                0x00000000     0x1502
 .debug_rnglists
                0x00000000       0x13 ./Core/Src/fileio.o
 .debug_rnglists
                0x00000013       0x1f ./Core/Src/logging.o
 .debug_rnglists
                0x00000032       0x53 ./Core/Src/lsm6dsl.o
 .debug_rnglists
                0x00000085       0x55 ./Core/Src/main.o
 .debug_rnglists
                0x000000da       0x5e ./Core/Src/ms5607.o
 .debug_rnglists
                0x00000138       0x46 ./Core/Src/stm32u5xx_hal_msp.o
 .debug_rnglists
                0x0000017e       0x49 ./Core/Src/stm32u5xx_it.o
 .debug_rnglists
                0x000001c7       0x1a ./Core/Src/system_stm32u5xx.o
 .debug_rnglists
                0x000001e1       0x19 ./Core/Startup/startup_stm32u545retxq.o
 .debug_rnglists
                0x000001fa       0xf3 ./Drivers/STM32U5xx_HAL_Driver/Src/stm32u5xx_hal.o
 .debug_rnglists
                0x000002ed      0x1e2 ./Drivers/STM32U5xx_HAL_Driver/Src/stm32u5xx_hal_adc.o
 .debug_rnglists
                0x000004cf       0xec ./Drivers/STM32U5xx_HAL_Driver/Src/stm32u5xx_hal_cortex.o
 .debug_rnglists
                0x000005bb       0x5a ./Drivers/STM32U5xx_HAL_Driver/Src/stm32u5xx_hal_gpio.o
 .debug_rnglists
                0x00000615      0x16e ./Drivers/STM32U5xx_HAL_Driver/Src/stm32u5xx_hal_pwr_ex.o
 .debug_rnglists
                0x00000783       0x7f ./Drivers/STM32U5xx_HAL_Driver/Src/stm32u5xx_hal_rcc.o
 .debug_rnglists
                0x00000802      0x113 ./Drivers/STM32U5xx_HAL_Driver/Src/stm32u5xx_hal_rcc_ex.o
 .debug_rnglists
                0x00000915      0x11c ./Drivers/STM32U5xx_HAL_Driver/Src/stm32u5xx_hal_sd.o
 .debug_rnglists
                0x00000a31      0x148 ./Drivers/STM32U5xx_HAL_Driver/Src/stm32u5xx_hal_spi.o
 .debug_rnglists
                0x00000b79       0x35 ./Drivers/STM32U5xx_HAL_Driver/Src/stm32u5xx_hal_spi_ex.o
 .debug_rnglists
                0x00000bae      0x32e ./Drivers/STM32U5xx_HAL_Driver/Src/stm32u5xx_hal_tim.o
 .debug_rnglists
                0x00000edc      0x1d7 ./Drivers/STM32U5xx_HAL_Driver/Src/stm32u5xx_hal_tim_ex.o
 .debug_rnglists
                0x000010b3      0x18a ./Drivers/STM32U5xx_HAL_Driver/Src/stm32u5xx_ll_sdmmc.o
 .debug_rnglists
                0x0000123d       0x19 ./FATFS/App/fatfs.o
 .debug_rnglists
                0x00001256       0x6d ./FATFS/Target/bsp_driver_sd.o
 .debug_rnglists
                0x000012c3       0x32 ./FATFS/Target/sd_diskio.o
 .debug_rnglists
                0x000012f5       0x31 ./Libraries/Third_Party/FatFs/src/diskio.o
 .debug_rnglists
                0x00001326      0x1b0 ./Libraries/Third_Party/FatFs/src/ff.o
 .debug_rnglists
                0x000014d6       0x2c ./Libraries/Third_Party/FatFs/src/ff_gen_drv.o

.debug_macro    0x00000000    0x33804
 .debug_macro   0x00000000      0x358 ./Core/Src/fileio.o
 .debug_macro   0x00000358      0xade ./Core/Src/fileio.o
 .debug_macro   0x00000e36       0xdd ./Core/Src/fileio.o
 .debug_macro   0x00000f13       0xe2 ./Core/Src/fileio.o
 .debug_macro   0x00000ff5       0x8e ./Core/Src/fileio.o
 .debug_macro   0x00001083       0x22 ./Core/Src/fileio.o
 .debug_macro   0x000010a5       0x8e ./Core/Src/fileio.o
 .debug_macro   0x00001133       0x51 ./Core/Src/fileio.o
 .debug_macro   0x00001184      0x103 ./Core/Src/fileio.o
 .debug_macro   0x00001287       0x6a ./Core/Src/fileio.o
 .debug_macro   0x000012f1      0x1df ./Core/Src/fileio.o
 .debug_macro   0x000014d0      0x207 ./Core/Src/fileio.o
 .debug_macro   0x000016d7       0x2e ./Core/Src/fileio.o
 .debug_macro   0x00001705       0x42 ./Core/Src/fileio.o
 .debug_macro   0x00001747       0x1c ./Core/Src/fileio.o
 .debug_macro   0x00001763       0x29 ./Core/Src/fileio.o
 .debug_macro   0x0000178c       0xfb ./Core/Src/fileio.o
 .debug_macro   0x00001887     0x1685 ./Core/Src/fileio.o
 .debug_macro   0x00002f0c       0x5e ./Core/Src/fileio.o
 .debug_macro   0x00002f6a    0x1e72c ./Core/Src/fileio.o
 .debug_macro   0x00021696       0x6d ./Core/Src/fileio.o
 .debug_macro   0x00021703     0x393e ./Core/Src/fileio.o
 .debug_macro   0x00025041      0x190 ./Core/Src/fileio.o
 .debug_macro   0x000251d1       0x61 ./Core/Src/fileio.o
 .debug_macro   0x00025232       0x2a ./Core/Src/fileio.o
 .debug_macro   0x0002525c       0x43 ./Core/Src/fileio.o
 .debug_macro   0x0002529f       0x34 ./Core/Src/fileio.o
 .debug_macro   0x000252d3      0x370 ./Core/Src/fileio.o
 .debug_macro   0x00025643       0x16 ./Core/Src/fileio.o
 .debug_macro   0x00025659       0x4a ./Core/Src/fileio.o
 .debug_macro   0x000256a3       0x34 ./Core/Src/fileio.o
 .debug_macro   0x000256d7       0x10 ./Core/Src/fileio.o
 .debug_macro   0x000256e7       0x58 ./Core/Src/fileio.o
 .debug_macro   0x0002573f       0x8e ./Core/Src/fileio.o
 .debug_macro   0x000257cd       0x1c ./Core/Src/fileio.o
 .debug_macro   0x000257e9      0x185 ./Core/Src/fileio.o
 .debug_macro   0x0002596e      0x19b ./Core/Src/fileio.o
 .debug_macro   0x00025b09       0x5d ./Core/Src/fileio.o
 .debug_macro   0x00025b66     0x1933 ./Core/Src/fileio.o
 .debug_macro   0x00027499      0x796 ./Core/Src/fileio.o
 .debug_macro   0x00027c2f      0x166 ./Core/Src/fileio.o
 .debug_macro   0x00027d95      0x250 ./Core/Src/fileio.o
 .debug_macro   0x00027fe5      0x574 ./Core/Src/fileio.o
 .debug_macro   0x00028559      0x440 ./Core/Src/fileio.o
 .debug_macro   0x00028999       0xd6 ./Core/Src/fileio.o
 .debug_macro   0x00028a6f      0x1cd ./Core/Src/fileio.o
 .debug_macro   0x00028c3c     0x1415 ./Core/Src/fileio.o
 .debug_macro   0x0002a051      0x950 ./Core/Src/fileio.o
 .debug_macro   0x0002a9a1      0x2cd ./Core/Src/fileio.o
 .debug_macro   0x0002ac6e      0x42b ./Core/Src/fileio.o
 .debug_macro   0x0002b099       0x95 ./Core/Src/fileio.o
 .debug_macro   0x0002b12e      0x11c ./Core/Src/fileio.o
 .debug_macro   0x0002b24a      0x525 ./Core/Src/fileio.o
 .debug_macro   0x0002b76f      0x448 ./Core/Src/fileio.o
 .debug_macro   0x0002bbb7      0xa0c ./Core/Src/fileio.o
 .debug_macro   0x0002c5c3       0x1c ./Core/Src/fileio.o
 .debug_macro   0x0002c5df      0x1ce ./Core/Src/fileio.o
 .debug_macro   0x0002c7ad       0x28 ./Core/Src/fileio.o
 .debug_macro   0x0002c7d5      0x5cf ./Core/Src/fileio.o
 .debug_macro   0x0002cda4       0xee ./Core/Src/fileio.o
 .debug_macro   0x0002ce92       0xeb ./Core/Src/fileio.o
 .debug_macro   0x0002cf7d      0xbc5 ./Core/Src/fileio.o
 .debug_macro   0x0002db42      0x45f ./Core/Src/fileio.o
 .debug_macro   0x0002dfa1      0x1b8 ./Core/Src/fileio.o
 .debug_macro   0x0002e159      0x361 ./Core/Src/fileio.o
 .debug_macro   0x0002e4ba       0x40 ./Core/Src/fileio.o
 .debug_macro   0x0002e4fa       0x16 ./Core/Src/fileio.o
 .debug_macro   0x0002e510       0x3c ./Core/Src/fileio.o
 .debug_macro   0x0002e54c       0x20 ./Core/Src/fileio.o
 .debug_macro   0x0002e56c      0x362 ./Core/Src/logging.o
 .debug_macro   0x0002e8ce      0x37a ./Core/Src/lsm6dsl.o
 .debug_macro   0x0002ec48       0x10 ./Core/Src/lsm6dsl.o
 .debug_macro   0x0002ec58       0x46 ./Core/Src/lsm6dsl.o
 .debug_macro   0x0002ec9e      0x130 ./Core/Src/lsm6dsl.o
 .debug_macro   0x0002edce      0x3c6 ./Core/Src/main.o
 .debug_macro   0x0002f194       0x1c ./Core/Src/main.o
 .debug_macro   0x0002f1b0       0x10 ./Core/Src/main.o
 .debug_macro   0x0002f1c0       0x1c ./Core/Src/main.o
 .debug_macro   0x0002f1dc       0x16 ./Core/Src/main.o
 .debug_macro   0x0002f1f2      0x146 ./Core/Src/main.o
 .debug_macro   0x0002f338       0x40 ./Core/Src/main.o
 .debug_macro   0x0002f378       0x16 ./Core/Src/main.o
 .debug_macro   0x0002f38e       0x40 ./Core/Src/main.o
 .debug_macro   0x0002f3ce      0x36b ./Core/Src/ms5607.o
 .debug_macro   0x0002f739      0x3c6 ./Core/Src/stm32u5xx_hal_msp.o
 .debug_macro   0x0002faff      0x3d0 ./Core/Src/stm32u5xx_it.o
 .debug_macro   0x0002fecf      0x2c9 ./Core/Src/system_stm32u5xx.o
 .debug_macro   0x00030198      0x2e6 ./Drivers/STM32U5xx_HAL_Driver/Src/stm32u5xx_hal.o
 .debug_macro   0x0003047e      0x2e6 ./Drivers/STM32U5xx_HAL_Driver/Src/stm32u5xx_hal_adc.o
 .debug_macro   0x00030764      0x2c2 ./Drivers/STM32U5xx_HAL_Driver/Src/stm32u5xx_hal_cortex.o
 .debug_macro   0x00030a26      0x2f7 ./Drivers/STM32U5xx_HAL_Driver/Src/stm32u5xx_hal_gpio.o
 .debug_macro   0x00030d1d      0x2ed ./Drivers/STM32U5xx_HAL_Driver/Src/stm32u5xx_hal_pwr_ex.o
 .debug_macro   0x0003100a      0x3c8 ./Drivers/STM32U5xx_HAL_Driver/Src/stm32u5xx_hal_rcc.o
 .debug_macro   0x000313d2      0x3e6 ./Drivers/STM32U5xx_HAL_Driver/Src/stm32u5xx_hal_rcc_ex.o
 .debug_macro   0x000317b8      0x2df ./Drivers/STM32U5xx_HAL_Driver/Src/stm32u5xx_hal_sd.o
 .debug_macro   0x00031a97      0x2ca ./Drivers/STM32U5xx_HAL_Driver/Src/stm32u5xx_hal_spi.o
 .debug_macro   0x00031d61      0x2c2 ./Drivers/STM32U5xx_HAL_Driver/Src/stm32u5xx_hal_spi_ex.o
 .debug_macro   0x00032023      0x2ca ./Drivers/STM32U5xx_HAL_Driver/Src/stm32u5xx_hal_tim.o
 .debug_macro   0x000322ed      0x2c8 ./Drivers/STM32U5xx_HAL_Driver/Src/stm32u5xx_hal_tim_ex.o
 .debug_macro   0x000325b5      0x2c3 ./Drivers/STM32U5xx_HAL_Driver/Src/stm32u5xx_ll_sdmmc.o
 .debug_macro   0x00032878      0x31e ./FATFS/App/fatfs.o
 .debug_macro   0x00032b96      0x2d1 ./FATFS/Target/bsp_driver_sd.o
 .debug_macro   0x00032e67      0x321 ./FATFS/Target/sd_diskio.o
 .debug_macro   0x00033188       0x16 ./FATFS/Target/sd_diskio.o
 .debug_macro   0x0003319e       0x7c ./FATFS/Target/sd_diskio.o
 .debug_macro   0x0003321a       0xa3 ./Libraries/Third_Party/FatFs/src/diskio.o
 .debug_macro   0x000332bd      0x452 ./Libraries/Third_Party/FatFs/src/ff.o
 .debug_macro   0x0003370f       0x58 ./Libraries/Third_Party/FatFs/src/ff.o
 .debug_macro   0x00033767       0x9d ./Libraries/Third_Party/FatFs/src/ff_gen_drv.o

.debug_line     0x00000000    0x221e9
 .debug_line    0x00000000      0xa7b ./Core/Src/fileio.o
 .debug_line    0x00000a7b      0xab2 ./Core/Src/logging.o
 .debug_line    0x0000152d      0xca9 ./Core/Src/lsm6dsl.o
 .debug_line    0x000021d6      0xe52 ./Core/Src/main.o
 .debug_line    0x00003028      0xd55 ./Core/Src/ms5607.o
 .debug_line    0x00003d7d      0xccf ./Core/Src/stm32u5xx_hal_msp.o
 .debug_line    0x00004a4c      0xb9d ./Core/Src/stm32u5xx_it.o
 .debug_line    0x000055e9      0x956 ./Core/Src/system_stm32u5xx.o
 .debug_line    0x00005f3f       0x7b ./Core/Startup/startup_stm32u545retxq.o
 .debug_line    0x00005fba      0xcf5 ./Drivers/STM32U5xx_HAL_Driver/Src/stm32u5xx_hal.o
 .debug_line    0x00006caf     0x278b ./Drivers/STM32U5xx_HAL_Driver/Src/stm32u5xx_hal_adc.o
 .debug_line    0x0000943a      0xea5 ./Drivers/STM32U5xx_HAL_Driver/Src/stm32u5xx_hal_cortex.o
 .debug_line    0x0000a2df      0xdf4 ./Drivers/STM32U5xx_HAL_Driver/Src/stm32u5xx_hal_gpio.o
 .debug_line    0x0000b0d3     0x114e ./Drivers/STM32U5xx_HAL_Driver/Src/stm32u5xx_hal_pwr_ex.o
 .debug_line    0x0000c221     0x16e2 ./Drivers/STM32U5xx_HAL_Driver/Src/stm32u5xx_hal_rcc.o
 .debug_line    0x0000d903     0x228e ./Drivers/STM32U5xx_HAL_Driver/Src/stm32u5xx_hal_rcc_ex.o
 .debug_line    0x0000fb91     0x20e4 ./Drivers/STM32U5xx_HAL_Driver/Src/stm32u5xx_hal_sd.o
 .debug_line    0x00011c75     0x2534 ./Drivers/STM32U5xx_HAL_Driver/Src/stm32u5xx_hal_spi.o
 .debug_line    0x000141a9      0xa35 ./Drivers/STM32U5xx_HAL_Driver/Src/stm32u5xx_hal_spi_ex.o
 .debug_line    0x00014bde     0x45af ./Drivers/STM32U5xx_HAL_Driver/Src/stm32u5xx_hal_tim.o
 .debug_line    0x0001918d     0x226a ./Drivers/STM32U5xx_HAL_Driver/Src/stm32u5xx_hal_tim_ex.o
 .debug_line    0x0001b3f7     0x144f ./Drivers/STM32U5xx_HAL_Driver/Src/stm32u5xx_ll_sdmmc.o
 .debug_line    0x0001c846      0x9d3 ./FATFS/App/fatfs.o
 .debug_line    0x0001d219      0xa22 ./FATFS/Target/bsp_driver_sd.o
 .debug_line    0x0001dc3b      0xad8 ./FATFS/Target/sd_diskio.o
 .debug_line    0x0001e713      0x4d6 ./Libraries/Third_Party/FatFs/src/diskio.o
 .debug_line    0x0001ebe9     0x310f ./Libraries/Third_Party/FatFs/src/ff.o
 .debug_line    0x00021cf8      0x4f1 ./Libraries/Third_Party/FatFs/src/ff_gen_drv.o

.debug_str      0x00000000   0x147f41
 .debug_str     0x00000000   0x147f41 ./Core/Src/fileio.o
                             0x13bb32 (size before relaxing)
 .debug_str     0x00147f41   0x13bb80 ./Core/Src/logging.o
 .debug_str     0x00147f41   0x13c851 ./Core/Src/lsm6dsl.o
 .debug_str     0x00147f41   0x13e0f1 ./Core/Src/main.o
 .debug_str     0x00147f41   0x13c8ed ./Core/Src/ms5607.o
 .debug_str     0x00147f41   0x13e2f0 ./Core/Src/stm32u5xx_hal_msp.o
 .debug_str     0x00147f41   0x13cd69 ./Core/Src/stm32u5xx_it.o
 .debug_str     0x00147f41   0x13b53a ./Core/Src/system_stm32u5xx.o
 .debug_str     0x00147f41       0xbc ./Core/Startup/startup_stm32u545retxq.o
 .debug_str     0x00147f41   0x13c2c8 ./Drivers/STM32U5xx_HAL_Driver/Src/stm32u5xx_hal.o
 .debug_str     0x00147f41   0x13c835 ./Drivers/STM32U5xx_HAL_Driver/Src/stm32u5xx_hal_adc.o
 .debug_str     0x00147f41   0x13c11a ./Drivers/STM32U5xx_HAL_Driver/Src/stm32u5xx_hal_cortex.o
 .debug_str     0x00147f41   0x13b55f ./Drivers/STM32U5xx_HAL_Driver/Src/stm32u5xx_hal_gpio.o
 .debug_str     0x00147f41   0x13bbda ./Drivers/STM32U5xx_HAL_Driver/Src/stm32u5xx_hal_pwr_ex.o
 .debug_str     0x00147f41   0x13cb9f ./Drivers/STM32U5xx_HAL_Driver/Src/stm32u5xx_hal_rcc.o
 .debug_str     0x00147f41   0x13dd0d ./Drivers/STM32U5xx_HAL_Driver/Src/stm32u5xx_hal_rcc_ex.o
 .debug_str     0x00147f41   0x13bfd1 ./Drivers/STM32U5xx_HAL_Driver/Src/stm32u5xx_hal_sd.o
 .debug_str     0x00147f41   0x13be2e ./Drivers/STM32U5xx_HAL_Driver/Src/stm32u5xx_hal_spi.o
 .debug_str     0x00147f41   0x13b99e ./Drivers/STM32U5xx_HAL_Driver/Src/stm32u5xx_hal_spi_ex.o
 .debug_str     0x00147f41   0x13c97d ./Drivers/STM32U5xx_HAL_Driver/Src/stm32u5xx_hal_tim.o
 .debug_str     0x00147f41   0x13c5d4 ./Drivers/STM32U5xx_HAL_Driver/Src/stm32u5xx_hal_tim_ex.o
 .debug_str     0x00147f41   0x13bab2 ./Drivers/STM32U5xx_HAL_Driver/Src/stm32u5xx_ll_sdmmc.o
 .debug_str     0x00147f41   0x13ba47 ./FATFS/App/fatfs.o
 .debug_str     0x00147f41   0x13b7e7 ./FATFS/Target/bsp_driver_sd.o
 .debug_str     0x00147f41   0x13ba85 ./FATFS/Target/sd_diskio.o
 .debug_str     0x00147f41     0x44dd ./Libraries/Third_Party/FatFs/src/diskio.o
 .debug_str     0x00147f41     0x48f5 ./Libraries/Third_Party/FatFs/src/ff.o
 .debug_str     0x00147f41     0x4511 ./Libraries/Third_Party/FatFs/src/ff_gen_drv.o

.comment        0x00000000       0x43
 .comment       0x00000000       0x43 ./Core/Src/fileio.o
                                 0x44 (size before relaxing)
 .comment       0x00000043       0x44 ./Core/Src/logging.o
 .comment       0x00000043       0x44 ./Core/Src/lsm6dsl.o
 .comment       0x00000043       0x44 ./Core/Src/main.o
 .comment       0x00000043       0x44 ./Core/Src/ms5607.o
 .comment       0x00000043       0x44 ./Core/Src/stm32u5xx_hal_msp.o
 .comment       0x00000043       0x44 ./Core/Src/stm32u5xx_it.o
 .comment       0x00000043       0x44 ./Core/Src/system_stm32u5xx.o
 .comment       0x00000043       0x44 ./Drivers/STM32U5xx_HAL_Driver/Src/stm32u5xx_hal.o
 .comment       0x00000043       0x44 ./Drivers/STM32U5xx_HAL_Driver/Src/stm32u5xx_hal_adc.o
 .comment       0x00000043       0x44 ./Drivers/STM32U5xx_HAL_Driver/Src/stm32u5xx_hal_cortex.o
 .comment       0x00000043       0x44 ./Drivers/STM32U5xx_HAL_Driver/Src/stm32u5xx_hal_gpio.o
 .comment       0x00000043       0x44 ./Drivers/STM32U5xx_HAL_Driver/Src/stm32u5xx_hal_pwr_ex.o
 .comment       0x00000043       0x44 ./Drivers/STM32U5xx_HAL_Driver/Src/stm32u5xx_hal_rcc.o
 .comment       0x00000043       0x44 ./Drivers/STM32U5xx_HAL_Driver/Src/stm32u5xx_hal_rcc_ex.o
 .comment       0x00000043       0x44 ./Drivers/STM32U5xx_HAL_Driver/Src/stm32u5xx_hal_sd.o
 .comment       0x00000043       0x44 ./Drivers/STM32U5xx_HAL_Driver/Src/stm32u5xx_hal_spi.o
 .comment       0x00000043       0x44 ./Drivers/STM32U5xx_HAL_Driver/Src/stm32u5xx_hal_spi_ex.o
 .comment       0x00000043       0x44 ./Drivers/STM32U5xx_HAL_Driver/Src/stm32u5xx_hal_tim.o
 .comment       0x00000043       0x44 ./Drivers/STM32U5xx_HAL_Driver/Src/stm32u5xx_hal_tim_ex.o
 .comment       0x00000043       0x44 ./Drivers/STM32U5xx_HAL_Driver/Src/stm32u5xx_ll_sdmmc.o
 .comment       0x00000043       0x44 ./FATFS/App/fatfs.o
 .comment       0x00000043       0x44 ./FATFS/Target/bsp_driver_sd.o
 .comment       0x00000043       0x44 ./FATFS/Target/sd_diskio.o
 .comment       0x00000043       0x44 ./Libraries/Third_Party/FatFs/src/diskio.o
 .comment       0x00000043       0x44 ./Libraries/Third_Party/FatFs/src/ff.o
 .comment       0x00000043       0x44 ./Libraries/Third_Party/FatFs/src/ff_gen_drv.o

.debug_frame    0x00000000     0x74b4
 .debug_frame   0x00000000       0x34 ./Core/Src/fileio.o
 .debug_frame   0x00000034       0x6c ./Core/Src/logging.o
 .debug_frame   0x000000a0      0x198 ./Core/Src/lsm6dsl.o
 .debug_frame   0x00000238      0x188 ./Core/Src/main.o
 .debug_frame   0x000003c0      0x1d4 ./Core/Src/ms5607.o
 .debug_frame   0x00000594      0x160 ./Core/Src/stm32u5xx_hal_msp.o
 .debug_frame   0x000006f4      0x120 ./Core/Src/stm32u5xx_it.o
 .debug_frame   0x00000814       0x58 ./Core/Src/system_stm32u5xx.o
 .debug_frame   0x0000086c      0x500 ./Drivers/STM32U5xx_HAL_Driver/Src/stm32u5xx_hal.o
 .debug_frame   0x00000d6c      0xb94 ./Drivers/STM32U5xx_HAL_Driver/Src/stm32u5xx_hal_adc.o
 .debug_frame   0x00001900      0x560 ./Drivers/STM32U5xx_HAL_Driver/Src/stm32u5xx_hal_cortex.o
 .debug_frame   0x00001e60      0x1ec ./Drivers/STM32U5xx_HAL_Driver/Src/stm32u5xx_hal_gpio.o
 .debug_frame   0x0000204c      0x7cc ./Drivers/STM32U5xx_HAL_Driver/Src/stm32u5xx_hal_pwr_ex.o
 .debug_frame   0x00002818      0x288 ./Drivers/STM32U5xx_HAL_Driver/Src/stm32u5xx_hal_rcc.o
 .debug_frame   0x00002aa0      0x5f4 ./Drivers/STM32U5xx_HAL_Driver/Src/stm32u5xx_hal_rcc_ex.o
 .debug_frame   0x00003094      0x620 ./Drivers/STM32U5xx_HAL_Driver/Src/stm32u5xx_hal_sd.o
 .debug_frame   0x000036b4      0x7ac ./Drivers/STM32U5xx_HAL_Driver/Src/stm32u5xx_hal_spi.o
 .debug_frame   0x00003e60      0x100 ./Drivers/STM32U5xx_HAL_Driver/Src/stm32u5xx_hal_spi_ex.o
 .debug_frame   0x00003f60     0x125c ./Drivers/STM32U5xx_HAL_Driver/Src/stm32u5xx_hal_tim.o
 .debug_frame   0x000051bc      0xac0 ./Drivers/STM32U5xx_HAL_Driver/Src/stm32u5xx_hal_tim_ex.o
 .debug_frame   0x00005c7c      0x930 ./Drivers/STM32U5xx_HAL_Driver/Src/stm32u5xx_ll_sdmmc.o
 .debug_frame   0x000065ac       0x4c ./FATFS/App/fatfs.o
 .debug_frame   0x000065f8      0x23c ./FATFS/Target/bsp_driver_sd.o
 .debug_frame   0x00006834       0xe8 ./FATFS/Target/sd_diskio.o
 .debug_frame   0x0000691c       0xec ./Libraries/Third_Party/FatFs/src/diskio.o
 .debug_frame   0x00006a08      0x998 ./Libraries/Third_Party/FatFs/src/ff.o
 .debug_frame   0x000073a0       0xc8 ./Libraries/Third_Party/FatFs/src/ff_gen_drv.o
 .debug_frame   0x00007468       0x20 /opt/st/stm32cubeide_1.18.1/plugins/com.st.stm32cube.ide.mcu.externaltools.gnu-tools-for-stm32.13.3.rel1.linux64_1.0.0.202410170706/tools/bin/../lib/gcc/arm-none-eabi/13.3.1/../../../../arm-none-eabi/lib/thumb/v8-m.main+fp/hard/libc_nano.a(libc_a-memset.o)
 .debug_frame   0x00007488       0x2c /opt/st/stm32cubeide_1.18.1/plugins/com.st.stm32cube.ide.mcu.externaltools.gnu-tools-for-stm32.13.3.rel1.linux64_1.0.0.202410170706/tools/bin/../lib/gcc/arm-none-eabi/13.3.1/../../../../arm-none-eabi/lib/thumb/v8-m.main+fp/hard/libc_nano.a(libc_a-init.o)

.debug_line_str
                0x00000000       0xa0
 .debug_line_str
                0x00000000       0xa0 ./Core/Startup/startup_stm32u545retxq.o
