Archive member included to satisfy reference by file (symbol)

/app/stm32cubeide/plugins/com.st.stm32cube.ide.mcu.externaltools.gnu-tools-for-stm32.10.3-2021.10.linux64_1.0.200.202301161003/tools/bin/../lib/gcc/arm-none-eabi/10.3.1/../../../../arm-none-eabi/lib/thumb/v8-m.main+fp/hard/libc_nano.a(lib_a-errno.o)
                              ./Core/Src/syscalls.o (__errno)
/app/stm32cubeide/plugins/com.st.stm32cube.ide.mcu.externaltools.gnu-tools-for-stm32.10.3-2021.10.linux64_1.0.200.202301161003/tools/bin/../lib/gcc/arm-none-eabi/10.3.1/../../../../arm-none-eabi/lib/thumb/v8-m.main+fp/hard/libc_nano.a(lib_a-exit.o)
                              /app/stm32cubeide/plugins/com.st.stm32cube.ide.mcu.externaltools.gnu-tools-for-stm32.10.3-2021.10.linux64_1.0.200.202301161003/tools/bin/../lib/gcc/arm-none-eabi/10.3.1/../../../../arm-none-eabi/lib/thumb/v8-m.main+fp/hard/crt0.o (exit)
/app/stm32cubeide/plugins/com.st.stm32cube.ide.mcu.externaltools.gnu-tools-for-stm32.10.3-2021.10.linux64_1.0.200.202301161003/tools/bin/../lib/gcc/arm-none-eabi/10.3.1/../../../../arm-none-eabi/lib/thumb/v8-m.main+fp/hard/libc_nano.a(lib_a-impure.o)
                              /app/stm32cubeide/plugins/com.st.stm32cube.ide.mcu.externaltools.gnu-tools-for-stm32.10.3-2021.10.linux64_1.0.200.202301161003/tools/bin/../lib/gcc/arm-none-eabi/10.3.1/../../../../arm-none-eabi/lib/thumb/v8-m.main+fp/hard/libc_nano.a(lib_a-exit.o) (_global_impure_ptr)
/app/stm32cubeide/plugins/com.st.stm32cube.ide.mcu.externaltools.gnu-tools-for-stm32.10.3-2021.10.linux64_1.0.200.202301161003/tools/bin/../lib/gcc/arm-none-eabi/10.3.1/../../../../arm-none-eabi/lib/thumb/v8-m.main+fp/hard/libc_nano.a(lib_a-init.o)
                              /app/stm32cubeide/plugins/com.st.stm32cube.ide.mcu.externaltools.gnu-tools-for-stm32.10.3-2021.10.linux64_1.0.200.202301161003/tools/bin/../lib/gcc/arm-none-eabi/10.3.1/../../../../arm-none-eabi/lib/thumb/v8-m.main+fp/hard/crt0.o (__libc_init_array)
/app/stm32cubeide/plugins/com.st.stm32cube.ide.mcu.externaltools.gnu-tools-for-stm32.10.3-2021.10.linux64_1.0.200.202301161003/tools/bin/../lib/gcc/arm-none-eabi/10.3.1/../../../../arm-none-eabi/lib/thumb/v8-m.main+fp/hard/libc_nano.a(lib_a-memset.o)
                              /app/stm32cubeide/plugins/com.st.stm32cube.ide.mcu.externaltools.gnu-tools-for-stm32.10.3-2021.10.linux64_1.0.200.202301161003/tools/bin/../lib/gcc/arm-none-eabi/10.3.1/../../../../arm-none-eabi/lib/thumb/v8-m.main+fp/hard/crt0.o (memset)
/app/stm32cubeide/plugins/com.st.stm32cube.ide.mcu.externaltools.gnu-tools-for-stm32.10.3-2021.10.linux64_1.0.200.202301161003/tools/bin/../lib/gcc/arm-none-eabi/10.3.1/../../../../arm-none-eabi/lib/thumb/v8-m.main+fp/hard/libc_nano.a(lib_a-sprintf.o)
                              ./Core/Src/main.o (sprintf)
/app/stm32cubeide/plugins/com.st.stm32cube.ide.mcu.externaltools.gnu-tools-for-stm32.10.3-2021.10.linux64_1.0.200.202301161003/tools/bin/../lib/gcc/arm-none-eabi/10.3.1/../../../../arm-none-eabi/lib/thumb/v8-m.main+fp/hard/libc_nano.a(lib_a-nano-svfprintf.o)
                              /app/stm32cubeide/plugins/com.st.stm32cube.ide.mcu.externaltools.gnu-tools-for-stm32.10.3-2021.10.linux64_1.0.200.202301161003/tools/bin/../lib/gcc/arm-none-eabi/10.3.1/../../../../arm-none-eabi/lib/thumb/v8-m.main+fp/hard/libc_nano.a(lib_a-sprintf.o) (_svfprintf_r)
/app/stm32cubeide/plugins/com.st.stm32cube.ide.mcu.externaltools.gnu-tools-for-stm32.10.3-2021.10.linux64_1.0.200.202301161003/tools/bin/../lib/gcc/arm-none-eabi/10.3.1/../../../../arm-none-eabi/lib/thumb/v8-m.main+fp/hard/libc_nano.a(lib_a-nano-vfprintf_i.o)
                              /app/stm32cubeide/plugins/com.st.stm32cube.ide.mcu.externaltools.gnu-tools-for-stm32.10.3-2021.10.linux64_1.0.200.202301161003/tools/bin/../lib/gcc/arm-none-eabi/10.3.1/../../../../arm-none-eabi/lib/thumb/v8-m.main+fp/hard/libc_nano.a(lib_a-nano-svfprintf.o) (_printf_i)
/app/stm32cubeide/plugins/com.st.stm32cube.ide.mcu.externaltools.gnu-tools-for-stm32.10.3-2021.10.linux64_1.0.200.202301161003/tools/bin/../lib/gcc/arm-none-eabi/10.3.1/../../../../arm-none-eabi/lib/thumb/v8-m.main+fp/hard/libc_nano.a(lib_a-memchr-stub.o)
                              /app/stm32cubeide/plugins/com.st.stm32cube.ide.mcu.externaltools.gnu-tools-for-stm32.10.3-2021.10.linux64_1.0.200.202301161003/tools/bin/../lib/gcc/arm-none-eabi/10.3.1/../../../../arm-none-eabi/lib/thumb/v8-m.main+fp/hard/libc_nano.a(lib_a-nano-svfprintf.o) (memchr)
/app/stm32cubeide/plugins/com.st.stm32cube.ide.mcu.externaltools.gnu-tools-for-stm32.10.3-2021.10.linux64_1.0.200.202301161003/tools/bin/../lib/gcc/arm-none-eabi/10.3.1/../../../../arm-none-eabi/lib/thumb/v8-m.main+fp/hard/libc_nano.a(lib_a-memcpy-stub.o)
[...]
Memory Configuration

Name             Origin             Length             Attributes
RAM              0x0000000020000000 0x0000000000040000 xrw
SRAM4            0x0000000028000000 0x0000000000004000 xrw
FLASH            0x0000000008000000 0x0000000000080000 xr
*default*        0x0000000000000000 0xffffffffffffffff

Linker script and memory map

LOAD /app/stm32cubeide/plugins/com.st.stm32cube.ide.mcu.externaltools.gnu-tools-for-stm32.10.3-2021.10.linux64_1.0.200.202301161003/tools/bin/../lib/gcc/arm-none-eabi/10.3.1/thumb/v8-m.main+fp/hard/crti.o
LOAD /app/stm32cubeide/plugins/com.st.stm32cube.ide.mcu.externaltools.gnu-tools-for-stm32.10.3-2021.10.linux64_1.0.200.202301161003/tools/bin/../lib/gcc/arm-none-eabi/10.3.1/thumb/v8-m.main+fp/hard/crtbegin.o
LOAD /app/stm32cubeide/plugins/com.st.stm32cube.ide.mcu.externaltools.gnu-tools-for-stm32.10.3-2021.10.linux64_1.0.200.202301161003/tools/bin/../lib/gcc/arm-none-eabi/10.3.1/../../../../arm-none-eabi/lib/thumb/v8-m.main+fp/hard/crt0.o
LOAD ./Core/Src/lsm6dsl.o
LOAD ./Core/Src/main.o
LOAD ./Core/Src/ms5607.o
LOAD ./Core/Src/stm32u5xx_hal_msp.o
LOAD ./Core/Src/stm32u5xx_it.o
LOAD ./Core/Src/syscalls.o
LOAD ./Core/Src/sysmem.o
LOAD ./Core/Src/system_stm32u5xx.o
LOAD ./Core/Startup/startup_stm32u545retxq.o
LOAD ./Drivers/STM32U5xx_HAL_Driver/Src/stm32u5xx_hal.o
LOAD ./Drivers/STM32U5xx_HAL_Driver/Src/stm32u5xx_hal_cortex.o
LOAD ./Drivers/STM32U5xx_HAL_Driver/Src/stm32u5xx_hal_dma.o
LOAD ./Drivers/STM32U5xx_HAL_Driver/Src/stm32u5xx_hal_dma_ex.o
LOAD ./Drivers/STM32U5xx_HAL_Driver/Src/stm32u5xx_hal_exti.o
LOAD ./Drivers/STM32U5xx_HAL_Driver/Src/stm32u5xx_hal_flash.o
LOAD ./Drivers/STM32U5xx_HAL_Driver/Src/stm32u5xx_hal_flash_ex.o
LOAD ./Drivers/STM32U5xx_HAL_Driver/Src/stm32u5xx_hal_gpio.o
LOAD ./Drivers/STM32U5xx_HAL_Driver/Src/stm32u5xx_hal_gtzc.o
LOAD ./Drivers/STM32U5xx_HAL_Driver/Src/stm32u5xx_hal_i2c.o
LOAD ./Drivers/STM32U5xx_HAL_Driver/Src/stm32u5xx_hal_i2c_ex.o
LOAD ./Drivers/STM32U5xx_HAL_Driver/Src/stm32u5xx_hal_icache.o
LOAD ./Drivers/STM32U5xx_HAL_Driver/Src/stm32u5xx_hal_pcd.o
LOAD ./Drivers/STM32U5xx_HAL_Driver/Src/stm32u5xx_hal_pcd_ex.o
LOAD ./Drivers/STM32U5xx_HAL_Driver/Src/stm32u5xx_hal_pwr.o
LOAD ./Drivers/STM32U5xx_HAL_Driver/Src/stm32u5xx_hal_pwr_ex.o
LOAD ./Drivers/STM32U5xx_HAL_Driver/Src/stm32u5xx_hal_rcc.o
LOAD ./Drivers/STM32U5xx_HAL_Driver/Src/stm32u5xx_hal_rcc_ex.o
LOAD ./Drivers/STM32U5xx_HAL_Driver/Src/stm32u5xx_hal_rtc.o
LOAD ./Drivers/STM32U5xx_HAL_Driver/Src/stm32u5xx_hal_rtc_ex.o
LOAD ./Drivers/STM32U5xx_HAL_Driver/Src/stm32u5xx_hal_sd.o
LOAD ./Drivers/STM32U5xx_HAL_Driver/Src/stm32u5xx_hal_sd_ex.o
LOAD ./Drivers/STM32U5xx_HAL_Driver/Src/stm32u5xx_hal_spi.o
LOAD ./Drivers/STM32U5xx_HAL_Driver/Src/stm32u5xx_hal_spi_ex.o
LOAD ./Drivers/STM32U5xx_HAL_Driver/Src/stm32u5xx_hal_tim.o
LOAD ./Drivers/STM32U5xx_HAL_Driver/Src/stm32u5xx_hal_tim_ex.o
LOAD ./Drivers/STM32U5xx_HAL_Driver/Src/stm32u5xx_hal_uart.o
LOAD ./Drivers/STM32U5xx_HAL_Driver/Src/stm32u5xx_hal_uart_ex.o
LOAD ./Drivers/STM32U5xx_HAL_Driver/Src/stm32u5xx_ll_dlyb.o
LOAD ./Drivers/STM32U5xx_HAL_Driver/Src/stm32u5xx_ll_sdmmc.o
LOAD ./Drivers/STM32U5xx_HAL_Driver/Src/stm32u5xx_ll_usb.o
START GROUP
LOAD /app/stm32cubeide/plugins/com.st.stm32cube.ide.mcu.externaltools.gnu-tools-for-stm32.10.3-2021.10.linux64_1.0.200.202301161003/tools/bin/../lib/gcc/arm-none-eabi/10.3.1/../../../../arm-none-eabi/lib/thumb/v8-m.main+fp/hard/libc_nano.a
LOAD /app/stm32cubeide/plugins/com.st.stm32cube.ide.mcu.externaltools.gnu-tools-for-stm32.10.3-2021.10.linux64_1.0.200.202301161003/tools/bin/../lib/gcc/arm-none-eabi/10.3.1/../../../../arm-none-eabi/lib/thumb/v8-m.main+fp/hard/libm.a
END GROUP
START GROUP
LOAD /app/stm32cubeide/plugins/com.st.stm32cube.ide.mcu.externaltools.gnu-tools-for-stm32.10.3-2021.10.linux64_1.0.200.202301161003/tools/bin/../lib/gcc/arm-none-eabi/10.3.1/thumb/v8-m.main+fp/hard/libgcc.a
LOAD /app/stm32cubeide/plugins/com.st.stm32cube.ide.mcu.externaltools.gnu-tools-for-stm32.10.3-2021.10.linux64_1.0.200.202301161003/tools/bin/../lib/gcc/arm-none-eabi/10.3.1/../../../../arm-none-eabi/lib/thumb/v8-m.main+fp/hard/libc_nano.a
END GROUP
START GROUP
LOAD /app/stm32cubeide/plugins/com.st.stm32cube.ide.mcu.externaltools.gnu-tools-for-stm32.10.3-2021.10.linux64_1.0.200.202301161003/tools/bin/../lib/gcc/arm-none-eabi/10.3.1/thumb/v8-m.main+fp/hard/libgcc.a
LOAD /app/stm32cubeide/plugins/com.st.stm32cube.ide.mcu.externaltools.gnu-tools-for-stm32.10.3-2021.10.linux64_1.0.200.202301161003/tools/bin/../lib/gcc/arm-none-eabi/10.3.1/../../../../arm-none-eabi/lib/thumb/v8-m.main+fp/hard/libc_nano.a
LOAD /app/stm32cubeide/plugins/com.st.stm32cube.ide.mcu.externaltools.gnu-tools-for-stm32.10.3-2021.10.linux64_1.0.200.202301161003/tools/bin/../lib/gcc/arm-none-eabi/10.3.1/../../../../arm-none-eabi/lib/thumb/v8-m.main+fp/hard/libnosys.a
END GROUP
START GROUP
LOAD /app/stm32cubeide/plugins/com.st.stm32cube.ide.mcu.externaltools.gnu-tools-for-stm32.10.3-2021.10.linux64_1.0.200.202301161003/tools/bin/../lib/gcc/arm-none-eabi/10.3.1/thumb/v8-m.main+fp/hard/libgcc.a
LOAD /app/stm32cubeide/plugins/com.st.stm32cube.ide.mcu.externaltools.gnu-tools-for-stm32.10.3-2021.10.linux64_1.0.200.202301161003/tools/bin/../lib/gcc/arm-none-eabi/10.3.1/../../../../arm-none-eabi/lib/thumb/v8-m.main+fp/hard/libc_nano.a
LOAD /app/stm32cubeide/plugins/com.st.stm32cube.ide.mcu.externaltools.gnu-tools-for-stm32.10.3-2021.10.linux64_1.0.200.202301161003/tools/bin/../lib/gcc/arm-none-eabi/10.3.1/../../../../arm-none-eabi/lib/thumb/v8-m.main+fp/hard/libnosys.a
END GROUP
LOAD /app/stm32cubeide/plugins/com.st.stm32cube.ide.mcu.externaltools.gnu-tools-for-stm32.10.3-2021.10.linux64_1.0.200.202301161003/tools/bin/../lib/gcc/arm-none-eabi/10.3.1/thumb/v8-m.main+fp/hard/crtend.o
LOAD /app/stm32cubeide/plugins/com.st.stm32cube.ide.mcu.externaltools.gnu-tools-for-stm32.10.3-2021.10.linux64_1.0.200.202301161003/tools/bin/../lib/gcc/arm-none-eabi/10.3.1/thumb/v8-m.main+fp/hard/crtn.o
                0x0000000020040000                _estack = (ORIGIN (RAM) + LENGTH (RAM))
                0x0000000000000200                _Min_Heap_Size = 0x200
                0x0000000000000400                _Min_Stack_Size = 0x400

.isr_vector     0x0000000008000000      0x238
 *(.isr_vector)
 .isr_vector    0x0000000008000000      0x238 ./Core/Startup/startup_stm32u545retxq.o
                0x0000000008000000                g_pfnVectors

.text           0x0000000008000238     0x9fa0
 *(.text)
 .text          0x0000000008000238       0x40 /app/stm32cubeide/plugins/com.st.stm32cube.ide.mcu.externaltools.gnu-tools-for-stm32.10.3-2021.10.linux64_1.0.200.202301161003/tools/bin/../lib/gcc/arm-none-eabi/10.3.1/thumb/v8-m.main+fp/hard/crtbegin.o
 .text          0x0000000008000278       0x30 /app/stm32cubeide/plugins/com.st.stm32cube.ide.mcu.externaltools.gnu-tools-for-stm32.10.3-2021.10.linux64_1.0.200.202301161003/tools/bin/../lib/gcc/arm-none-eabi/10.3.1/thumb/v8-m.main+fp/hard/libgcc.a(_aeabi_uldivmod.o)
                0x0000000008000278                __aeabi_uldivmod
 .text          0x00000000080002a8      0x2ec /app/stm32cubeide/plugins/com.st.stm32cube.ide.mcu.externaltools.gnu-tools-for-stm32.10.3-2021.10.linux64_1.0.200.202301161003/tools/bin/../lib/gcc/arm-none-eabi/10.3.1/thumb/v8-m.main+fp/hard/libgcc.a(_udivmoddi4.o)
                0x00000000080002a8                __udivmoddi4
 .text          0x0000000008000594        0x4 /app/stm32cubeide/plugins/com.st.stm32cube.ide.mcu.externaltools.gnu-tools-for-stm32.10.3-2021.10.linux64_1.0.200.202301161003/tools/bin/../lib/gcc/arm-none-eabi/10.3.1/thumb/v8-m.main+fp/hard/libgcc.a(_dvmd_tls.o)
                0x0000000008000594                __aeabi_ldiv0
                0x0000000008000594                __aeabi_idiv0
 *(.text*)
 .text.main     0x0000000008000598       0xbc ./Core/Src/main.o
                0x0000000008000598                main
 .text.SystemClock_Config
                0x0000000008000654       0xc6 ./Core/Src/main.o
                0x0000000008000654                SystemClock_Config
 *fill*         0x000000000800071a        0x2 
 .text.MX_RTC_Init
                0x000000000800071c       0x9c ./Core/Src/main.o
 .text.MX_SDMMC1_SD_Init
                0x00000000080007b8       0x48 ./Core/Src/main.o
 .text.MX_SPI1_Init
                0x0000000008000800       0xdc ./Core/Src/main.o
 .text.MX_SPI2_Init
                0x00000000080008dc       0xdc ./Core/Src/main.o
 .text.MX_TIM16_Init
                0x00000000080009b8       0x58 ./Core/Src/main.o
 .text.MX_USART1_UART_Init
                0x0000000008000a10       0x98 ./Core/Src/main.o
 .text.MX_USB_PCD_Init
                0x0000000008000aa8       0x58 ./Core/Src/main.o
 .text.MX_GPIO_Init
                0x0000000008000b00      0x128 ./Core/Src/main.o
 .text.Error_Handler
                0x0000000008000c28        0xa ./Core/Src/main.o
                0x0000000008000c28                Error_Handler
 *fill*         0x0000000008000c32        0x2 
 .text.MS5607_init
                0x0000000008000c34       0xd0 ./Core/Src/ms5607.o
                0x0000000008000c34                MS5607_init
 .text.MS5607_getCompValues
                0x0000000008000d04      0x4f8 ./Core/Src/ms5607.o
                0x0000000008000d04                MS5607_getCompValues
 .text.MS5607_readUncompPres
                0x00000000080011fc       0x40 ./Core/Src/ms5607.o
                0x00000000080011fc                MS5607_readUncompPres
 .text.MS5607_enable
                0x000000000800123c       0x20 ./Core/Src/ms5607.o
                0x000000000800123c                MS5607_enable
 .text.MS5607_disable
                0x000000000800125c       0x20 ./Core/Src/ms5607.o
                0x000000000800125c                MS5607_disable
 .text.MS5607_getRawValues
                0x000000000800127c       0x24 ./Core/Src/ms5607.o
                0x000000000800127c                MS5607_getRawValues
 .text.MS5607_getMeasurementDelay
                0x00000000080012a0       0x18 ./Core/Src/ms5607.o
                0x00000000080012a0                MS5607_getMeasurementDelay
 .text.MS5607_getState
                0x00000000080012b8       0x18 ./Core/Src/ms5607.o
                0x00000000080012b8                MS5607_getState
 .text.HAL_MspInit
                0x00000000080012d0        0xe ./Core/Src/stm32u5xx_hal_msp.o
                0x00000000080012d0                HAL_MspInit
 *fill*         0x00000000080012de        0x2 
 .text.HAL_RTC_MspInit
                0x00000000080012e0       0x88 ./Core/Src/stm32u5xx_hal_msp.o
                0x00000000080012e0                HAL_RTC_MspInit
 .text.HAL_SD_MspInit
                0x0000000008001368      0x120 ./Core/Src/stm32u5xx_hal_msp.o
                0x0000000008001368                HAL_SD_MspInit
 .text.HAL_SPI_MspInit
                0x0000000008001488      0x1f0 ./Core/Src/stm32u5xx_hal_msp.o
                0x0000000008001488                HAL_SPI_MspInit
 .text.HAL_TIM_Base_MspInit
                0x0000000008001678       0x44 ./Core/Src/stm32u5xx_hal_msp.o
                0x0000000008001678                HAL_TIM_Base_MspInit
 .text.HAL_UART_MspInit
                0x00000000080016bc       0xd0 ./Core/Src/stm32u5xx_hal_msp.o
                0x00000000080016bc                HAL_UART_MspInit
 .text.HAL_PCD_MspInit
                0x000000000800178c      0x118 ./Core/Src/stm32u5xx_hal_msp.o
                0x000000000800178c                HAL_PCD_MspInit
 .text.NMI_Handler
                0x00000000080018a4        0x6 ./Core/Src/stm32u5xx_it.o
                0x00000000080018a4                NMI_Handler
 .text.HardFault_Handler
                0x00000000080018aa        0x6 ./Core/Src/stm32u5xx_it.o
                0x00000000080018aa                HardFault_Handler
 .text.MemManage_Handler
                0x00000000080018b0        0x6 ./Core/Src/stm32u5xx_it.o
                0x00000000080018b0                MemManage_Handler
 .text.BusFault_Handler
                0x00000000080018b6        0x6 ./Core/Src/stm32u5xx_it.o
                0x00000000080018b6                BusFault_Handler
 .text.UsageFault_Handler
                0x00000000080018bc        0x6 ./Core/Src/stm32u5xx_it.o
                0x00000000080018bc                UsageFault_Handler
 .text.SVC_Handler
                0x00000000080018c2        0xe ./Core/Src/stm32u5xx_it.o
                0x00000000080018c2                SVC_Handler
 .text.DebugMon_Handler
                0x00000000080018d0        0xe ./Core/Src/stm32u5xx_it.o
                0x00000000080018d0                DebugMon_Handler
 .text.PendSV_Handler
                0x00000000080018de        0xe ./Core/Src/stm32u5xx_it.o
                0x00000000080018de                PendSV_Handler
 .text.SysTick_Handler
                0x00000000080018ec        0xc ./Core/Src/stm32u5xx_it.o
                0x00000000080018ec                SysTick_Handler
 .text._sbrk    0x00000000080018f8       0x6c ./Core/Src/sysmem.o
                0x00000000080018f8                _sbrk
 .text.SystemInit
                0x0000000008001964       0x70 ./Core/Src/system_stm32u5xx.o
                0x0000000008001964                SystemInit
 .text.Reset_Handler
                0x00000000080019d4       0x50 ./Core/Startup/startup_stm32u545retxq.o
                0x00000000080019d4                Reset_Handler
 .text.Default_Handler
                0x0000000008001a24        0x2 ./Core/Startup/startup_stm32u545retxq.o
                0x0000000008001a24                EXTI2_IRQHandler
                0x0000000008001a24                TIM8_TRG_COM_IRQHandler
                0x0000000008001a24                TIM8_CC_IRQHandler
                0x0000000008001a24                EXTI5_IRQHandler
                0x0000000008001a24                FLASH_S_IRQHandler
                0x0000000008001a24                EXTI13_IRQHandler
                0x0000000008001a24                TIM1_CC_IRQHandler
                0x0000000008001a24                TSC_IRQHandler
                0x0000000008001a24                TAMP_IRQHandler
                0x0000000008001a24                TIM6_IRQHandler
                0x0000000008001a24                EXTI12_IRQHandler
                0x0000000008001a24                CORDIC_IRQHandler
                0x0000000008001a24                EXTI3_IRQHandler
                0x0000000008001a24                LPTIM4_IRQHandler
                0x0000000008001a24                GPDMA1_Channel5_IRQHandler
                0x0000000008001a24                EXTI8_IRQHandler
                0x0000000008001a24                LPTIM2_IRQHandler
                0x0000000008001a24                I2C3_ER_IRQHandler
                0x0000000008001a24                PWR_S3WU_IRQHandler
                0x0000000008001a24                LPDMA1_Channel3_IRQHandler
                0x0000000008001a24                LPTIM3_IRQHandler
                0x0000000008001a24                EXTI0_IRQHandler
                0x0000000008001a24                I2C2_EV_IRQHandler
                0x0000000008001a24                FPU_IRQHandler
                0x0000000008001a24                GPDMA1_Channel3_IRQHandler
                0x0000000008001a24                GPDMA1_Channel7_IRQHandler
                0x0000000008001a24                FDCAN1_IT1_IRQHandler
                0x0000000008001a24                RAMCFG_IRQHandler
                0x0000000008001a24                GPDMA1_Channel9_IRQHandler
                0x0000000008001a24                DCACHE1_IRQHandler
                0x0000000008001a24                SPI1_IRQHandler
                0x0000000008001a24                OCTOSPI1_IRQHandler
                0x0000000008001a24                GPDMA1_Channel2_IRQHandler
                0x0000000008001a24                TIM8_UP_IRQHandler
                0x0000000008001a24                RCC_S_IRQHandler
                0x0000000008001a24                MDF1_FLT1_IRQHandler
                0x0000000008001a24                ADC1_IRQHandler
                0x0000000008001a24                PKA_IRQHandler
                0x0000000008001a24                EXTI15_IRQHandler
                0x0000000008001a24                TIM17_IRQHandler
                0x0000000008001a24                USART3_IRQHandler
                0x0000000008001a24                RTC_IRQHandler
                0x0000000008001a24                EXTI9_IRQHandler
                0x0000000008001a24                UART5_IRQHandler
                0x0000000008001a24                TIM4_IRQHandler
                0x0000000008001a24                I2C1_EV_IRQHandler
                0x0000000008001a24                GPDMA1_Channel12_IRQHandler
                0x0000000008001a24                GPDMA1_Channel1_IRQHandler
                0x0000000008001a24                TIM16_IRQHandler
                0x0000000008001a24                GPDMA1_Channel15_IRQHandler
                0x0000000008001a24                UART4_IRQHandler
                0x0000000008001a24                SecureFault_Handler
                0x0000000008001a24                TIM3_IRQHandler
                0x0000000008001a24                RCC_IRQHandler
                0x0000000008001a24                TIM1_TRG_COM_IRQHandler
                0x0000000008001a24                Default_Handler
                0x0000000008001a24                GPDMA1_Channel8_IRQHandler
                0x0000000008001a24                FMAC_IRQHandler
                0x0000000008001a24                OTFDEC1_IRQHandler
                0x0000000008001a24                GPDMA1_Channel11_IRQHandler
                0x0000000008001a24                TIM7_IRQHandler
                0x0000000008001a24                SDMMC1_IRQHandler
                0x0000000008001a24                SAES_IRQHandler
                0x0000000008001a24                TIM5_IRQHandler
                0x0000000008001a24                GPDMA1_Channel0_IRQHandler
                0x0000000008001a24                TIM15_IRQHandler
                0x0000000008001a24                I2C3_EV_IRQHandler
                0x0000000008001a24                USB_IRQHandler
                0x0000000008001a24                LPDMA1_Channel0_IRQHandler
                0x0000000008001a24                PVD_PVM_IRQHandler
                0x0000000008001a24                SPI2_IRQHandler
                0x0000000008001a24                LPDMA1_Channel1_IRQHandler
                0x0000000008001a24                EXTI14_IRQHandler
                0x0000000008001a24                EXTI11_IRQHandler
                0x0000000008001a24                CRS_IRQHandler
                0x0000000008001a24                GPDMA1_Channel14_IRQHandler
                0x0000000008001a24                LSECSSD_IRQHandler
                0x0000000008001a24                EXTI4_IRQHandler
                0x0000000008001a24                RTC_S_IRQHandler
                0x0000000008001a24                GPDMA1_Channel13_IRQHandler
                0x0000000008001a24                RNG_IRQHandler
                0x0000000008001a24                COMP_IRQHandler
                0x0000000008001a24                TIM1_UP_IRQHandler
                0x0000000008001a24                ADC4_IRQHandler
                0x0000000008001a24                WWDG_IRQHandler
                0x0000000008001a24                I2C4_EV_IRQHandler
                0x0000000008001a24                ADF1_IRQHandler
                0x0000000008001a24                IWDG_IRQHandler
                0x0000000008001a24                LPUART1_IRQHandler
                0x0000000008001a24                MDF1_FLT0_IRQHandler
                0x0000000008001a24                FDCAN1_IT0_IRQHandler
                0x0000000008001a24                TIM2_IRQHandler
                0x0000000008001a24                GPDMA1_Channel4_IRQHandler
                0x0000000008001a24                EXTI7_IRQHandler
                0x0000000008001a24                TIM1_BRK_IRQHandler
                0x0000000008001a24                EXTI1_IRQHandler
                0x0000000008001a24                AES_IRQHandler
                0x0000000008001a24                DAC1_IRQHandler
                0x0000000008001a24                GTZC_IRQHandler
                0x0000000008001a24                GPDMA1_Channel6_IRQHandler
                0x0000000008001a24                I2C2_ER_IRQHandler
                0x0000000008001a24                TIM8_BRK_IRQHandler
                0x0000000008001a24                FLASH_IRQHandler
                0x0000000008001a24                USART1_IRQHandler
                0x0000000008001a24                EXTI10_IRQHandler
                0x0000000008001a24                SPI3_IRQHandler
                0x0000000008001a24                LPDMA1_Channel2_IRQHandler
                0x0000000008001a24                I2C1_ER_IRQHandler
                0x0000000008001a24                EXTI6_IRQHandler
                0x0000000008001a24                LPTIM1_IRQHandler
                0x0000000008001a24                DCMI_PSSI_IRQHandler
                0x0000000008001a24                I2C4_ER_IRQHandler
                0x0000000008001a24                GPDMA1_Channel10_IRQHandler
                0x0000000008001a24                ICACHE_IRQHandler
                0x0000000008001a24                SAI1_IRQHandler
                0x0000000008001a24                HASH_IRQHandler
 *fill*         0x0000000008001a26        0x2 
 .text.HAL_Init
                0x0000000008001a28       0x5c ./Drivers/STM32U5xx_HAL_Driver/Src/stm32u5xx_hal.o
                0x0000000008001a28                HAL_Init
 .text.HAL_InitTick
                0x0000000008001a84       0x6c ./Drivers/STM32U5xx_HAL_Driver/Src/stm32u5xx_hal.o
                0x0000000008001a84                HAL_InitTick
 .text.HAL_IncTick
                0x0000000008001af0       0x28 ./Drivers/STM32U5xx_HAL_Driver/Src/stm32u5xx_hal.o
                0x0000000008001af0                HAL_IncTick
 .text.HAL_GetTick
                0x0000000008001b18       0x18 ./Drivers/STM32U5xx_HAL_Driver/Src/stm32u5xx_hal.o
                0x0000000008001b18                HAL_GetTick
 .text.HAL_Delay
                0x0000000008001b30       0x48 ./Drivers/STM32U5xx_HAL_Driver/Src/stm32u5xx_hal.o
                0x0000000008001b30                HAL_Delay
 .text.__NVIC_SetPriorityGrouping
                0x0000000008001b78       0x48 ./Drivers/STM32U5xx_HAL_Driver/Src/stm32u5xx_hal_cortex.o
 .text.__NVIC_GetPriorityGrouping
                0x0000000008001bc0       0x1c ./Drivers/STM32U5xx_HAL_Driver/Src/stm32u5xx_hal_cortex.o
 .text.__NVIC_SetPriority
                0x0000000008001bdc       0x54 ./Drivers/STM32U5xx_HAL_Driver/Src/stm32u5xx_hal_cortex.o
 .text.NVIC_EncodePriority
                0x0000000008001c30       0x66 ./Drivers/STM32U5xx_HAL_Driver/Src/stm32u5xx_hal_cortex.o
 *fill*         0x0000000008001c96        0x2 
 .text.SysTick_Config
                0x0000000008001c98       0x44 ./Drivers/STM32U5xx_HAL_Driver/Src/stm32u5xx_hal_cortex.o
 .text.HAL_NVIC_SetPriorityGrouping
                0x0000000008001cdc       0x16 ./Drivers/STM32U5xx_HAL_Driver/Src/stm32u5xx_hal_cortex.o
                0x0000000008001cdc                HAL_NVIC_SetPriorityGrouping
 .text.HAL_NVIC_SetPriority
                0x0000000008001cf2       0x34 ./Drivers/STM32U5xx_HAL_Driver/Src/stm32u5xx_hal_cortex.o
                0x0000000008001cf2                HAL_NVIC_SetPriority
 .text.HAL_SYSTICK_Config
                0x0000000008001d26       0x18 ./Drivers/STM32U5xx_HAL_Driver/Src/stm32u5xx_hal_cortex.o
                0x0000000008001d26                HAL_SYSTICK_Config
 *fill*         0x0000000008001d3e        0x2 
 .text.HAL_GPIO_Init
                0x0000000008001d40      0x3b0 ./Drivers/STM32U5xx_HAL_Driver/Src/stm32u5xx_hal_gpio.o
                0x0000000008001d40                HAL_GPIO_Init
 .text.HAL_GPIO_WritePin
                0x00000000080020f0       0x30 ./Drivers/STM32U5xx_HAL_Driver/Src/stm32u5xx_hal_gpio.o
                0x00000000080020f0                HAL_GPIO_WritePin
 .text.HAL_PCD_Init
                0x0000000008002120      0x218 ./Drivers/STM32U5xx_HAL_Driver/Src/stm32u5xx_hal_pcd.o
                0x0000000008002120                HAL_PCD_Init
 .text.HAL_PCDEx_ActivateLPM
                0x0000000008002338       0x44 ./Drivers/STM32U5xx_HAL_Driver/Src/stm32u5xx_hal_pcd_ex.o
                0x0000000008002338                HAL_PCDEx_ActivateLPM
 .text.HAL_PWREx_ControlVoltageScaling
                0x000000000800237c       0xfc ./Drivers/STM32U5xx_HAL_Driver/Src/stm32u5xx_hal_pwr_ex.o
                0x000000000800237c                HAL_PWREx_ControlVoltageScaling
 .text.HAL_PWREx_GetVoltageRange
                0x0000000008002478       0x1c ./Drivers/STM32U5xx_HAL_Driver/Src/stm32u5xx_hal_pwr_ex.o
                0x0000000008002478                HAL_PWREx_GetVoltageRange
 .text.HAL_PWREx_EnableVddUSB
                0x0000000008002494       0x20 ./Drivers/STM32U5xx_HAL_Driver/Src/stm32u5xx_hal_pwr_ex.o
                0x0000000008002494                HAL_PWREx_EnableVddUSB
 .text.HAL_RCC_OscConfig
                0x00000000080024b4      0xdb8 ./Drivers/STM32U5xx_HAL_Driver/Src/stm32u5xx_hal_rcc.o
                0x00000000080024b4                HAL_RCC_OscConfig
 .text.HAL_RCC_ClockConfig
                0x000000000800326c      0x3e4 ./Drivers/STM32U5xx_HAL_Driver/Src/stm32u5xx_hal_rcc.o
                0x000000000800326c                HAL_RCC_ClockConfig
 .text.HAL_RCC_GetSysClockFreq
                0x0000000008003650      0x210 ./Drivers/STM32U5xx_HAL_Driver/Src/stm32u5xx_hal_rcc.o
                0x0000000008003650                HAL_RCC_GetSysClockFreq
 .text.HAL_RCC_GetHCLKFreq
                0x0000000008003860       0x34 ./Drivers/STM32U5xx_HAL_Driver/Src/stm32u5xx_hal_rcc.o
                0x0000000008003860                HAL_RCC_GetHCLKFreq
 .text.HAL_RCC_GetPCLK1Freq
                0x0000000008003894       0x28 ./Drivers/STM32U5xx_HAL_Driver/Src/stm32u5xx_hal_rcc.o
                0x0000000008003894                HAL_RCC_GetPCLK1Freq
 .text.HAL_RCC_GetPCLK2Freq
                0x00000000080038bc       0x28 ./Drivers/STM32U5xx_HAL_Driver/Src/stm32u5xx_hal_rcc.o
                0x00000000080038bc                HAL_RCC_GetPCLK2Freq
 .text.HAL_RCC_GetPCLK3Freq
                0x00000000080038e4       0x28 ./Drivers/STM32U5xx_HAL_Driver/Src/stm32u5xx_hal_rcc.o
                0x00000000080038e4                HAL_RCC_GetPCLK3Freq
 .text.RCC_SetFlashLatencyFromMSIRange
                0x000000000800390c      0x10c ./Drivers/STM32U5xx_HAL_Driver/Src/stm32u5xx_hal_rcc.o
 .text.HAL_RCCEx_PeriphCLKConfig
                0x0000000008003a18      0xa7c ./Drivers/STM32U5xx_HAL_Driver/Src/stm32u5xx_hal_rcc_ex.o
                0x0000000008003a18                HAL_RCCEx_PeriphCLKConfig
 .text.HAL_RCCEx_GetPLL1ClockFreq
                0x0000000008004494      0x2d0 ./Drivers/STM32U5xx_HAL_Driver/Src/stm32u5xx_hal_rcc_ex.o
                0x0000000008004494                HAL_RCCEx_GetPLL1ClockFreq
 .text.HAL_RCCEx_GetPLL2ClockFreq
                0x0000000008004764      0x2d0 ./Drivers/STM32U5xx_HAL_Driver/Src/stm32u5xx_hal_rcc_ex.o
                0x0000000008004764                HAL_RCCEx_GetPLL2ClockFreq
 .text.HAL_RCCEx_GetPLL3ClockFreq
                0x0000000008004a34      0x2d0 ./Drivers/STM32U5xx_HAL_Driver/Src/stm32u5xx_hal_rcc_ex.o
                0x0000000008004a34                HAL_RCCEx_GetPLL3ClockFreq
 .text.HAL_RCCEx_GetPeriphCLKFreq
                0x0000000008004d04     0x1284 ./Drivers/STM32U5xx_HAL_Driver/Src/stm32u5xx_hal_rcc_ex.o
                0x0000000008004d04                HAL_RCCEx_GetPeriphCLKFreq
 .text.RCCEx_PLL2_Config
                0x0000000008005f88      0x130 ./Drivers/STM32U5xx_HAL_Driver/Src/stm32u5xx_hal_rcc_ex.o
 .text.RCCEx_PLL3_Config
                0x00000000080060b8      0x130 ./Drivers/STM32U5xx_HAL_Driver/Src/stm32u5xx_hal_rcc_ex.o
 .text.HAL_RTC_Init
                0x00000000080061e8      0x104 ./Drivers/STM32U5xx_HAL_Driver/Src/stm32u5xx_hal_rtc.o
                0x00000000080061e8                HAL_RTC_Init
 .text.HAL_RTC_WaitForSynchro
                0x00000000080062ec       0x64 ./Drivers/STM32U5xx_HAL_Driver/Src/stm32u5xx_hal_rtc.o
                0x00000000080062ec                HAL_RTC_WaitForSynchro
 .text.RTC_EnterInitMode
                0x0000000008006350       0x78 ./Drivers/STM32U5xx_HAL_Driver/Src/stm32u5xx_hal_rtc.o
                0x0000000008006350                RTC_EnterInitMode
 .text.RTC_ExitInitMode
                0x00000000080063c8       0x7c ./Drivers/STM32U5xx_HAL_Driver/Src/stm32u5xx_hal_rtc.o
                0x00000000080063c8                RTC_ExitInitMode
 .text.HAL_RTCEx_PrivilegeModeSet
                0x0000000008006444       0x5c ./Drivers/STM32U5xx_HAL_Driver/Src/stm32u5xx_hal_rtc_ex.o
                0x0000000008006444                HAL_RTCEx_PrivilegeModeSet
 .text.HAL_SD_Init
                0x00000000080064a0      0x106 ./Drivers/STM32U5xx_HAL_Driver/Src/stm32u5xx_hal_sd.o
                0x00000000080064a0                HAL_SD_Init
 *fill*         0x00000000080065a6        0x2 
 .text.HAL_SD_InitCard
                0x00000000080065a8      0x138 ./Drivers/STM32U5xx_HAL_Driver/Src/stm32u5xx_hal_sd.o
                0x00000000080065a8                HAL_SD_InitCard
 .text.HAL_SD_GetCardCSD
                0x00000000080066e0      0x348 ./Drivers/STM32U5xx_HAL_Driver/Src/stm32u5xx_hal_sd.o
                0x00000000080066e0                HAL_SD_GetCardCSD
 .text.HAL_SD_GetCardStatus
                0x0000000008006a28      0x17c ./Drivers/STM32U5xx_HAL_Driver/Src/stm32u5xx_hal_sd.o
                0x0000000008006a28                HAL_SD_GetCardStatus
 .text.HAL_SD_ConfigWideBusOperation
                0x0000000008006ba4      0x224 ./Drivers/STM32U5xx_HAL_Driver/Src/stm32u5xx_hal_sd.o
                0x0000000008006ba4                HAL_SD_ConfigWideBusOperation
 .text.HAL_SD_GetCardState
                0x0000000008006dc8       0x40 ./Drivers/STM32U5xx_HAL_Driver/Src/stm32u5xx_hal_sd.o
                0x0000000008006dc8                HAL_SD_GetCardState
 .text.SD_InitCard
                0x0000000008006e08      0x19c ./Drivers/STM32U5xx_HAL_Driver/Src/stm32u5xx_hal_sd.o
 .text.SD_PowerON
                0x0000000008006fa4      0x11c ./Drivers/STM32U5xx_HAL_Driver/Src/stm32u5xx_hal_sd.o
 .text.SD_SendSDStatus
                0x00000000080070c0      0x1a0 ./Drivers/STM32U5xx_HAL_Driver/Src/stm32u5xx_hal_sd.o
 .text.SD_SendStatus
                0x0000000008007260       0x50 ./Drivers/STM32U5xx_HAL_Driver/Src/stm32u5xx_hal_sd.o
 .text.SD_WideBus_Enable
                0x00000000080072b0       0x96 ./Drivers/STM32U5xx_HAL_Driver/Src/stm32u5xx_hal_sd.o
 .text.SD_WideBus_Disable
                0x0000000008007346       0x96 ./Drivers/STM32U5xx_HAL_Driver/Src/stm32u5xx_hal_sd.o
 .text.SD_FindSCR
                0x00000000080073dc      0x1a0 ./Drivers/STM32U5xx_HAL_Driver/Src/stm32u5xx_hal_sd.o
 .text.HAL_SPI_Init
                0x000000000800757c      0x22c ./Drivers/STM32U5xx_HAL_Driver/Src/stm32u5xx_hal_spi.o
                0x000000000800757c                HAL_SPI_Init
 .text.HAL_SPI_Transmit
                0x00000000080077a8      0x43c ./Drivers/STM32U5xx_HAL_Driver/Src/stm32u5xx_hal_spi.o
                0x00000000080077a8                HAL_SPI_Transmit
 .text.SPI_CloseTransfer
                0x0000000008007be4      0x140 ./Drivers/STM32U5xx_HAL_Driver/Src/stm32u5xx_hal_spi.o
 .text.SPI_WaitOnFlagUntilTimeout
                0x0000000008007d24       0x5c ./Drivers/STM32U5xx_HAL_Driver/Src/stm32u5xx_hal_spi.o
 .text.SPI_GetPacketSize
                0x0000000008007d80       0x36 ./Drivers/STM32U5xx_HAL_Driver/Src/stm32u5xx_hal_spi.o
 .text.HAL_SPIEx_SetConfigAutonomousMode
                0x0000000008007db6       0x82 ./Drivers/STM32U5xx_HAL_Driver/Src/stm32u5xx_hal_spi_ex.o
                0x0000000008007db6                HAL_SPIEx_SetConfigAutonomousMode
 .text.HAL_TIM_Base_Init
                0x0000000008007e38       0xae ./Drivers/STM32U5xx_HAL_Driver/Src/stm32u5xx_hal_tim.o
                0x0000000008007e38                HAL_TIM_Base_Init
 *fill*         0x0000000008007ee6        0x2 
 .text.HAL_TIM_Base_Start_IT
                0x0000000008007ee8      0x140 ./Drivers/STM32U5xx_HAL_Driver/Src/stm32u5xx_hal_tim.o
                0x0000000008007ee8                HAL_TIM_Base_Start_IT
 .text.TIM_Base_SetConfig
                0x0000000008008028      0x1f4 ./Drivers/STM32U5xx_HAL_Driver/Src/stm32u5xx_hal_tim.o
                0x0000000008008028                TIM_Base_SetConfig
 .text.HAL_UART_Init
                0x000000000800821c       0xa0 ./Drivers/STM32U5xx_HAL_Driver/Src/stm32u5xx_hal_uart.o
                0x000000000800821c                HAL_UART_Init
 .text.HAL_UART_Transmit
                0x00000000080082bc      0x11c ./Drivers/STM32U5xx_HAL_Driver/Src/stm32u5xx_hal_uart.o
                0x00000000080082bc                HAL_UART_Transmit
 .text.UART_SetConfig
                0x00000000080083d8      0x330 ./Drivers/STM32U5xx_HAL_Driver/Src/stm32u5xx_hal_uart.o
                0x00000000080083d8                UART_SetConfig
 .text.UART_AdvFeatureConfig
                0x0000000008008708      0x144 ./Drivers/STM32U5xx_HAL_Driver/Src/stm32u5xx_hal_uart.o
                0x0000000008008708                UART_AdvFeatureConfig
 .text.UART_CheckIdleState
                0x000000000800884c      0x154 ./Drivers/STM32U5xx_HAL_Driver/Src/stm32u5xx_hal_uart.o
                0x000000000800884c                UART_CheckIdleState
 .text.UART_WaitOnFlagUntilTimeout
                0x00000000080089a0       0xce ./Drivers/STM32U5xx_HAL_Driver/Src/stm32u5xx_hal_uart.o
                0x00000000080089a0                UART_WaitOnFlagUntilTimeout
 .text.UART_EndRxTransfer
                0x0000000008008a6e       0xcc ./Drivers/STM32U5xx_HAL_Driver/Src/stm32u5xx_hal_uart.o
 .text.HAL_UARTEx_DisableFifoMode
                0x0000000008008b3a       0x72 ./Drivers/STM32U5xx_HAL_Driver/Src/stm32u5xx_hal_uart_ex.o
                0x0000000008008b3a                HAL_UARTEx_DisableFifoMode
 .text.HAL_UARTEx_SetTxFifoThreshold
                0x0000000008008bac       0x7c ./Drivers/STM32U5xx_HAL_Driver/Src/stm32u5xx_hal_uart_ex.o
                0x0000000008008bac                HAL_UARTEx_SetTxFifoThreshold
 .text.HAL_UARTEx_SetRxFifoThreshold
                0x0000000008008c28       0x7c ./Drivers/STM32U5xx_HAL_Driver/Src/stm32u5xx_hal_uart_ex.o
                0x0000000008008c28                HAL_UARTEx_SetRxFifoThreshold
 .text.UARTEx_SetNbDataToProcess
                0x0000000008008ca4       0x9c ./Drivers/STM32U5xx_HAL_Driver/Src/stm32u5xx_hal_uart_ex.o
 .text.SDMMC_Init
                0x0000000008008d40       0x54 ./Drivers/STM32U5xx_HAL_Driver/Src/stm32u5xx_ll_sdmmc.o
                0x0000000008008d40                SDMMC_Init
 .text.SDMMC_ReadFIFO
                0x0000000008008d94       0x1a ./Drivers/STM32U5xx_HAL_Driver/Src/stm32u5xx_ll_sdmmc.o
                0x0000000008008d94                SDMMC_ReadFIFO
 .text.SDMMC_PowerState_ON
                0x0000000008008dae       0x22 ./Drivers/STM32U5xx_HAL_Driver/Src/stm32u5xx_ll_sdmmc.o
                0x0000000008008dae                SDMMC_PowerState_ON
 .text.SDMMC_GetPowerState
                0x0000000008008dd0       0x1c ./Drivers/STM32U5xx_HAL_Driver/Src/stm32u5xx_ll_sdmmc.o
                0x0000000008008dd0                SDMMC_GetPowerState
 .text.SDMMC_SendCommand
                0x0000000008008dec       0x54 ./Drivers/STM32U5xx_HAL_Driver/Src/stm32u5xx_ll_sdmmc.o
                0x0000000008008dec                SDMMC_SendCommand
 .text.SDMMC_GetCommandResponse
                0x0000000008008e40       0x1a ./Drivers/STM32U5xx_HAL_Driver/Src/stm32u5xx_ll_sdmmc.o
                0x0000000008008e40                SDMMC_GetCommandResponse
 .text.SDMMC_GetResponse
                0x0000000008008e5a       0x26 ./Drivers/STM32U5xx_HAL_Driver/Src/stm32u5xx_ll_sdmmc.o
                0x0000000008008e5a                SDMMC_GetResponse
 .text.SDMMC_ConfigData
                0x0000000008008e80       0x58 ./Drivers/STM32U5xx_HAL_Driver/Src/stm32u5xx_ll_sdmmc.o
                0x0000000008008e80                SDMMC_ConfigData
 .text.SDMMC_CmdBlockLength
                0x0000000008008ed8       0x46 ./Drivers/STM32U5xx_HAL_Driver/Src/stm32u5xx_ll_sdmmc.o
                0x0000000008008ed8                SDMMC_CmdBlockLength
 .text.SDMMC_CmdSelDesel
                0x0000000008008f1e       0x46 ./Drivers/STM32U5xx_HAL_Driver/Src/stm32u5xx_ll_sdmmc.o
                0x0000000008008f1e                SDMMC_CmdSelDesel
 .text.SDMMC_CmdGoIdleState
                0x0000000008008f64       0x3c ./Drivers/STM32U5xx_HAL_Driver/Src/stm32u5xx_ll_sdmmc.o
                0x0000000008008f64                SDMMC_CmdGoIdleState
 .text.SDMMC_CmdOperCond
                0x0000000008008fa0       0x40 ./Drivers/STM32U5xx_HAL_Driver/Src/stm32u5xx_ll_sdmmc.o
                0x0000000008008fa0                SDMMC_CmdOperCond
 .text.SDMMC_CmdAppCommand
                0x0000000008008fe0       0x46 ./Drivers/STM32U5xx_HAL_Driver/Src/stm32u5xx_ll_sdmmc.o
                0x0000000008008fe0                SDMMC_CmdAppCommand
 .text.SDMMC_CmdAppOperCommand
                0x0000000008009026       0x40 ./Drivers/STM32U5xx_HAL_Driver/Src/stm32u5xx_ll_sdmmc.o
                0x0000000008009026                SDMMC_CmdAppOperCommand
 .text.SDMMC_CmdBusWidth
                0x0000000008009066       0x46 ./Drivers/STM32U5xx_HAL_Driver/Src/stm32u5xx_ll_sdmmc.o
                0x0000000008009066                SDMMC_CmdBusWidth
 .text.SDMMC_CmdSendSCR
                0x00000000080090ac       0x44 ./Drivers/STM32U5xx_HAL_Driver/Src/stm32u5xx_ll_sdmmc.o
                0x00000000080090ac                SDMMC_CmdSendSCR
 .text.SDMMC_CmdSendCID
                0x00000000080090f0       0x3e ./Drivers/STM32U5xx_HAL_Driver/Src/stm32u5xx_ll_sdmmc.o
                0x00000000080090f0                SDMMC_CmdSendCID
 .text.SDMMC_CmdSendCSD
                0x000000000800912e       0x40 ./Drivers/STM32U5xx_HAL_Driver/Src/stm32u5xx_ll_sdmmc.o
                0x000000000800912e                SDMMC_CmdSendCSD
 .text.SDMMC_CmdSetRelAdd
                0x000000000800916e       0x44 ./Drivers/STM32U5xx_HAL_Driver/Src/stm32u5xx_ll_sdmmc.o
                0x000000000800916e                SDMMC_CmdSetRelAdd
 .text.SDMMC_CmdSendStatus
                0x00000000080091b2       0x46 ./Drivers/STM32U5xx_HAL_Driver/Src/stm32u5xx_ll_sdmmc.o
                0x00000000080091b2                SDMMC_CmdSendStatus
 .text.SDMMC_CmdStatusRegister
                0x00000000080091f8       0x44 ./Drivers/STM32U5xx_HAL_Driver/Src/stm32u5xx_ll_sdmmc.o
                0x00000000080091f8                SDMMC_CmdStatusRegister
 .text.SDMMC_GetCmdResp1
                0x000000000800923c      0x1e4 ./Drivers/STM32U5xx_HAL_Driver/Src/stm32u5xx_ll_sdmmc.o
                0x000000000800923c                SDMMC_GetCmdResp1
 .text.SDMMC_GetCmdResp2
                0x0000000008009420       0x94 ./Drivers/STM32U5xx_HAL_Driver/Src/stm32u5xx_ll_sdmmc.o
                0x0000000008009420                SDMMC_GetCmdResp2
 .text.SDMMC_GetCmdResp3
                0x00000000080094b4       0x80 ./Drivers/STM32U5xx_HAL_Driver/Src/stm32u5xx_ll_sdmmc.o
                0x00000000080094b4                SDMMC_GetCmdResp3
 .text.SDMMC_GetCmdResp6
                0x0000000008009534       0xf0 ./Drivers/STM32U5xx_HAL_Driver/Src/stm32u5xx_ll_sdmmc.o
                0x0000000008009534                SDMMC_GetCmdResp6
 .text.SDMMC_GetCmdResp7
                0x0000000008009624       0x9c ./Drivers/STM32U5xx_HAL_Driver/Src/stm32u5xx_ll_sdmmc.o
                0x0000000008009624                SDMMC_GetCmdResp7
 .text.SDMMC_GetCmdError
                0x00000000080096c0       0x5c ./Drivers/STM32U5xx_HAL_Driver/Src/stm32u5xx_ll_sdmmc.o
 .text.USB_CoreReset
                0x000000000800971c       0x2e ./Drivers/STM32U5xx_HAL_Driver/Src/stm32u5xx_ll_usb.o
 .text.USB_CoreInit
                0x000000000800974a       0x3c ./Drivers/STM32U5xx_HAL_Driver/Src/stm32u5xx_ll_usb.o
                0x000000000800974a                USB_CoreInit
 .text.USB_DisableGlobalInt
                0x0000000008009786       0x2a ./Drivers/STM32U5xx_HAL_Driver/Src/stm32u5xx_ll_usb.o
                0x0000000008009786                USB_DisableGlobalInt
 .text.USB_SetCurrentMode
                0x00000000080097b0       0x46 ./Drivers/STM32U5xx_HAL_Driver/Src/stm32u5xx_ll_usb.o
                0x00000000080097b0                USB_SetCurrentMode
 .text.USB_DevInit
                0x00000000080097f6       0x46 ./Drivers/STM32U5xx_HAL_Driver/Src/stm32u5xx_ll_usb.o
                0x00000000080097f6                USB_DevInit
 .text.USB_DevDisconnect
                0x000000000800983c       0x22 ./Drivers/STM32U5xx_HAL_Driver/Src/stm32u5xx_ll_usb.o
                0x000000000800983c                USB_DevDisconnect
 *fill*         0x000000000800985e        0x2 
 .text.__errno  0x0000000008009860        0xc /app/stm32cubeide/plugins/com.st.stm32cube.ide.mcu.externaltools.gnu-tools-for-stm32.10.3-2021.10.linux64_1.0.200.202301161003/tools/bin/../lib/gcc/arm-none-eabi/10.3.1/../../../../arm-none-eabi/lib/thumb/v8-m.main+fp/hard/libc_nano.a(lib_a-errno.o)
                0x0000000008009860                __errno
 .text.__libc_init_array
                0x000000000800986c       0x48 /app/stm32cubeide/plugins/com.st.stm32cube.ide.mcu.externaltools.gnu-tools-for-stm32.10.3-2021.10.linux64_1.0.200.202301161003/tools/bin/../lib/gcc/arm-none-eabi/10.3.1/../../../../arm-none-eabi/lib/thumb/v8-m.main+fp/hard/libc_nano.a(lib_a-init.o)
                0x000000000800986c                __libc_init_array
 .text.memset   0x00000000080098b4       0x10 /app/stm32cubeide/plugins/com.st.stm32cube.ide.mcu.externaltools.gnu-tools-for-stm32.10.3-2021.10.linux64_1.0.200.202301161003/tools/bin/../lib/gcc/arm-none-eabi/10.3.1/../../../../arm-none-eabi/lib/thumb/v8-m.main+fp/hard/libc_nano.a(lib_a-memset.o)
                0x00000000080098b4                memset
 .text.sprintf  0x00000000080098c4       0x40 /app/stm32cubeide/plugins/com.st.stm32cube.ide.mcu.externaltools.gnu-tools-for-stm32.10.3-2021.10.linux64_1.0.200.202301161003/tools/bin/../lib/gcc/arm-none-eabi/10.3.1/../../../../arm-none-eabi/lib/thumb/v8-m.main+fp/hard/libc_nano.a(lib_a-sprintf.o)
                0x00000000080098c4                sprintf
                0x00000000080098c4                siprintf
 .text.__ssputs_r
                0x0000000008009904       0xb6 /app/stm32cubeide/plugins/com.st.stm32cube.ide.mcu.externaltools.gnu-tools-for-stm32.10.3-2021.10.linux64_1.0.200.202301161003/tools/bin/../lib/gcc/arm-none-eabi/10.3.1/../../../../arm-none-eabi/lib/thumb/v8-m.main+fp/hard/libc_nano.a(lib_a-nano-svfprintf.o)
                0x0000000008009904                __ssputs_r
 *fill*         0x00000000080099ba        0x2 
 .text._svfprintf_r
                0x00000000080099bc      0x200 /app/stm32cubeide/plugins/com.st.stm32cube.ide.mcu.externaltools.gnu-tools-for-stm32.10.3-2021.10.linux64_1.0.200.202301161003/tools/bin/../lib/gcc/arm-none-eabi/10.3.1/../../../../arm-none-eabi/lib/thumb/v8-m.main+fp/hard/libc_nano.a(lib_a-nano-svfprintf.o)
                0x00000000080099bc                _svfprintf_r
                0x00000000080099bc                _svfiprintf_r
 .text._printf_common
                0x0000000008009bbc       0xe0 /app/stm32cubeide/plugins/com.st.stm32cube.ide.mcu.externaltools.gnu-tools-for-stm32.10.3-2021.10.linux64_1.0.200.202301161003/tools/bin/../lib/gcc/arm-none-eabi/10.3.1/../../../../arm-none-eabi/lib/thumb/v8-m.main+fp/hard/libc_nano.a(lib_a-nano-vfprintf_i.o)
                0x0000000008009bbc                _printf_common
 .text._printf_i
                0x0000000008009c9c      0x24c /app/stm32cubeide/plugins/com.st.stm32cube.ide.mcu.externaltools.gnu-tools-for-stm32.10.3-2021.10.linux64_1.0.200.202301161003/tools/bin/../lib/gcc/arm-none-eabi/10.3.1/../../../../arm-none-eabi/lib/thumb/v8-m.main+fp/hard/libc_nano.a(lib_a-nano-vfprintf_i.o)
                0x0000000008009c9c                _printf_i
 .text.memchr   0x0000000008009ee8       0x1c /app/stm32cubeide/plugins/com.st.stm32cube.ide.mcu.externaltools.gnu-tools-for-stm32.10.3-2021.10.linux64_1.0.200.202301161003/tools/bin/../lib/gcc/arm-none-eabi/10.3.1/../../../../arm-none-eabi/lib/thumb/v8-m.main+fp/hard/libc_nano.a(lib_a-memchr-stub.o)
                0x0000000008009ee8                memchr
 .text.memcpy   0x0000000008009f04       0x1a /app/stm32cubeide/plugins/com.st.stm32cube.ide.mcu.externaltools.gnu-tools-for-stm32.10.3-2021.10.linux64_1.0.200.202301161003/tools/bin/../lib/gcc/arm-none-eabi/10.3.1/../../../../arm-none-eabi/lib/thumb/v8-m.main+fp/hard/libc_nano.a(lib_a-memcpy-stub.o)
                0x0000000008009f04                memcpy
 .text.memmove  0x0000000008009f1e       0x34 /app/stm32cubeide/plugins/com.st.stm32cube.ide.mcu.externaltools.gnu-tools-for-stm32.10.3-2021.10.linux64_1.0.200.202301161003/tools/bin/../lib/gcc/arm-none-eabi/10.3.1/../../../../arm-none-eabi/lib/thumb/v8-m.main+fp/hard/libc_nano.a(lib_a-memmove.o)
                0x0000000008009f1e                memmove
 *fill*         0x0000000008009f52        0x2 
 .text._free_r  0x0000000008009f54       0x98 /app/stm32cubeide/plugins/com.st.stm32cube.ide.mcu.externaltools.gnu-tools-for-stm32.10.3-2021.10.linux64_1.0.200.202301161003/tools/bin/../lib/gcc/arm-none-eabi/10.3.1/../../../../arm-none-eabi/lib/thumb/v8-m.main+fp/hard/libc_nano.a(lib_a-nano-freer.o)
                0x0000000008009f54                _free_r
 .text.sbrk_aligned
                0x0000000008009fec       0x40 /app/stm32cubeide/plugins/com.st.stm32cube.ide.mcu.externaltools.gnu-tools-for-stm32.10.3-2021.10.linux64_1.0.200.202301161003/tools/bin/../lib/gcc/arm-none-eabi/10.3.1/../../../../arm-none-eabi/lib/thumb/v8-m.main+fp/hard/libc_nano.a(lib_a-nano-mallocr.o)
 .text._malloc_r
                0x000000000800a02c       0xe8 /app/stm32cubeide/plugins/com.st.stm32cube.ide.mcu.externaltools.gnu-tools-for-stm32.10.3-2021.10.linux64_1.0.200.202301161003/tools/bin/../lib/gcc/arm-none-eabi/10.3.1/../../../../arm-none-eabi/lib/thumb/v8-m.main+fp/hard/libc_nano.a(lib_a-nano-mallocr.o)
                0x000000000800a02c                _malloc_r
 .text._realloc_r
                0x000000000800a114       0x5e /app/stm32cubeide/plugins/com.st.stm32cube.ide.mcu.externaltools.gnu-tools-for-stm32.10.3-2021.10.linux64_1.0.200.202301161003/tools/bin/../lib/gcc/arm-none-eabi/10.3.1/../../../../arm-none-eabi/lib/thumb/v8-m.main+fp/hard/libc_nano.a(lib_a-nano-reallocr.o)
                0x000000000800a114                _realloc_r
 *fill*         0x000000000800a172        0x2 
 .text._sbrk_r  0x000000000800a174       0x20 /app/stm32cubeide/plugins/com.st.stm32cube.ide.mcu.externaltools.gnu-tools-for-stm32.10.3-2021.10.linux64_1.0.200.202301161003/tools/bin/../lib/gcc/arm-none-eabi/10.3.1/../../../../arm-none-eabi/lib/thumb/v8-m.main+fp/hard/libc_nano.a(lib_a-sbrkr.o)
                0x000000000800a174                _sbrk_r
 .text.__malloc_lock
                0x000000000800a194        0xc /app/stm32cubeide/plugins/com.st.stm32cube.ide.mcu.externaltools.gnu-tools-for-stm32.10.3-2021.10.linux64_1.0.200.202301161003/tools/bin/../lib/gcc/arm-none-eabi/10.3.1/../../../../arm-none-eabi/lib/thumb/v8-m.main+fp/hard/libc_nano.a(lib_a-mlock.o)
                0x000000000800a194                __malloc_lock
 .text.__malloc_unlock
                0x000000000800a1a0        0xc /app/stm32cubeide/plugins/com.st.stm32cube.ide.mcu.externaltools.gnu-tools-for-stm32.10.3-2021.10.linux64_1.0.200.202301161003/tools/bin/../lib/gcc/arm-none-eabi/10.3.1/../../../../arm-none-eabi/lib/thumb/v8-m.main+fp/hard/libc_nano.a(lib_a-mlock.o)
                0x000000000800a1a0                __malloc_unlock
 .text._malloc_usable_size_r
                0x000000000800a1ac       0x10 /app/stm32cubeide/plugins/com.st.stm32cube.ide.mcu.externaltools.gnu-tools-for-stm32.10.3-2021.10.linux64_1.0.200.202301161003/tools/bin/../lib/gcc/arm-none-eabi/10.3.1/../../../../arm-none-eabi/lib/thumb/v8-m.main+fp/hard/libc_nano.a(lib_a-nano-msizer.o)
                0x000000000800a1ac                _malloc_usable_size_r
 .text.__retarget_lock_acquire_recursive
                0x000000000800a1bc        0x2 /app/stm32cubeide/plugins/com.st.stm32cube.ide.mcu.externaltools.gnu-tools-for-stm32.10.3-2021.10.linux64_1.0.200.202301161003/tools/bin/../lib/gcc/arm-none-eabi/10.3.1/../../../../arm-none-eabi/lib/thumb/v8-m.main+fp/hard/libc_nano.a(lib_a-lock.o)
                0x000000000800a1bc                __retarget_lock_acquire_recursive
 .text.__retarget_lock_release_recursive
                0x000000000800a1be        0x2 /app/stm32cubeide/plugins/com.st.stm32cube.ide.mcu.externaltools.gnu-tools-for-stm32.10.3-2021.10.linux64_1.0.200.202301161003/tools/bin/../lib/gcc/arm-none-eabi/10.3.1/../../../../arm-none-eabi/lib/thumb/v8-m.main+fp/hard/libc_nano.a(lib_a-lock.o)
                0x000000000800a1be                __retarget_lock_release_recursive
 *(.glue_7)
 .glue_7        0x000000000800a1c0        0x0 linker stubs
 *(.glue_7t)
 .glue_7t       0x000000000800a1c0        0x0 linker stubs
 *(.eh_frame)
 .eh_frame      0x000000000800a1c0        0x0 /app/stm32cubeide/plugins/com.st.stm32cube.ide.mcu.externaltools.gnu-tools-for-stm32.10.3-2021.10.linux64_1.0.200.202301161003/tools/bin/../lib/gcc/arm-none-eabi/10.3.1/thumb/v8-m.main+fp/hard/crtbegin.o
 *(.init)
 .init          0x000000000800a1c0        0x4 /app/stm32cubeide/plugins/com.st.stm32cube.ide.mcu.externaltools.gnu-tools-for-stm32.10.3-2021.10.linux64_1.0.200.202301161003/tools/bin/../lib/gcc/arm-none-eabi/10.3.1/thumb/v8-m.main+fp/hard/crti.o
                0x000000000800a1c0                _init
 .init          0x000000000800a1c4        0x8 /app/stm32cubeide/plugins/com.st.stm32cube.ide.mcu.externaltools.gnu-tools-for-stm32.10.3-2021.10.linux64_1.0.200.202301161003/tools/bin/../lib/gcc/arm-none-eabi/10.3.1/thumb/v8-m.main+fp/hard/crtn.o
 *(.fini)
 .fini          0x000000000800a1cc        0x4 /app/stm32cubeide/plugins/com.st.stm32cube.ide.mcu.externaltools.gnu-tools-for-stm32.10.3-2021.10.linux64_1.0.200.202301161003/tools/bin/../lib/gcc/arm-none-eabi/10.3.1/thumb/v8-m.main+fp/hard/crti.o
                0x000000000800a1cc                _fini
 .fini          0x000000000800a1d0        0x8 /app/stm32cubeide/plugins/com.st.stm32cube.ide.mcu.externaltools.gnu-tools-for-stm32.10.3-2021.10.linux64_1.0.200.202301161003/tools/bin/../lib/gcc/arm-none-eabi/10.3.1/thumb/v8-m.main+fp/hard/crtn.o
                0x000000000800a1d8                _etext = .

.vfp11_veneer   0x000000000800a1d8        0x0
 .vfp11_veneer  0x000000000800a1d8        0x0 linker stubs

.v4_bx          0x000000000800a1d8        0x0
 .v4_bx         0x000000000800a1d8        0x0 linker stubs

.iplt           0x000000000800a1d8        0x0
 .iplt          0x000000000800a1d8        0x0 /app/stm32cubeide/plugins/com.st.stm32cube.ide.mcu.externaltools.gnu-tools-for-stm32.10.3-2021.10.linux64_1.0.200.202301161003/tools/bin/../lib/gcc/arm-none-eabi/10.3.1/thumb/v8-m.main+fp/hard/crtbegin.o

.rodata         0x000000000800a1d8      0x14b
 *(.rodata)
 .rodata        0x000000000800a1d8       0x14 ./Core/Src/main.o
 *(.rodata*)
 .rodata.CMD_MS5607_RESET
                0x000000000800a1ec        0x1 ./Core/Src/ms5607.o
 *fill*         0x000000000800a1ed        0x3 
 .rodata.AHBPrescTable
                0x000000000800a1f0       0x10 ./Core/Src/system_stm32u5xx.o
                0x000000000800a1f0                AHBPrescTable
 .rodata.APBPrescTable
                0x000000000800a200        0x8 ./Core/Src/system_stm32u5xx.o
                0x000000000800a200                APBPrescTable
 .rodata.MSIRangeTable
                0x000000000800a208       0x40 ./Core/Src/system_stm32u5xx.o
                0x000000000800a208                MSIRangeTable
 .rodata.LPGPIO_Map
                0x000000000800a248       0x80 ./Drivers/STM32U5xx_HAL_Driver/Src/stm32u5xx_hal_gpio.o
 .rodata.UARTPrescTable
                0x000000000800a2c8       0x18 ./Drivers/STM32U5xx_HAL_Driver/Src/stm32u5xx_hal_uart.o
                0x000000000800a2c8                UARTPrescTable
 .rodata.numerator.1
                0x000000000800a2e0        0x8 ./Drivers/STM32U5xx_HAL_Driver/Src/stm32u5xx_hal_uart_ex.o
 .rodata.denominator.0
                0x000000000800a2e8        0x8 ./Drivers/STM32U5xx_HAL_Driver/Src/stm32u5xx_hal_uart_ex.o
 .rodata._svfprintf_r.str1.1
                0x000000000800a2f0       0x11 /app/stm32cubeide/plugins/com.st.stm32cube.ide.mcu.externaltools.gnu-tools-for-stm32.10.3-2021.10.linux64_1.0.200.202301161003/tools/bin/../lib/gcc/arm-none-eabi/10.3.1/../../../../arm-none-eabi/lib/thumb/v8-m.main+fp/hard/libc_nano.a(lib_a-nano-svfprintf.o)
 .rodata._printf_i.str1.1
                0x000000000800a301       0x22 /app/stm32cubeide/plugins/com.st.stm32cube.ide.mcu.externaltools.gnu-tools-for-stm32.10.3-2021.10.linux64_1.0.200.202301161003/tools/bin/../lib/gcc/arm-none-eabi/10.3.1/../../../../arm-none-eabi/lib/thumb/v8-m.main+fp/hard/libc_nano.a(lib_a-nano-vfprintf_i.o)

.ARM.extab
 *(.ARM.extab* .gnu.linkonce.armextab.*)

.ARM            0x000000000800a324        0x8
                0x000000000800a324                __exidx_start = .
 *(.ARM.exidx*)
 .ARM.exidx     0x000000000800a324        0x8 /app/stm32cubeide/plugins/com.st.stm32cube.ide.mcu.externaltools.gnu-tools-for-stm32.10.3-2021.10.linux64_1.0.200.202301161003/tools/bin/../lib/gcc/arm-none-eabi/10.3.1/thumb/v8-m.main+fp/hard/libgcc.a(_udivmoddi4.o)
                0x000000000800a32c                __exidx_end = .

.rel.dyn        0x000000000800a32c        0x0
 .rel.iplt      0x000000000800a32c        0x0 /app/stm32cubeide/plugins/com.st.stm32cube.ide.mcu.externaltools.gnu-tools-for-stm32.10.3-2021.10.linux64_1.0.200.202301161003/tools/bin/../lib/gcc/arm-none-eabi/10.3.1/thumb/v8-m.main+fp/hard/crtbegin.o

.preinit_array  0x000000000800a32c        0x0
                0x000000000800a32c                PROVIDE (__preinit_array_start = .)
 *(.preinit_array*)
                0x000000000800a32c                PROVIDE (__preinit_array_end = .)

.init_array     0x000000000800a32c        0x4
                0x000000000800a32c                PROVIDE (__init_array_start = .)
 *(SORT_BY_NAME(.init_array.*))
 *(.init_array*)
 .init_array    0x000000000800a32c        0x4 /app/stm32cubeide/plugins/com.st.stm32cube.ide.mcu.externaltools.gnu-tools-for-stm32.10.3-2021.10.linux64_1.0.200.202301161003/tools/bin/../lib/gcc/arm-none-eabi/10.3.1/thumb/v8-m.main+fp/hard/crtbegin.o
                0x000000000800a330                PROVIDE (__init_array_end = .)

.fini_array     0x000000000800a330        0x4
                [!provide]                        PROVIDE (__fini_array_start = .)
 *(SORT_BY_NAME(.fini_array.*))
 *(.fini_array*)
 .fini_array    0x000000000800a330        0x4 /app/stm32cubeide/plugins/com.st.stm32cube.ide.mcu.externaltools.gnu-tools-for-stm32.10.3-2021.10.linux64_1.0.200.202301161003/tools/bin/../lib/gcc/arm-none-eabi/10.3.1/thumb/v8-m.main+fp/hard/crtbegin.o
                [!provide]                        PROVIDE (__fini_array_end = .)
                0x000000000800a334                _sidata = LOADADDR (.data)

.data           0x0000000020000000       0x70 load address 0x000000000800a334
                0x0000000020000000                _sdata = .
 *(.data)
 *(.data*)
 .data.SystemCoreClock
                0x0000000020000000        0x4 ./Core/Src/system_stm32u5xx.o
                0x0000000020000000                SystemCoreClock
 .data.uwTickPrio
                0x0000000020000004        0x4 ./Drivers/STM32U5xx_HAL_Driver/Src/stm32u5xx_hal.o
                0x0000000020000004                uwTickPrio
 .data.uwTickFreq
                0x0000000020000008        0x1 ./Drivers/STM32U5xx_HAL_Driver/Src/stm32u5xx_hal.o
                0x0000000020000008                uwTickFreq
 *fill*         0x0000000020000009        0x3 
 .data._impure_ptr
                0x000000002000000c        0x4 /app/stm32cubeide/plugins/com.st.stm32cube.ide.mcu.externaltools.gnu-tools-for-stm32.10.3-2021.10.linux64_1.0.200.202301161003/tools/bin/../lib/gcc/arm-none-eabi/10.3.1/../../../../arm-none-eabi/lib/thumb/v8-m.main+fp/hard/libc_nano.a(lib_a-impure.o)
                0x000000002000000c                _impure_ptr
 .data.impure_data
                0x0000000020000010       0x60 /app/stm32cubeide/plugins/com.st.stm32cube.ide.mcu.externaltools.gnu-tools-for-stm32.10.3-2021.10.linux64_1.0.200.202301161003/tools/bin/../lib/gcc/arm-none-eabi/10.3.1/../../../../arm-none-eabi/lib/thumb/v8-m.main+fp/hard/libc_nano.a(lib_a-impure.o)
 *(.RamFunc)
 *(.RamFunc*)
                0x0000000020000070                _edata = .

.igot.plt       0x0000000020000070        0x0 load address 0x000000000800a3a4
 .igot.plt      0x0000000020000070        0x0 /app/stm32cubeide/plugins/com.st.stm32cube.ide.mcu.externaltools.gnu-tools-for-stm32.10.3-2021.10.linux64_1.0.200.202301161003/tools/bin/../lib/gcc/arm-none-eabi/10.3.1/thumb/v8-m.main+fp/hard/crtbegin.o

.bss            0x0000000020000070      0x609 load address 0x000000000800a3a4
                0x0000000020000070                _sbss = .
                0x0000000020000070                __bss_start__ = _sbss
 *(.bss)
 .bss           0x0000000020000070       0x1c /app/stm32cubeide/plugins/com.st.stm32cube.ide.mcu.externaltools.gnu-tools-for-stm32.10.3-2021.10.linux64_1.0.200.202301161003/tools/bin/../lib/gcc/arm-none-eabi/10.3.1/thumb/v8-m.main+fp/hard/crtbegin.o
 *(.bss*)
 .bss.hrtc      0x000000002000008c       0x30 ./Core/Src/main.o
                0x000000002000008c                hrtc
 .bss.hsd1      0x00000000200000bc       0x7c ./Core/Src/main.o
                0x00000000200000bc                hsd1
 .bss.hspi1     0x0000000020000138       0x90 ./Core/Src/main.o
                0x0000000020000138                hspi1
 .bss.hspi2     0x00000000200001c8       0x90 ./Core/Src/main.o
                0x00000000200001c8                hspi2
 .bss.htim16    0x0000000020000258       0x4c ./Core/Src/main.o
                0x0000000020000258                htim16
 .bss.huart1    0x00000000200002a4       0x94 ./Core/Src/main.o
                0x00000000200002a4                huart1
 .bss.hpcd_USB_DRD_FS
                0x0000000020000338      0x30c ./Core/Src/main.o
                0x0000000020000338                hpcd_USB_DRD_FS
 .bss.config    0x0000000020000644        0x4 ./Core/Src/ms5607.o
 .bss.promData  0x0000000020000648        0xc ./Core/Src/ms5607.o
 .bss.rawValues
                0x0000000020000654        0x8 ./Core/Src/ms5607.o
 .bss.state     0x000000002000065c        0x1 ./Core/Src/ms5607.o
 *fill*         0x000000002000065d        0x1 
 .bss.measurementDelay
                0x000000002000065e        0x2 ./Core/Src/ms5607.o
 .bss.cmdMeasurePres
                0x0000000020000660        0x1 ./Core/Src/ms5607.o
 .bss.cmdMeasureTemp
                0x0000000020000661        0x1 ./Core/Src/ms5607.o
 *fill*         0x0000000020000662        0x2 
 .bss.__sbrk_heap_end
                0x0000000020000664        0x4 ./Core/Src/sysmem.o
 .bss.uwTick    0x0000000020000668        0x4 ./Drivers/STM32U5xx_HAL_Driver/Src/stm32u5xx_hal.o
                0x0000000020000668                uwTick
 .bss.__malloc_free_list
                0x000000002000066c        0x4 /app/stm32cubeide/plugins/com.st.stm32cube.ide.mcu.externaltools.gnu-tools-for-stm32.10.3-2021.10.linux64_1.0.200.202301161003/tools/bin/../lib/gcc/arm-none-eabi/10.3.1/../../../../arm-none-eabi/lib/thumb/v8-m.main+fp/hard/libc_nano.a(lib_a-nano-mallocr.o)
                0x000000002000066c                __malloc_free_list
 .bss.__malloc_sbrk_start
                0x0000000020000670        0x4 /app/stm32cubeide/plugins/com.st.stm32cube.ide.mcu.externaltools.gnu-tools-for-stm32.10.3-2021.10.linux64_1.0.200.202301161003/tools/bin/../lib/gcc/arm-none-eabi/10.3.1/../../../../arm-none-eabi/lib/thumb/v8-m.main+fp/hard/libc_nano.a(lib_a-nano-mallocr.o)
                0x0000000020000670                __malloc_sbrk_start
 .bss.errno     0x0000000020000674        0x4 /app/stm32cubeide/plugins/com.st.stm32cube.ide.mcu.externaltools.gnu-tools-for-stm32.10.3-2021.10.linux64_1.0.200.202301161003/tools/bin/../lib/gcc/arm-none-eabi/10.3.1/../../../../arm-none-eabi/lib/thumb/v8-m.main+fp/hard/libc_nano.a(lib_a-reent.o)
                0x0000000020000674                errno
 .bss.__lock___malloc_recursive_mutex
                0x0000000020000678        0x1 /app/stm32cubeide/plugins/com.st.stm32cube.ide.mcu.externaltools.gnu-tools-for-stm32.10.3-2021.10.linux64_1.0.200.202301161003/tools/bin/../lib/gcc/arm-none-eabi/10.3.1/../../../../arm-none-eabi/lib/thumb/v8-m.main+fp/hard/libc_nano.a(lib_a-lock.o)
                0x0000000020000678                __lock___malloc_recursive_mutex
 *(COMMON)
                0x0000000020000679                _ebss = .
                0x0000000020000679                __bss_end__ = _ebss

._user_heap_stack
                0x0000000020000679      0x607 load address 0x000000000800a3a4
                0x0000000020000680                . = ALIGN (0x8)
 *fill*         0x0000000020000679        0x7 
                [!provide]                        PROVIDE (end = .)
                0x0000000020000680                PROVIDE (_end = .)
                0x0000000020000880                . = (. + _Min_Heap_Size)
 *fill*         0x0000000020000680      0x200 
                0x0000000020000c80                . = (. + _Min_Stack_Size)
 *fill*         0x0000000020000880      0x400 
                0x0000000020000c80                . = ALIGN (0x8)

/DISCARD/
 libc.a(*)
 libm.a(*)
 libgcc.a(*)

.ARM.attributes
                0x0000000000000000       0x36
 *(.ARM.attributes)
 .ARM.attributes
                0x0000000000000000       0x22 /app/stm32cubeide/plugins/com.st.stm32cube.ide.mcu.externaltools.gnu-tools-for-stm32.10.3-2021.10.linux64_1.0.200.202301161003/tools/bin/../lib/gcc/arm-none-eabi/10.3.1/thumb/v8-m.main+fp/hard/crti.o
 .ARM.attributes
                0x0000000000000022       0x38 /app/stm32cubeide/plugins/com.st.stm32cube.ide.mcu.externaltools.gnu-tools-for-stm32.10.3-2021.10.linux64_1.0.200.202301161003/tools/bin/../lib/gcc/arm-none-eabi/10.3.1/thumb/v8-m.main+fp/hard/crtbegin.o
 .ARM.attributes
                0x000000000000005a       0x3a ./Core/Src/main.o
 .ARM.attributes
                0x0000000000000094       0x3a ./Core/Src/ms5607.o
 .ARM.attributes
                0x00000000000000ce       0x3a ./Core/Src/stm32u5xx_hal_msp.o
 .ARM.attributes
                0x0000000000000108       0x3a ./Core/Src/stm32u5xx_it.o
 .ARM.attributes
                0x0000000000000142       0x3a ./Core/Src/sysmem.o
 .ARM.attributes
                0x000000000000017c       0x3a ./Core/Src/system_stm32u5xx.o
 .ARM.attributes
                0x00000000000001b6       0x24 ./Core/Startup/startup_stm32u545retxq.o
 .ARM.attributes
                0x00000000000001da       0x3a ./Drivers/STM32U5xx_HAL_Driver/Src/stm32u5xx_hal.o
 .ARM.attributes
                0x0000000000000214       0x3a ./Drivers/STM32U5xx_HAL_Driver/Src/stm32u5xx_hal_cortex.o
 .ARM.attributes
                0x000000000000024e       0x3a ./Drivers/STM32U5xx_HAL_Driver/Src/stm32u5xx_hal_gpio.o
 .ARM.attributes
                0x0000000000000288       0x3a ./Drivers/STM32U5xx_HAL_Driver/Src/stm32u5xx_hal_pcd.o
 .ARM.attributes
                0x00000000000002c2       0x3a ./Drivers/STM32U5xx_HAL_Driver/Src/stm32u5xx_hal_pcd_ex.o
 .ARM.attributes
                0x00000000000002fc       0x3a ./Drivers/STM32U5xx_HAL_Driver/Src/stm32u5xx_hal_pwr_ex.o
 .ARM.attributes
                0x0000000000000336       0x3a ./Drivers/STM32U5xx_HAL_Driver/Src/stm32u5xx_hal_rcc.o
 .ARM.attributes
                0x0000000000000370       0x3a ./Drivers/STM32U5xx_HAL_Driver/Src/stm32u5xx_hal_rcc_ex.o
 .ARM.attributes
                0x00000000000003aa       0x3a ./Drivers/STM32U5xx_HAL_Driver/Src/stm32u5xx_hal_rtc.o
 .ARM.attributes
                0x00000000000003e4       0x3a ./Drivers/STM32U5xx_HAL_Driver/Src/stm32u5xx_hal_rtc_ex.o
 .ARM.attributes
                0x000000000000041e       0x3a ./Drivers/STM32U5xx_HAL_Driver/Src/stm32u5xx_hal_sd.o
 .ARM.attributes
                0x0000000000000458       0x3a ./Drivers/STM32U5xx_HAL_Driver/Src/stm32u5xx_hal_spi.o
 .ARM.attributes
                0x0000000000000492       0x3a ./Drivers/STM32U5xx_HAL_Driver/Src/stm32u5xx_hal_spi_ex.o
 .ARM.attributes
                0x00000000000004cc       0x3a ./Drivers/STM32U5xx_HAL_Driver/Src/stm32u5xx_hal_tim.o
 .ARM.attributes
                0x0000000000000506       0x3a ./Drivers/STM32U5xx_HAL_Driver/Src/stm32u5xx_hal_uart.o
 .ARM.attributes
                0x0000000000000540       0x3a ./Drivers/STM32U5xx_HAL_Driver/Src/stm32u5xx_hal_uart_ex.o
 .ARM.attributes
                0x000000000000057a       0x3a ./Drivers/STM32U5xx_HAL_Driver/Src/stm32u5xx_ll_sdmmc.o
 .ARM.attributes
                0x00000000000005b4       0x3a ./Drivers/STM32U5xx_HAL_Driver/Src/stm32u5xx_ll_usb.o
 .ARM.attributes
                0x00000000000005ee       0x38 /app/stm32cubeide/plugins/com.st.stm32cube.ide.mcu.externaltools.gnu-tools-for-stm32.10.3-2021.10.linux64_1.0.200.202301161003/tools/bin/../lib/gcc/arm-none-eabi/10.3.1/../../../../arm-none-eabi/lib/thumb/v8-m.main+fp/hard/libc_nano.a(lib_a-errno.o)
 .ARM.attributes
                0x0000000000000626       0x38 /app/stm32cubeide/plugins/com.st.stm32cube.ide.mcu.externaltools.gnu-tools-for-stm32.10.3-2021.10.linux64_1.0.200.202301161003/tools/bin/../lib/gcc/arm-none-eabi/10.3.1/../../../../arm-none-eabi/lib/thumb/v8-m.main+fp/hard/libc_nano.a(lib_a-impure.o)
 .ARM.attributes
                0x000000000000065e       0x38 /app/stm32cubeide/plugins/com.st.stm32cube.ide.mcu.externaltools.gnu-tools-for-stm32.10.3-2021.10.linux64_1.0.200.202301161003/tools/bin/../lib/gcc/arm-none-eabi/10.3.1/../../../../arm-none-eabi/lib/thumb/v8-m.main+fp/hard/libc_nano.a(lib_a-init.o)
 .ARM.attributes
                0x0000000000000696       0x38 /app/stm32cubeide/plugins/com.st.stm32cube.ide.mcu.externaltools.gnu-tools-for-stm32.10.3-2021.10.linux64_1.0.200.202301161003/tools/bin/../lib/gcc/arm-none-eabi/10.3.1/../../../../arm-none-eabi/lib/thumb/v8-m.main+fp/hard/libc_nano.a(lib_a-memset.o)
 .ARM.attributes
                0x00000000000006ce       0x38 /app/stm32cubeide/plugins/com.st.stm32cube.ide.mcu.externaltools.gnu-tools-for-stm32.10.3-2021.10.linux64_1.0.200.202301161003/tools/bin/../lib/gcc/arm-none-eabi/10.3.1/../../../../arm-none-eabi/lib/thumb/v8-m.main+fp/hard/libc_nano.a(lib_a-sprintf.o)
 .ARM.attributes
                0x0000000000000706       0x38 /app/stm32cubeide/plugins/com.st.stm32cube.ide.mcu.externaltools.gnu-tools-for-stm32.10.3-2021.10.linux64_1.0.200.202301161003/tools/bin/../lib/gcc/arm-none-eabi/10.3.1/../../../../arm-none-eabi/lib/thumb/v8-m.main+fp/hard/libc_nano.a(lib_a-nano-svfprintf.o)
 .ARM.attributes
                0x000000000000073e       0x38 /app/stm32cubeide/plugins/com.st.stm32cube.ide.mcu.externaltools.gnu-tools-for-stm32.10.3-2021.10.linux64_1.0.200.202301161003/tools/bin/../lib/gcc/arm-none-eabi/10.3.1/../../../../arm-none-eabi/lib/thumb/v8-m.main+fp/hard/libc_nano.a(lib_a-nano-vfprintf_i.o)
 .ARM.attributes
                0x0000000000000776       0x38 /app/stm32cubeide/plugins/com.st.stm32cube.ide.mcu.externaltools.gnu-tools-for-stm32.10.3-2021.10.linux64_1.0.200.202301161003/tools/bin/../lib/gcc/arm-none-eabi/10.3.1/../../../../arm-none-eabi/lib/thumb/v8-m.main+fp/hard/libc_nano.a(lib_a-memchr-stub.o)
 .ARM.attributes
                0x00000000000007ae       0x38 /app/stm32cubeide/plugins/com.st.stm32cube.ide.mcu.externaltools.gnu-tools-for-stm32.10.3-2021.10.linux64_1.0.200.202301161003/tools/bin/../lib/gcc/arm-none-eabi/10.3.1/../../../../arm-none-eabi/lib/thumb/v8-m.main+fp/hard/libc_nano.a(lib_a-memcpy-stub.o)
 .ARM.attributes
                0x00000000000007e6       0x38 /app/stm32cubeide/plugins/com.st.stm32cube.ide.mcu.externaltools.gnu-tools-for-stm32.10.3-2021.10.linux64_1.0.200.202301161003/tools/bin/../lib/gcc/arm-none-eabi/10.3.1/../../../../arm-none-eabi/lib/thumb/v8-m.main+fp/hard/libc_nano.a(lib_a-memmove.o)
 .ARM.attributes
                0x000000000000081e       0x38 /app/stm32cubeide/plugins/com.st.stm32cube.ide.mcu.externaltools.gnu-tools-for-stm32.10.3-2021.10.linux64_1.0.200.202301161003/tools/bin/../lib/gcc/arm-none-eabi/10.3.1/../../../../arm-none-eabi/lib/thumb/v8-m.main+fp/hard/libc_nano.a(lib_a-nano-freer.o)
 .ARM.attributes
                0x0000000000000856       0x38 /app/stm32cubeide/plugins/com.st.stm32cube.ide.mcu.externaltools.gnu-tools-for-stm32.10.3-2021.10.linux64_1.0.200.202301161003/tools/bin/../lib/gcc/arm-none-eabi/10.3.1/../../../../arm-none-eabi/lib/thumb/v8-m.main+fp/hard/libc_nano.a(lib_a-nano-mallocr.o)
 .ARM.attributes
                0x000000000000088e       0x38 /app/stm32cubeide/plugins/com.st.stm32cube.ide.mcu.externaltools.gnu-tools-for-stm32.10.3-2021.10.linux64_1.0.200.202301161003/tools/bin/../lib/gcc/arm-none-eabi/10.3.1/../../../../arm-none-eabi/lib/thumb/v8-m.main+fp/hard/libc_nano.a(lib_a-nano-reallocr.o)
 .ARM.attributes
                0x00000000000008c6       0x38 /app/stm32cubeide/plugins/com.st.stm32cube.ide.mcu.externaltools.gnu-tools-for-stm32.10.3-2021.10.linux64_1.0.200.202301161003/tools/bin/../lib/gcc/arm-none-eabi/10.3.1/../../../../arm-none-eabi/lib/thumb/v8-m.main+fp/hard/libc_nano.a(lib_a-sbrkr.o)
 .ARM.attributes
                0x00000000000008fe       0x38 /app/stm32cubeide/plugins/com.st.stm32cube.ide.mcu.externaltools.gnu-tools-for-stm32.10.3-2021.10.linux64_1.0.200.202301161003/tools/bin/../lib/gcc/arm-none-eabi/10.3.1/../../../../arm-none-eabi/lib/thumb/v8-m.main+fp/hard/libc_nano.a(lib_a-mlock.o)
 .ARM.attributes
                0x0000000000000936       0x38 /app/stm32cubeide/plugins/com.st.stm32cube.ide.mcu.externaltools.gnu-tools-for-stm32.10.3-2021.10.linux64_1.0.200.202301161003/tools/bin/../lib/gcc/arm-none-eabi/10.3.1/../../../../arm-none-eabi/lib/thumb/v8-m.main+fp/hard/libc_nano.a(lib_a-nano-msizer.o)
 .ARM.attributes
                0x000000000000096e       0x38 /app/stm32cubeide/plugins/com.st.stm32cube.ide.mcu.externaltools.gnu-tools-for-stm32.10.3-2021.10.linux64_1.0.200.202301161003/tools/bin/../lib/gcc/arm-none-eabi/10.3.1/../../../../arm-none-eabi/lib/thumb/v8-m.main+fp/hard/libc_nano.a(lib_a-reent.o)
 .ARM.attributes
                0x00000000000009a6       0x38 /app/stm32cubeide/plugins/com.st.stm32cube.ide.mcu.externaltools.gnu-tools-for-stm32.10.3-2021.10.linux64_1.0.200.202301161003/tools/bin/../lib/gcc/arm-none-eabi/10.3.1/../../../../arm-none-eabi/lib/thumb/v8-m.main+fp/hard/libc_nano.a(lib_a-lock.o)
 .ARM.attributes
                0x00000000000009de       0x22 /app/stm32cubeide/plugins/com.st.stm32cube.ide.mcu.externaltools.gnu-tools-for-stm32.10.3-2021.10.linux64_1.0.200.202301161003/tools/bin/../lib/gcc/arm-none-eabi/10.3.1/thumb/v8-m.main+fp/hard/libgcc.a(_aeabi_uldivmod.o)
 .ARM.attributes
                0x0000000000000a00       0x38 /app/stm32cubeide/plugins/com.st.stm32cube.ide.mcu.externaltools.gnu-tools-for-stm32.10.3-2021.10.linux64_1.0.200.202301161003/tools/bin/../lib/gcc/arm-none-eabi/10.3.1/thumb/v8-m.main+fp/hard/libgcc.a(_udivmoddi4.o)
 .ARM.attributes
                0x0000000000000a38       0x22 /app/stm32cubeide/plugins/com.st.stm32cube.ide.mcu.externaltools.gnu-tools-for-stm32.10.3-2021.10.linux64_1.0.200.202301161003/tools/bin/../lib/gcc/arm-none-eabi/10.3.1/thumb/v8-m.main+fp/hard/libgcc.a(_dvmd_tls.o)
 .ARM.attributes
                0x0000000000000a5a       0x22 /app/stm32cubeide/plugins/com.st.stm32cube.ide.mcu.externaltools.gnu-tools-for-stm32.10.3-2021.10.linux64_1.0.200.202301161003/tools/bin/../lib/gcc/arm-none-eabi/10.3.1/thumb/v8-m.main+fp/hard/crtn.o
OUTPUT(ride-along-module.elf elf32-littlearm)
LOAD linker stubs
LOAD /app/stm32cubeide/plugins/com.st.stm32cube.ide.mcu.externaltools.gnu-tools-for-stm32.10.3-2021.10.linux64_1.0.200.202301161003/tools/bin/../lib/gcc/arm-none-eabi/10.3.1/../../../../arm-none-eabi/lib/thumb/v8-m.main+fp/hard/libc.a
LOAD /app/stm32cubeide/plugins/com.st.stm32cube.ide.mcu.externaltools.gnu-tools-for-stm32.10.3-2021.10.linux64_1.0.200.202301161003/tools/bin/../lib/gcc/arm-none-eabi/10.3.1/../../../../arm-none-eabi/lib/thumb/v8-m.main+fp/hard/libm.a
LOAD /app/stm32cubeide/plugins/com.st.stm32cube.ide.mcu.externaltools.gnu-tools-for-stm32.10.3-2021.10.linux64_1.0.200.202301161003/tools/bin/../lib/gcc/arm-none-eabi/10.3.1/thumb/v8-m.main+fp/hard/libgcc.a

.debug_info     0x0000000000000000    0x21afb
 .debug_info    0x0000000000000000     0x2a89 ./Core/Src/main.o
 .debug_info    0x0000000000002a89     0x135f ./Core/Src/ms5607.o
 .debug_info    0x0000000000003de8     0x27fe ./Core/Src/stm32u5xx_hal_msp.o
 .debug_info    0x00000000000065e6      0x137 ./Core/Src/stm32u5xx_it.o
 .debug_info    0x000000000000671d      0x171 ./Core/Src/sysmem.o
 .debug_info    0x000000000000688e      0x8f2 ./Core/Src/system_stm32u5xx.o
 .debug_info    0x0000000000007180       0x22 ./Core/Startup/startup_stm32u545retxq.o
 .debug_info    0x00000000000071a2     0x111f ./Drivers/STM32U5xx_HAL_Driver/Src/stm32u5xx_hal.o
 .debug_info    0x00000000000082c1     0x1595 ./Drivers/STM32U5xx_HAL_Driver/Src/stm32u5xx_hal_cortex.o
 .debug_info    0x0000000000009856      0x8e3 ./Drivers/STM32U5xx_HAL_Driver/Src/stm32u5xx_hal_gpio.o
 .debug_info    0x000000000000a139     0x1576 ./Drivers/STM32U5xx_HAL_Driver/Src/stm32u5xx_hal_pcd.o
 .debug_info    0x000000000000b6af      0x84a ./Drivers/STM32U5xx_HAL_Driver/Src/stm32u5xx_hal_pcd_ex.o
 .debug_info    0x000000000000bef9      0xe1d ./Drivers/STM32U5xx_HAL_Driver/Src/stm32u5xx_hal_pwr_ex.o
 .debug_info    0x000000000000cd16     0x130a ./Drivers/STM32U5xx_HAL_Driver/Src/stm32u5xx_hal_rcc.o
 .debug_info    0x000000000000e020     0x1659 ./Drivers/STM32U5xx_HAL_Driver/Src/stm32u5xx_hal_rcc_ex.o
 .debug_info    0x000000000000f679      0xf5c ./Drivers/STM32U5xx_HAL_Driver/Src/stm32u5xx_hal_rtc.o
 .debug_info    0x00000000000105d5     0x1c5a ./Drivers/STM32U5xx_HAL_Driver/Src/stm32u5xx_hal_rtc_ex.o
 .debug_info    0x000000000001222f     0x1b33 ./Drivers/STM32U5xx_HAL_Driver/Src/stm32u5xx_hal_sd.o
 .debug_info    0x0000000000013d62     0x170e ./Drivers/STM32U5xx_HAL_Driver/Src/stm32u5xx_hal_spi.o
 .debug_info    0x0000000000015470      0xb1b ./Drivers/STM32U5xx_HAL_Driver/Src/stm32u5xx_hal_spi_ex.o
 .debug_info    0x0000000000015f8b     0x30e3 ./Drivers/STM32U5xx_HAL_Driver/Src/stm32u5xx_hal_tim.o
 .debug_info    0x000000000001906e     0x4800 ./Drivers/STM32U5xx_HAL_Driver/Src/stm32u5xx_hal_uart.o
 .debug_info    0x000000000001d86e     0x12ac ./Drivers/STM32U5xx_HAL_Driver/Src/stm32u5xx_hal_uart_ex.o
 .debug_info    0x000000000001eb1a     0x15a3 ./Drivers/STM32U5xx_HAL_Driver/Src/stm32u5xx_ll_sdmmc.o
 .debug_info    0x00000000000200bd     0x1a3e ./Drivers/STM32U5xx_HAL_Driver/Src/stm32u5xx_ll_usb.o

.debug_abbrev   0x0000000000000000     0x35d1
 .debug_abbrev  0x0000000000000000      0x394 ./Core/Src/main.o
 .debug_abbrev  0x0000000000000394      0x255 ./Core/Src/ms5607.o
 .debug_abbrev  0x00000000000005e9      0x2c3 ./Core/Src/stm32u5xx_hal_msp.o
 .debug_abbrev  0x00000000000008ac       0x74 ./Core/Src/stm32u5xx_it.o
 .debug_abbrev  0x0000000000000920       0xbb ./Core/Src/sysmem.o
 .debug_abbrev  0x00000000000009db      0x127 ./Core/Src/system_stm32u5xx.o
 .debug_abbrev  0x0000000000000b02       0x12 ./Core/Startup/startup_stm32u545retxq.o
 .debug_abbrev  0x0000000000000b14      0x285 ./Drivers/STM32U5xx_HAL_Driver/Src/stm32u5xx_hal.o
 .debug_abbrev  0x0000000000000d99      0x303 ./Drivers/STM32U5xx_HAL_Driver/Src/stm32u5xx_hal_cortex.o
 .debug_abbrev  0x000000000000109c      0x246 ./Drivers/STM32U5xx_HAL_Driver/Src/stm32u5xx_hal_gpio.o
 .debug_abbrev  0x00000000000012e2      0x2f1 ./Drivers/STM32U5xx_HAL_Driver/Src/stm32u5xx_hal_pcd.o
 .debug_abbrev  0x00000000000015d3      0x1dd ./Drivers/STM32U5xx_HAL_Driver/Src/stm32u5xx_hal_pcd_ex.o
 .debug_abbrev  0x00000000000017b0      0x20d ./Drivers/STM32U5xx_HAL_Driver/Src/stm32u5xx_hal_pwr_ex.o
 .debug_abbrev  0x00000000000019bd      0x2b9 ./Drivers/STM32U5xx_HAL_Driver/Src/stm32u5xx_hal_rcc.o
 .debug_abbrev  0x0000000000001c76      0x22b ./Drivers/STM32U5xx_HAL_Driver/Src/stm32u5xx_hal_rcc_ex.o
 .debug_abbrev  0x0000000000001ea1      0x1f5 ./Drivers/STM32U5xx_HAL_Driver/Src/stm32u5xx_hal_rtc.o
 .debug_abbrev  0x0000000000002096      0x23b ./Drivers/STM32U5xx_HAL_Driver/Src/stm32u5xx_hal_rtc_ex.o
 .debug_abbrev  0x00000000000022d1      0x24d ./Drivers/STM32U5xx_HAL_Driver/Src/stm32u5xx_hal_sd.o
 .debug_abbrev  0x000000000000251e      0x2a2 ./Drivers/STM32U5xx_HAL_Driver/Src/stm32u5xx_hal_spi.o
 .debug_abbrev  0x00000000000027c0      0x1b6 ./Drivers/STM32U5xx_HAL_Driver/Src/stm32u5xx_hal_spi_ex.o
 .debug_abbrev  0x0000000000002976      0x2a6 ./Drivers/STM32U5xx_HAL_Driver/Src/stm32u5xx_hal_tim.o
 .debug_abbrev  0x0000000000002c1c      0x2f0 ./Drivers/STM32U5xx_HAL_Driver/Src/stm32u5xx_hal_uart.o
 .debug_abbrev  0x0000000000002f0c      0x2bd ./Drivers/STM32U5xx_HAL_Driver/Src/stm32u5xx_hal_uart_ex.o
 .debug_abbrev  0x00000000000031c9      0x1ec ./Drivers/STM32U5xx_HAL_Driver/Src/stm32u5xx_ll_sdmmc.o
 .debug_abbrev  0x00000000000033b5      0x21c ./Drivers/STM32U5xx_HAL_Driver/Src/stm32u5xx_ll_usb.o

.debug_aranges  0x0000000000000000     0x1b50
 .debug_aranges
                0x0000000000000000       0x80 ./Core/Src/main.o
 .debug_aranges
                0x0000000000000080       0x78 ./Core/Src/ms5607.o
 .debug_aranges
                0x00000000000000f8       0x80 ./Core/Src/stm32u5xx_hal_msp.o
 .debug_aranges
                0x0000000000000178       0x60 ./Core/Src/stm32u5xx_it.o
 .debug_aranges
                0x00000000000001d8       0x20 ./Core/Src/sysmem.o
 .debug_aranges
                0x00000000000001f8       0x28 ./Core/Src/system_stm32u5xx.o
 .debug_aranges
                0x0000000000000220       0x28 ./Core/Startup/startup_stm32u545retxq.o
 .debug_aranges
                0x0000000000000248      0x138 ./Drivers/STM32U5xx_HAL_Driver/Src/stm32u5xx_hal.o
 .debug_aranges
                0x0000000000000380      0x130 ./Drivers/STM32U5xx_HAL_Driver/Src/stm32u5xx_hal_cortex.o
 .debug_aranges
                0x00000000000004b0       0x78 ./Drivers/STM32U5xx_HAL_Driver/Src/stm32u5xx_hal_gpio.o
 .debug_aranges
                0x0000000000000528      0x150 ./Drivers/STM32U5xx_HAL_Driver/Src/stm32u5xx_hal_pcd.o
 .debug_aranges
                0x0000000000000678       0x58 ./Drivers/STM32U5xx_HAL_Driver/Src/stm32u5xx_hal_pcd_ex.o
 .debug_aranges
                0x00000000000006d0      0x1e0 ./Drivers/STM32U5xx_HAL_Driver/Src/stm32u5xx_hal_pwr_ex.o
 .debug_aranges
                0x00000000000008b0       0xa8 ./Drivers/STM32U5xx_HAL_Driver/Src/stm32u5xx_hal_rcc.o
 .debug_aranges
                0x0000000000000958      0x160 ./Drivers/STM32U5xx_HAL_Driver/Src/stm32u5xx_hal_rcc_ex.o
 .debug_aranges
                0x0000000000000ab8       0xe8 ./Drivers/STM32U5xx_HAL_Driver/Src/stm32u5xx_hal_rtc.o
 .debug_aranges
                0x0000000000000ba0      0x280 ./Drivers/STM32U5xx_HAL_Driver/Src/stm32u5xx_hal_rtc_ex.o
 .debug_aranges
                0x0000000000000e20      0x160 ./Drivers/STM32U5xx_HAL_Driver/Src/stm32u5xx_hal_sd.o
 .debug_aranges
                0x0000000000000f80      0x1a8 ./Drivers/STM32U5xx_HAL_Driver/Src/stm32u5xx_hal_spi.o
 .debug_aranges
                0x0000000000001128       0x48 ./Drivers/STM32U5xx_HAL_Driver/Src/stm32u5xx_hal_spi_ex.o
 .debug_aranges
                0x0000000000001170      0x3e8 ./Drivers/STM32U5xx_HAL_Driver/Src/stm32u5xx_hal_tim.o
 .debug_aranges
                0x0000000000001558      0x248 ./Drivers/STM32U5xx_HAL_Driver/Src/stm32u5xx_hal_uart.o
 .debug_aranges
                0x00000000000017a0       0xb8 ./Drivers/STM32U5xx_HAL_Driver/Src/stm32u5xx_hal_uart_ex.o
 .debug_aranges
                0x0000000000001858      0x1d8 ./Drivers/STM32U5xx_HAL_Driver/Src/stm32u5xx_ll_sdmmc.o
 .debug_aranges
                0x0000000000001a30      0x120 ./Drivers/STM32U5xx_HAL_Driver/Src/stm32u5xx_ll_usb.o

.debug_ranges   0x0000000000000000     0x19f8
 .debug_ranges  0x0000000000000000       0x70 ./Core/Src/main.o
 .debug_ranges  0x0000000000000070       0x68 ./Core/Src/ms5607.o
 .debug_ranges  0x00000000000000d8       0x70 ./Core/Src/stm32u5xx_hal_msp.o
 .debug_ranges  0x0000000000000148       0x50 ./Core/Src/stm32u5xx_it.o
 .debug_ranges  0x0000000000000198       0x10 ./Core/Src/sysmem.o
 .debug_ranges  0x00000000000001a8       0x18 ./Core/Src/system_stm32u5xx.o
 .debug_ranges  0x00000000000001c0       0x20 ./Core/Startup/startup_stm32u545retxq.o
 .debug_ranges  0x00000000000001e0      0x128 ./Drivers/STM32U5xx_HAL_Driver/Src/stm32u5xx_hal.o
 .debug_ranges  0x0000000000000308      0x120 ./Drivers/STM32U5xx_HAL_Driver/Src/stm32u5xx_hal_cortex.o
 .debug_ranges  0x0000000000000428       0x68 ./Drivers/STM32U5xx_HAL_Driver/Src/stm32u5xx_hal_gpio.o
 .debug_ranges  0x0000000000000490      0x140 ./Drivers/STM32U5xx_HAL_Driver/Src/stm32u5xx_hal_pcd.o
 .debug_ranges  0x00000000000005d0       0x48 ./Drivers/STM32U5xx_HAL_Driver/Src/stm32u5xx_hal_pcd_ex.o
 .debug_ranges  0x0000000000000618      0x1d0 ./Drivers/STM32U5xx_HAL_Driver/Src/stm32u5xx_hal_pwr_ex.o
 .debug_ranges  0x00000000000007e8       0x98 ./Drivers/STM32U5xx_HAL_Driver/Src/stm32u5xx_hal_rcc.o
 .debug_ranges  0x0000000000000880      0x150 ./Drivers/STM32U5xx_HAL_Driver/Src/stm32u5xx_hal_rcc_ex.o
 .debug_ranges  0x00000000000009d0       0xd8 ./Drivers/STM32U5xx_HAL_Driver/Src/stm32u5xx_hal_rtc.o
 .debug_ranges  0x0000000000000aa8      0x270 ./Drivers/STM32U5xx_HAL_Driver/Src/stm32u5xx_hal_rtc_ex.o
 .debug_ranges  0x0000000000000d18      0x150 ./Drivers/STM32U5xx_HAL_Driver/Src/stm32u5xx_hal_sd.o
 .debug_ranges  0x0000000000000e68      0x198 ./Drivers/STM32U5xx_HAL_Driver/Src/stm32u5xx_hal_spi.o
 .debug_ranges  0x0000000000001000       0x38 ./Drivers/STM32U5xx_HAL_Driver/Src/stm32u5xx_hal_spi_ex.o
 .debug_ranges  0x0000000000001038      0x3d8 ./Drivers/STM32U5xx_HAL_Driver/Src/stm32u5xx_hal_tim.o
 .debug_ranges  0x0000000000001410      0x268 ./Drivers/STM32U5xx_HAL_Driver/Src/stm32u5xx_hal_uart.o
 .debug_ranges  0x0000000000001678       0xa8 ./Drivers/STM32U5xx_HAL_Driver/Src/stm32u5xx_hal_uart_ex.o
 .debug_ranges  0x0000000000001720      0x1c8 ./Drivers/STM32U5xx_HAL_Driver/Src/stm32u5xx_ll_sdmmc.o
 .debug_ranges  0x00000000000018e8      0x110 ./Drivers/STM32U5xx_HAL_Driver/Src/stm32u5xx_ll_usb.o

.debug_macro    0x0000000000000000     0x5413
 .debug_macro   0x0000000000000000      0x454 ./Core/Src/main.o
 .debug_macro   0x0000000000000454       0x16 ./Core/Src/main.o
 .debug_macro   0x000000000000046a       0x7c ./Core/Src/main.o
 .debug_macro   0x00000000000004e6       0x46 ./Core/Src/main.o
 .debug_macro   0x000000000000052c       0xe5 ./Core/Src/main.o
 .debug_macro   0x0000000000000611       0x16 ./Core/Src/main.o
 .debug_macro   0x0000000000000627       0x35 ./Core/Src/main.o
 .debug_macro   0x000000000000065c       0x16 ./Core/Src/main.o
 .debug_macro   0x0000000000000672       0x29 ./Core/Src/main.o
 .debug_macro   0x000000000000069b       0x12 ./Core/Src/main.o
 .debug_macro   0x00000000000006ad       0xe2 ./Core/Src/main.o
 .debug_macro   0x000000000000078f       0x1c ./Core/Src/main.o
 .debug_macro   0x00000000000007ab       0x10 ./Core/Src/main.o
 .debug_macro   0x00000000000007bb       0x10 ./Core/Src/main.o
 .debug_macro   0x00000000000007cb       0x1c ./Core/Src/main.o
 .debug_macro   0x00000000000007e7       0x52 ./Core/Src/main.o
 .debug_macro   0x0000000000000839       0x22 ./Core/Src/main.o
 .debug_macro   0x000000000000085b       0x10 ./Core/Src/main.o
 .debug_macro   0x000000000000086b       0x52 ./Core/Src/main.o
 .debug_macro   0x00000000000008bd       0xd5 ./Core/Src/main.o
 .debug_macro   0x0000000000000992       0x1c ./Core/Src/main.o
 .debug_macro   0x00000000000009ae       0x3d ./Core/Src/main.o
 .debug_macro   0x00000000000009eb       0x16 ./Core/Src/main.o
 .debug_macro   0x0000000000000a01      0x145 ./Core/Src/main.o
 .debug_macro   0x0000000000000b46       0x46 ./Core/Src/main.o
 .debug_macro   0x0000000000000b8c      0x2fe ./Core/Src/ms5607.o
 .debug_macro   0x0000000000000e8a       0x40 ./Core/Src/ms5607.o
 .debug_macro   0x0000000000000eca      0x38a ./Core/Src/stm32u5xx_hal_msp.o
 .debug_macro   0x0000000000001254      0x394 ./Core/Src/stm32u5xx_it.o
 .debug_macro   0x00000000000015e8       0xff ./Core/Src/sysmem.o
 .debug_macro   0x00000000000016e7      0x23b ./Core/Src/sysmem.o
 .debug_macro   0x0000000000001922      0x2f6 ./Core/Src/system_stm32u5xx.o
 .debug_macro   0x0000000000001c18      0x313 ./Drivers/STM32U5xx_HAL_Driver/Src/stm32u5xx_hal.o
 .debug_macro   0x0000000000001f2b      0x2ef ./Drivers/STM32U5xx_HAL_Driver/Src/stm32u5xx_hal_cortex.o
 .debug_macro   0x000000000000221a      0x324 ./Drivers/STM32U5xx_HAL_Driver/Src/stm32u5xx_hal_gpio.o
 .debug_macro   0x000000000000253e      0x2fb ./Drivers/STM32U5xx_HAL_Driver/Src/stm32u5xx_hal_pcd.o
 .debug_macro   0x0000000000002839      0x2ef ./Drivers/STM32U5xx_HAL_Driver/Src/stm32u5xx_hal_pcd_ex.o
 .debug_macro   0x0000000000002b28      0x31a ./Drivers/STM32U5xx_HAL_Driver/Src/stm32u5xx_hal_pwr_ex.o
 .debug_macro   0x0000000000002e42      0x3f5 ./Drivers/STM32U5xx_HAL_Driver/Src/stm32u5xx_hal_rcc.o
 .debug_macro   0x0000000000003237      0x413 ./Drivers/STM32U5xx_HAL_Driver/Src/stm32u5xx_hal_rcc_ex.o
 .debug_macro   0x000000000000364a      0x2f0 ./Drivers/STM32U5xx_HAL_Driver/Src/stm32u5xx_hal_rtc.o
 .debug_macro   0x000000000000393a      0x2f5 ./Drivers/STM32U5xx_HAL_Driver/Src/stm32u5xx_hal_rtc_ex.o
 .debug_macro   0x0000000000003c2f      0x30c ./Drivers/STM32U5xx_HAL_Driver/Src/stm32u5xx_hal_sd.o
 .debug_macro   0x0000000000003f3b      0x2fe ./Drivers/STM32U5xx_HAL_Driver/Src/stm32u5xx_hal_spi.o
 .debug_macro   0x0000000000004239      0x2ef ./Drivers/STM32U5xx_HAL_Driver/Src/stm32u5xx_hal_spi_ex.o
 .debug_macro   0x0000000000004528      0x2f7 ./Drivers/STM32U5xx_HAL_Driver/Src/stm32u5xx_hal_tim.o
 .debug_macro   0x000000000000481f      0x31a ./Drivers/STM32U5xx_HAL_Driver/Src/stm32u5xx_hal_uart.o
 .debug_macro   0x0000000000004b39      0x2fb ./Drivers/STM32U5xx_HAL_Driver/Src/stm32u5xx_hal_uart_ex.o
 .debug_macro   0x0000000000004e34      0x2f0 ./Drivers/STM32U5xx_HAL_Driver/Src/stm32u5xx_ll_sdmmc.o
 .debug_macro   0x0000000000005124      0x2ef ./Drivers/STM32U5xx_HAL_Driver/Src/stm32u5xx_ll_usb.o

.debug_line     0x0000000000000000    0x2076a
 .debug_line    0x0000000000000000      0xd88 ./Core/Src/main.o
 .debug_line    0x0000000000000d88      0xb92 ./Core/Src/ms5607.o
 .debug_line    0x000000000000191a      0xbf0 ./Core/Src/stm32u5xx_hal_msp.o
 .debug_line    0x000000000000250a      0xa18 ./Core/Src/stm32u5xx_it.o
 .debug_line    0x0000000000002f22      0x495 ./Core/Src/sysmem.o
 .debug_line    0x00000000000033b7      0x996 ./Core/Src/system_stm32u5xx.o
 .debug_line    0x0000000000003d4d       0x8a ./Core/Startup/startup_stm32u545retxq.o
 .debug_line    0x0000000000003dd7      0xca8 ./Drivers/STM32U5xx_HAL_Driver/Src/stm32u5xx_hal.o
 .debug_line    0x0000000000004a7f      0xea5 ./Drivers/STM32U5xx_HAL_Driver/Src/stm32u5xx_hal_cortex.o
 .debug_line    0x0000000000005924      0xe0e ./Drivers/STM32U5xx_HAL_Driver/Src/stm32u5xx_hal_gpio.o
 .debug_line    0x0000000000006732     0x15da ./Drivers/STM32U5xx_HAL_Driver/Src/stm32u5xx_hal_pcd.o
 .debug_line    0x0000000000007d0c      0xa02 ./Drivers/STM32U5xx_HAL_Driver/Src/stm32u5xx_hal_pcd_ex.o
 .debug_line    0x000000000000870e     0x1195 ./Drivers/STM32U5xx_HAL_Driver/Src/stm32u5xx_hal_pwr_ex.o
 .debug_line    0x00000000000098a3     0x15e1 ./Drivers/STM32U5xx_HAL_Driver/Src/stm32u5xx_hal_rcc.o
 .debug_line    0x000000000000ae84     0x22fb ./Drivers/STM32U5xx_HAL_Driver/Src/stm32u5xx_hal_rcc_ex.o
 .debug_line    0x000000000000d17f     0x112a ./Drivers/STM32U5xx_HAL_Driver/Src/stm32u5xx_hal_rtc.o
 .debug_line    0x000000000000e2a9     0x1b34 ./Drivers/STM32U5xx_HAL_Driver/Src/stm32u5xx_hal_rtc_ex.o
 .debug_line    0x000000000000fddd     0x20ab ./Drivers/STM32U5xx_HAL_Driver/Src/stm32u5xx_hal_sd.o
 .debug_line    0x0000000000011e88     0x22bd ./Drivers/STM32U5xx_HAL_Driver/Src/stm32u5xx_hal_spi.o
 .debug_line    0x0000000000014145      0xac0 ./Drivers/STM32U5xx_HAL_Driver/Src/stm32u5xx_hal_spi_ex.o
 .debug_line    0x0000000000014c05     0x455e ./Drivers/STM32U5xx_HAL_Driver/Src/stm32u5xx_hal_tim.o
 .debug_line    0x0000000000019163     0x3cd6 ./Drivers/STM32U5xx_HAL_Driver/Src/stm32u5xx_hal_uart.o
 .debug_line    0x000000000001ce39     0x1017 ./Drivers/STM32U5xx_HAL_Driver/Src/stm32u5xx_hal_uart_ex.o
 .debug_line    0x000000000001de50     0x1315 ./Drivers/STM32U5xx_HAL_Driver/Src/stm32u5xx_ll_sdmmc.o
 .debug_line    0x000000000001f165     0x1605 ./Drivers/STM32U5xx_HAL_Driver/Src/stm32u5xx_ll_usb.o

.debug_str      0x0000000000000000   0x13e73c
 .debug_str     0x0000000000000000   0x133b3e ./Core/Src/main.o
                                     0x134855 (size before relaxing)
 .debug_str     0x0000000000133b3e      0x1e8 ./Core/Src/ms5607.o
                                     0x132175 (size before relaxing)
 .debug_str     0x0000000000133d26      0x44b ./Core/Src/stm32u5xx_hal_msp.o
                                     0x13354f (size before relaxing)
 .debug_str     0x0000000000134171       0xc9 ./Core/Src/stm32u5xx_it.o
                                     0x131bbd (size before relaxing)
 .debug_str     0x000000000013423a      0x4da ./Core/Src/sysmem.o
                                       0x5e25 (size before relaxing)
 .debug_str     0x0000000000134714      0x1b3 ./Core/Src/system_stm32u5xx.o
                                     0x1316b4 (size before relaxing)
 .debug_str     0x00000000001348c7       0x37 ./Core/Startup/startup_stm32u545retxq.o
                                         0xae (size before relaxing)
 .debug_str     0x00000000001348fe      0xd64 ./Drivers/STM32U5xx_HAL_Driver/Src/stm32u5xx_hal.o
                                     0x1323b9 (size before relaxing)
 .debug_str     0x0000000000135662      0x3ae ./Drivers/STM32U5xx_HAL_Driver/Src/stm32u5xx_hal_cortex.o
                                     0x132230 (size before relaxing)
 .debug_str     0x0000000000135a10      0x2eb ./Drivers/STM32U5xx_HAL_Driver/Src/stm32u5xx_hal_gpio.o
                                     0x1316ea (size before relaxing)
 .debug_str     0x0000000000135cfb      0x5ea ./Drivers/STM32U5xx_HAL_Driver/Src/stm32u5xx_hal_pcd.o
                                     0x131d19 (size before relaxing)
 .debug_str     0x00000000001362e5      0x186 ./Drivers/STM32U5xx_HAL_Driver/Src/stm32u5xx_hal_pcd_ex.o
                                     0x1318c1 (size before relaxing)
 .debug_str     0x000000000013646b      0x79f ./Drivers/STM32U5xx_HAL_Driver/Src/stm32u5xx_hal_pwr_ex.o
                                     0x131d4a (size before relaxing)
 .debug_str     0x0000000000136c0a     0x1301 ./Drivers/STM32U5xx_HAL_Driver/Src/stm32u5xx_hal_rcc.o
                                     0x132d2a (size before relaxing)
 .debug_str     0x0000000000137f0b     0x242b ./Drivers/STM32U5xx_HAL_Driver/Src/stm32u5xx_hal_rcc_ex.o
                                     0x133e98 (size before relaxing)
 .debug_str     0x000000000013a336      0x471 ./Drivers/STM32U5xx_HAL_Driver/Src/stm32u5xx_hal_rtc.o
                                     0x1319fc (size before relaxing)
 .debug_str     0x000000000013a7a7      0xc71 ./Drivers/STM32U5xx_HAL_Driver/Src/stm32u5xx_hal_rtc_ex.o
                                     0x1324da (size before relaxing)
 .debug_str     0x000000000013b418      0xa5c ./Drivers/STM32U5xx_HAL_Driver/Src/stm32u5xx_hal_sd.o
                                     0x13215c (size before relaxing)
 .debug_str     0x000000000013be74      0x557 ./Drivers/STM32U5xx_HAL_Driver/Src/stm32u5xx_hal_spi.o
                                     0x131f99 (size before relaxing)
 .debug_str     0x000000000013c3cb       0xee ./Drivers/STM32U5xx_HAL_Driver/Src/stm32u5xx_hal_spi_ex.o
                                     0x131b29 (size before relaxing)
 .debug_str     0x000000000013c4b9      0xf51 ./Drivers/STM32U5xx_HAL_Driver/Src/stm32u5xx_hal_tim.o
                                     0x132af8 (size before relaxing)
 .debug_str     0x000000000013d40a      0x905 ./Drivers/STM32U5xx_HAL_Driver/Src/stm32u5xx_hal_uart.o
                                     0x13238c (size before relaxing)
 .debug_str     0x000000000013dd0f      0x30c ./Drivers/STM32U5xx_HAL_Driver/Src/stm32u5xx_hal_uart_ex.o
                                     0x131e3e (size before relaxing)
 .debug_str     0x000000000013e01b      0x3f5 ./Drivers/STM32U5xx_HAL_Driver/Src/stm32u5xx_ll_sdmmc.o
                                     0x131b71 (size before relaxing)
 .debug_str     0x000000000013e410      0x32c ./Drivers/STM32U5xx_HAL_Driver/Src/stm32u5xx_ll_usb.o
                                     0x131a79 (size before relaxing)

.comment        0x0000000000000000       0x50
 .comment       0x0000000000000000       0x50 ./Core/Src/main.o
                                         0x51 (size before relaxing)
 .comment       0x0000000000000050       0x51 ./Core/Src/ms5607.o
 .comment       0x0000000000000050       0x51 ./Core/Src/stm32u5xx_hal_msp.o
 .comment       0x0000000000000050       0x51 ./Core/Src/stm32u5xx_it.o
 .comment       0x0000000000000050       0x51 ./Core/Src/sysmem.o
 .comment       0x0000000000000050       0x51 ./Core/Src/system_stm32u5xx.o
 .comment       0x0000000000000050       0x51 ./Drivers/STM32U5xx_HAL_Driver/Src/stm32u5xx_hal.o
 .comment       0x0000000000000050       0x51 ./Drivers/STM32U5xx_HAL_Driver/Src/stm32u5xx_hal_cortex.o
 .comment       0x0000000000000050       0x51 ./Drivers/STM32U5xx_HAL_Driver/Src/stm32u5xx_hal_gpio.o
 .comment       0x0000000000000050       0x51 ./Drivers/STM32U5xx_HAL_Driver/Src/stm32u5xx_hal_pcd.o
 .comment       0x0000000000000050       0x51 ./Drivers/STM32U5xx_HAL_Driver/Src/stm32u5xx_hal_pcd_ex.o
 .comment       0x0000000000000050       0x51 ./Drivers/STM32U5xx_HAL_Driver/Src/stm32u5xx_hal_pwr_ex.o
 .comment       0x0000000000000050       0x51 ./Drivers/STM32U5xx_HAL_Driver/Src/stm32u5xx_hal_rcc.o
 .comment       0x0000000000000050       0x51 ./Drivers/STM32U5xx_HAL_Driver/Src/stm32u5xx_hal_rcc_ex.o
 .comment       0x0000000000000050       0x51 ./Drivers/STM32U5xx_HAL_Driver/Src/stm32u5xx_hal_rtc.o