/home/sharpe/Documents/Rowan/Rowan-Projects/Rowan-Rocketry/SRAD-Avionics/Ride-Along-Module/dev/FatFs_uSD/Drivers/BSP/Adafruit_Shield/stm32_adafruit_lcd.c:140:9:BSP_LCD_Init	16	static
/home/sharpe/Documents/Rowan/Rowan-Projects/Rowan-Rocketry/SRAD-Avionics/Ride-Along-Module/dev/FatFs_uSD/Drivers/BSP/Adafruit_Shield/stm32_adafruit_lcd.c:170:10:BSP_LCD_GetXSize	8	static
/home/sharpe/Documents/Rowan/Rowan-Projects/Rowan-Rocketry/SRAD-Avionics/Ride-Along-Module/dev/FatFs_uSD/Drivers/BSP/Adafruit_Shield/stm32_adafruit_lcd.c:180:10:BSP_LCD_GetYSize	8	static
/home/sharpe/Documents/Rowan/Rowan-Projects/Rowan-Rocketry/SRAD-Avionics/Ride-Along-Module/dev/FatFs_uSD/Drivers/BSP/Adafruit_Shield/stm32_adafruit_lcd.c:190:10:BSP_LCD_GetTextColor	4	static
/home/sharpe/Documents/Rowan/Rowan-Projects/Rowan-Rocketry/SRAD-Avionics/Ride-Along-Module/dev/FatFs_uSD/Drivers/BSP/Adafruit_Shield/stm32_adafruit_lcd.c:200:10:BSP_LCD_GetBackColor	4	static
/home/sharpe/Documents/Rowan/Rowan-Projects/Rowan-Rocketry/SRAD-Avionics/Ride-Along-Module/dev/FatFs_uSD/Drivers/BSP/Adafruit_Shield/stm32_adafruit_lcd.c:210:6:BSP_LCD_SetTextColor	16	static
/home/sharpe/Documents/Rowan/Rowan-Projects/Rowan-Rocketry/SRAD-Avionics/Ride-Along-Module/dev/FatFs_uSD/Drivers/BSP/Adafruit_Shield/stm32_adafruit_lcd.c:220:6:BSP_LCD_SetBackColor	16	static
/home/sharpe/Documents/Rowan/Rowan-Projects/Rowan-Rocketry/SRAD-Avionics/Ride-Along-Module/dev/FatFs_uSD/Drivers/BSP/Adafruit_Shield/stm32_adafruit_lcd.c:230:6:BSP_LCD_SetFont	16	static
/home/sharpe/Documents/Rowan/Rowan-Projects/Rowan-Rocketry/SRAD-Avionics/Ride-Along-Module/dev/FatFs_uSD/Drivers/BSP/Adafruit_Shield/stm32_adafruit_lcd.c:240:8:BSP_LCD_GetFont	4	static
/home/sharpe/Documents/Rowan/Rowan-Projects/Rowan-Rocketry/SRAD-Avionics/Ride-Along-Module/dev/FatFs_uSD/Drivers/BSP/Adafruit_Shield/stm32_adafruit_lcd.c:250:6:BSP_LCD_Clear	32	static
/home/sharpe/Documents/Rowan/Rowan-Projects/Rowan-Rocketry/SRAD-Avionics/Ride-Along-Module/dev/FatFs_uSD/Drivers/BSP/Adafruit_Shield/stm32_adafruit_lcd.c:273:6:BSP_LCD_ClearStringLine	32	static
/home/sharpe/Documents/Rowan/Rowan-Projects/Rowan-Rocketry/SRAD-Avionics/Ride-Along-Module/dev/FatFs_uSD/Drivers/BSP/Adafruit_Shield/stm32_adafruit_lcd.c:293:6:BSP_LCD_DisplayChar	16	static
/home/sharpe/Documents/Rowan/Rowan-Projects/Rowan-Rocketry/SRAD-Avionics/Ride-Along-Module/dev/FatFs_uSD/Drivers/BSP/Adafruit_Shield/stm32_adafruit_lcd.c:311:6:BSP_LCD_DisplayStringAt	40	static
/home/sharpe/Documents/Rowan/Rowan-Projects/Rowan-Rocketry/SRAD-Avionics/Ride-Along-Module/dev/FatFs_uSD/Drivers/BSP/Adafruit_Shield/stm32_adafruit_lcd.c:372:6:BSP_LCD_DisplayStringAtLine	16	static
/home/sharpe/Documents/Rowan/Rowan-Projects/Rowan-Rocketry/SRAD-Avionics/Ride-Along-Module/dev/FatFs_uSD/Drivers/BSP/Adafruit_Shield/stm32_adafruit_lcd.c:384:6:BSP_LCD_DrawPixel	16	static
/home/sharpe/Documents/Rowan/Rowan-Projects/Rowan-Rocketry/SRAD-Avionics/Ride-Along-Module/dev/FatFs_uSD/Drivers/BSP/Adafruit_Shield/stm32_adafruit_lcd.c:399:6:BSP_LCD_DrawHLine	32	static
/home/sharpe/Documents/Rowan/Rowan-Projects/Rowan-Rocketry/SRAD-Avionics/Ride-Along-Module/dev/FatFs_uSD/Drivers/BSP/Adafruit_Shield/stm32_adafruit_lcd.c:423:6:BSP_LCD_DrawVLine	32	static
/home/sharpe/Documents/Rowan/Rowan-Projects/Rowan-Rocketry/SRAD-Avionics/Ride-Along-Module/dev/FatFs_uSD/Drivers/BSP/Adafruit_Shield/stm32_adafruit_lcd.c:448:6:BSP_LCD_DrawLine	56	static
/home/sharpe/Documents/Rowan/Rowan-Projects/Rowan-Rocketry/SRAD-Avionics/Ride-Along-Module/dev/FatFs_uSD/Drivers/BSP/Adafruit_Shield/stm32_adafruit_lcd.c:523:6:BSP_LCD_DrawRect	24	static
/home/sharpe/Documents/Rowan/Rowan-Projects/Rowan-Rocketry/SRAD-Avionics/Ride-Along-Module/dev/FatFs_uSD/Drivers/BSP/Adafruit_Shield/stm32_adafruit_lcd.c:541:6:BSP_LCD_DrawCircle	32	static
/home/sharpe/Documents/Rowan/Rowan-Projects/Rowan-Rocketry/SRAD-Avionics/Ride-Along-Module/dev/FatFs_uSD/Drivers/BSP/Adafruit_Shield/stm32_adafruit_lcd.c:591:6:BSP_LCD_DrawPolygon	32	static
/home/sharpe/Documents/Rowan/Rowan-Projects/Rowan-Rocketry/SRAD-Avionics/Ride-Along-Module/dev/FatFs_uSD/Drivers/BSP/Adafruit_Shield/stm32_adafruit_lcd.c:619:6:BSP_LCD_DrawEllipse	56	static
/home/sharpe/Documents/Rowan/Rowan-Projects/Rowan-Rocketry/SRAD-Avionics/Ride-Along-Module/dev/FatFs_uSD/Drivers/BSP/Adafruit_Shield/stm32_adafruit_lcd.c:652:6:BSP_LCD_DrawBitmap	32	static
/home/sharpe/Documents/Rowan/Rowan-Projects/Rowan-Rocketry/SRAD-Avionics/Ride-Along-Module/dev/FatFs_uSD/Drivers/BSP/Adafruit_Shield/stm32_adafruit_lcd.c:687:6:BSP_LCD_FillRect	24	static
/home/sharpe/Documents/Rowan/Rowan-Projects/Rowan-Rocketry/SRAD-Avionics/Ride-Along-Module/dev/FatFs_uSD/Drivers/BSP/Adafruit_Shield/stm32_adafruit_lcd.c:704:6:BSP_LCD_FillCircle	32	static
/home/sharpe/Documents/Rowan/Rowan-Projects/Rowan-Rocketry/SRAD-Avionics/Ride-Along-Module/dev/FatFs_uSD/Drivers/BSP/Adafruit_Shield/stm32_adafruit_lcd.c:752:6:BSP_LCD_FillPolygon	64	static
/home/sharpe/Documents/Rowan/Rowan-Projects/Rowan-Rocketry/SRAD-Avionics/Ride-Along-Module/dev/FatFs_uSD/Drivers/BSP/Adafruit_Shield/stm32_adafruit_lcd.c:820:6:BSP_LCD_FillEllipse	56	static
/home/sharpe/Documents/Rowan/Rowan-Projects/Rowan-Rocketry/SRAD-Avionics/Ride-Along-Module/dev/FatFs_uSD/Drivers/BSP/Adafruit_Shield/stm32_adafruit_lcd.c:851:6:BSP_LCD_DisplayOn	8	static
/home/sharpe/Documents/Rowan/Rowan-Projects/Rowan-Rocketry/SRAD-Avionics/Ride-Along-Module/dev/FatFs_uSD/Drivers/BSP/Adafruit_Shield/stm32_adafruit_lcd.c:861:6:BSP_LCD_DisplayOff	8	static
/home/sharpe/Documents/Rowan/Rowan-Projects/Rowan-Rocketry/SRAD-Avionics/Ride-Along-Module/dev/FatFs_uSD/Drivers/BSP/Adafruit_Shield/stm32_adafruit_lcd.c:877:13:DrawChar	48	static
/home/sharpe/Documents/Rowan/Rowan-Projects/Rowan-Rocketry/SRAD-Avionics/Ride-Along-Module/dev/FatFs_uSD/Drivers/BSP/Adafruit_Shield/stm32_adafruit_lcd.c:950:13:FillTriangle	56	static
/home/sharpe/Documents/Rowan/Rowan-Projects/Rowan-Rocketry/SRAD-Avionics/Ride-Along-Module/dev/FatFs_uSD/Drivers/BSP/Adafruit_Shield/stm32_adafruit_lcd.c:1027:13:SetDisplayWindow	24	static
