Archive member included to satisfy reference by file (symbol)

/opt/st/stm32cubeide_1.18.1/plugins/com.st.stm32cube.ide.mcu.externaltools.gnu-tools-for-stm32.13.3.rel1.linux64_1.0.0.202410170706/tools/bin/../lib/gcc/arm-none-eabi/13.3.1/../../../../arm-none-eabi/lib/thumb/v8-m.main+fp/hard/libc_nano.a(libc_a-exit.o)
                              /opt/st/stm32cubeide_1.18.1/plugins/com.st.stm32cube.ide.mcu.externaltools.gnu-tools-for-stm32.13.3.rel1.linux64_1.0.0.202410170706/tools/bin/../lib/gcc/arm-none-eabi/13.3.1/../../../../arm-none-eabi/lib/thumb/v8-m.main+fp/hard/crt0.o (exit)
/opt/st/stm32cubeide_1.18.1/plugins/com.st.stm32cube.ide.mcu.externaltools.gnu-tools-for-stm32.13.3.rel1.linux64_1.0.0.202410170706/tools/bin/../lib/gcc/arm-none-eabi/13.3.1/../../../../arm-none-eabi/lib/thumb/v8-m.main+fp/hard/libc_nano.a(libc_a-findfp.o)
                              /opt/st/stm32cubeide_1.18.1/plugins/com.st.stm32cube.ide.mcu.externaltools.gnu-tools-for-stm32.13.3.rel1.linux64_1.0.0.202410170706/tools/bin/../lib/gcc/arm-none-eabi/13.3.1/../../../../arm-none-eabi/lib/thumb/v8-m.main+fp/hard/libc_nano.a(libc_a-exit.o) (__stdio_exit_handler)
/opt/st/stm32cubeide_1.18.1/plugins/com.st.stm32cube.ide.mcu.externaltools.gnu-tools-for-stm32.13.3.rel1.linux64_1.0.0.202410170706/tools/bin/../lib/gcc/arm-none-eabi/13.3.1/../../../../arm-none-eabi/lib/thumb/v8-m.main+fp/hard/libc_nano.a(libc_a-fwalk.o)
                              /opt/st/stm32cubeide_1.18.1/plugins/com.st.stm32cube.ide.mcu.externaltools.gnu-tools-for-stm32.13.3.rel1.linux64_1.0.0.202410170706/tools/bin/../lib/gcc/arm-none-eabi/13.3.1/../../../../arm-none-eabi/lib/thumb/v8-m.main+fp/hard/libc_nano.a(libc_a-findfp.o) (_fwalk_sglue)
/opt/st/stm32cubeide_1.18.1/plugins/com.st.stm32cube.ide.mcu.externaltools.gnu-tools-for-stm32.13.3.rel1.linux64_1.0.0.202410170706/tools/bin/../lib/gcc/arm-none-eabi/13.3.1/../../../../arm-none-eabi/lib/thumb/v8-m.main+fp/hard/libc_nano.a(libc_a-stdio.o)
                              /opt/st/stm32cubeide_1.18.1/plugins/com.st.stm32cube.ide.mcu.externaltools.gnu-tools-for-stm32.13.3.rel1.linux64_1.0.0.202410170706/tools/bin/../lib/gcc/arm-none-eabi/13.3.1/../../../../arm-none-eabi/lib/thumb/v8-m.main+fp/hard/libc_nano.a(libc_a-findfp.o) (__sread)
/opt/st/stm32cubeide_1.18.1/plugins/com.st.stm32cube.ide.mcu.externaltools.gnu-tools-for-stm32.13.3.rel1.linux64_1.0.0.202410170706/tools/bin/../lib/gcc/arm-none-eabi/13.3.1/../../../../arm-none-eabi/lib/thumb/v8-m.main+fp/hard/libc_nano.a(libc_a-memset.o)
                              /opt/st/stm32cubeide_1.18.1/plugins/com.st.stm32cube.ide.mcu.externaltools.gnu-tools-for-stm32.13.3.rel1.linux64_1.0.0.202410170706/tools/bin/../lib/gcc/arm-none-eabi/13.3.1/../../../../arm-none-eabi/lib/thumb/v8-m.main+fp/hard/crt0.o (memset)
/opt/st/stm32cubeide_1.18.1/plugins/com.st.stm32cube.ide.mcu.externaltools.gnu-tools-for-stm32.13.3.rel1.linux64_1.0.0.202410170706/tools/bin/../lib/gcc/arm-none-eabi/13.3.1/../../../../arm-none-eabi/lib/thumb/v8-m.main+fp/hard/libc_nano.a(libc_a-closer.o)
                              /opt/st/stm32cubeide_1.18.1/plugins/com.st.stm32cube.ide.mcu.externaltools.gnu-tools-for-stm32.13.3.rel1.linux64_1.0.0.202410170706/tools/bin/../lib/gcc/arm-none-eabi/13.3.1/../../../../arm-none-eabi/lib/thumb/v8-m.main+fp/hard/libc_nano.a(libc_a-stdio.o) (_close_r)
/opt/st/stm32cubeide_1.18.1/plugins/com.st.stm32cube.ide.mcu.externaltools.gnu-tools-for-stm32.13.3.rel1.linux64_1.0.0.202410170706/tools/bin/../lib/gcc/arm-none-eabi/13.3.1/../../../../arm-none-eabi/lib/thumb/v8-m.main+fp/hard/libc_nano.a(libc_a-reent.o)
                              /opt/st/stm32cubeide_1.18.1/plugins/com.st.stm32cube.ide.mcu.externaltools.gnu-tools-for-stm32.13.3.rel1.linux64_1.0.0.202410170706/tools/bin/../lib/gcc/arm-none-eabi/13.3.1/../../../../arm-none-eabi/lib/thumb/v8-m.main+fp/hard/libc_nano.a(libc_a-closer.o) (errno)
/opt/st/stm32cubeide_1.18.1/plugins/com.st.stm32cube.ide.mcu.externaltools.gnu-tools-for-stm32.13.3.rel1.linux64_1.0.0.202410170706/tools/bin/../lib/gcc/arm-none-eabi/13.3.1/../../../../arm-none-eabi/lib/thumb/v8-m.main+fp/hard/libc_nano.a(libc_a-impure.o)
                              /opt/st/stm32cubeide_1.18.1/plugins/com.st.stm32cube.ide.mcu.externaltools.gnu-tools-for-stm32.13.3.rel1.linux64_1.0.0.202410170706/tools/bin/../lib/gcc/arm-none-eabi/13.3.1/../../../../arm-none-eabi/lib/thumb/v8-m.main+fp/hard/libc_nano.a(libc_a-reent.o) (_impure_ptr)
/opt/st/stm32cubeide_1.18.1/plugins/com.st.stm32cube.ide.mcu.externaltools.gnu-tools-for-stm32.13.3.rel1.linux64_1.0.0.202410170706/tools/bin/../lib/gcc/arm-none-eabi/13.3.1/../../../../arm-none-eabi/lib/thumb/v8-m.main+fp/hard/libc_nano.a(libc_a-lseekr.o)
[...]
Memory Configuration

Name             Origin             Length             Attributes
RAM              0x20000000         0x00040000         xrw
SRAM4            0x28000000         0x00004000         xrw
FLASH            0x08000000         0x00080000         xr
*default*        0x00000000         0xffffffff

Linker script and memory map

LOAD /opt/st/stm32cubeide_1.18.1/plugins/com.st.stm32cube.ide.mcu.externaltools.gnu-tools-for-stm32.13.3.rel1.linux64_1.0.0.202410170706/tools/bin/../lib/gcc/arm-none-eabi/13.3.1/thumb/v8-m.main+fp/hard/crti.o
LOAD /opt/st/stm32cubeide_1.18.1/plugins/com.st.stm32cube.ide.mcu.externaltools.gnu-tools-for-stm32.13.3.rel1.linux64_1.0.0.202410170706/tools/bin/../lib/gcc/arm-none-eabi/13.3.1/thumb/v8-m.main+fp/hard/crtbegin.o
LOAD /opt/st/stm32cubeide_1.18.1/plugins/com.st.stm32cube.ide.mcu.externaltools.gnu-tools-for-stm32.13.3.rel1.linux64_1.0.0.202410170706/tools/bin/../lib/gcc/arm-none-eabi/13.3.1/../../../../arm-none-eabi/lib/thumb/v8-m.main+fp/hard/crt0.o
LOAD ./Core/Src/bsp_driver_sd.o
LOAD ./Core/Src/main.o
LOAD ./Core/Src/sd_diskio.o
LOAD ./Core/Src/stm32u5xx_hal_msp.o
LOAD ./Core/Src/stm32u5xx_it.o
LOAD ./Core/Src/syscalls.o
LOAD ./Core/Src/sysmem.o
LOAD ./Core/Src/system_stm32u5xx.o
LOAD ./Core/Startup/startup_stm32u545retxq.o
LOAD ./Drivers/STM32U5xx_HAL_Driver/Src/stm32u5xx_hal.o
LOAD ./Drivers/STM32U5xx_HAL_Driver/Src/stm32u5xx_hal_cortex.o
LOAD ./Drivers/STM32U5xx_HAL_Driver/Src/stm32u5xx_hal_dma.o
LOAD ./Drivers/STM32U5xx_HAL_Driver/Src/stm32u5xx_hal_dma_ex.o
LOAD ./Drivers/STM32U5xx_HAL_Driver/Src/stm32u5xx_hal_exti.o
LOAD ./Drivers/STM32U5xx_HAL_Driver/Src/stm32u5xx_hal_flash.o
LOAD ./Drivers/STM32U5xx_HAL_Driver/Src/stm32u5xx_hal_flash_ex.o
LOAD ./Drivers/STM32U5xx_HAL_Driver/Src/stm32u5xx_hal_gpio.o
LOAD ./Drivers/STM32U5xx_HAL_Driver/Src/stm32u5xx_hal_gtzc.o
LOAD ./Drivers/STM32U5xx_HAL_Driver/Src/stm32u5xx_hal_i2c.o
LOAD ./Drivers/STM32U5xx_HAL_Driver/Src/stm32u5xx_hal_i2c_ex.o
LOAD ./Drivers/STM32U5xx_HAL_Driver/Src/stm32u5xx_hal_icache.o
LOAD ./Drivers/STM32U5xx_HAL_Driver/Src/stm32u5xx_hal_mmc.o
LOAD ./Drivers/STM32U5xx_HAL_Driver/Src/stm32u5xx_hal_mmc_ex.o
LOAD ./Drivers/STM32U5xx_HAL_Driver/Src/stm32u5xx_hal_pwr.o
LOAD ./Drivers/STM32U5xx_HAL_Driver/Src/stm32u5xx_hal_pwr_ex.o
LOAD ./Drivers/STM32U5xx_HAL_Driver/Src/stm32u5xx_hal_rcc.o
LOAD ./Drivers/STM32U5xx_HAL_Driver/Src/stm32u5xx_hal_rcc_ex.o
LOAD ./Drivers/STM32U5xx_HAL_Driver/Src/stm32u5xx_hal_sd.o
LOAD ./Drivers/STM32U5xx_HAL_Driver/Src/stm32u5xx_hal_sd_ex.o
LOAD ./Drivers/STM32U5xx_HAL_Driver/Src/stm32u5xx_hal_sdio.o
LOAD ./Drivers/STM32U5xx_HAL_Driver/Src/stm32u5xx_ll_dlyb.o
LOAD ./Drivers/STM32U5xx_HAL_Driver/Src/stm32u5xx_ll_sdmmc.o
LOAD ./FatFs/src/diskio.o
LOAD ./FatFs/src/ff.o
LOAD ./FatFs/src/ff_gen_drv.o
START GROUP
LOAD /opt/st/stm32cubeide_1.18.1/plugins/com.st.stm32cube.ide.mcu.externaltools.gnu-tools-for-stm32.13.3.rel1.linux64_1.0.0.202410170706/tools/bin/../lib/gcc/arm-none-eabi/13.3.1/../../../../arm-none-eabi/lib/thumb/v8-m.main+fp/hard/libc_nano.a
LOAD /opt/st/stm32cubeide_1.18.1/plugins/com.st.stm32cube.ide.mcu.externaltools.gnu-tools-for-stm32.13.3.rel1.linux64_1.0.0.202410170706/tools/bin/../lib/gcc/arm-none-eabi/13.3.1/../../../../arm-none-eabi/lib/thumb/v8-m.main+fp/hard/libm.a
END GROUP
START GROUP
LOAD /opt/st/stm32cubeide_1.18.1/plugins/com.st.stm32cube.ide.mcu.externaltools.gnu-tools-for-stm32.13.3.rel1.linux64_1.0.0.202410170706/tools/bin/../lib/gcc/arm-none-eabi/13.3.1/thumb/v8-m.main+fp/hard/libgcc.a
LOAD /opt/st/stm32cubeide_1.18.1/plugins/com.st.stm32cube.ide.mcu.externaltools.gnu-tools-for-stm32.13.3.rel1.linux64_1.0.0.202410170706/tools/bin/../lib/gcc/arm-none-eabi/13.3.1/../../../../arm-none-eabi/lib/thumb/v8-m.main+fp/hard/libc_nano.a
END GROUP
START GROUP
LOAD /opt/st/stm32cubeide_1.18.1/plugins/com.st.stm32cube.ide.mcu.externaltools.gnu-tools-for-stm32.13.3.rel1.linux64_1.0.0.202410170706/tools/bin/../lib/gcc/arm-none-eabi/13.3.1/thumb/v8-m.main+fp/hard/libgcc.a
LOAD /opt/st/stm32cubeide_1.18.1/plugins/com.st.stm32cube.ide.mcu.externaltools.gnu-tools-for-stm32.13.3.rel1.linux64_1.0.0.202410170706/tools/bin/../lib/gcc/arm-none-eabi/13.3.1/../../../../arm-none-eabi/lib/thumb/v8-m.main+fp/hard/libc_nano.a
LOAD /opt/st/stm32cubeide_1.18.1/plugins/com.st.stm32cube.ide.mcu.externaltools.gnu-tools-for-stm32.13.3.rel1.linux64_1.0.0.202410170706/tools/bin/../lib/gcc/arm-none-eabi/13.3.1/../../../../arm-none-eabi/lib/thumb/v8-m.main+fp/hard/libnosys.a
END GROUP
START GROUP
LOAD /opt/st/stm32cubeide_1.18.1/plugins/com.st.stm32cube.ide.mcu.externaltools.gnu-tools-for-stm32.13.3.rel1.linux64_1.0.0.202410170706/tools/bin/../lib/gcc/arm-none-eabi/13.3.1/thumb/v8-m.main+fp/hard/libgcc.a
LOAD /opt/st/stm32cubeide_1.18.1/plugins/com.st.stm32cube.ide.mcu.externaltools.gnu-tools-for-stm32.13.3.rel1.linux64_1.0.0.202410170706/tools/bin/../lib/gcc/arm-none-eabi/13.3.1/../../../../arm-none-eabi/lib/thumb/v8-m.main+fp/hard/libc_nano.a
LOAD /opt/st/stm32cubeide_1.18.1/plugins/com.st.stm32cube.ide.mcu.externaltools.gnu-tools-for-stm32.13.3.rel1.linux64_1.0.0.202410170706/tools/bin/../lib/gcc/arm-none-eabi/13.3.1/../../../../arm-none-eabi/lib/thumb/v8-m.main+fp/hard/libnosys.a
END GROUP
LOAD /opt/st/stm32cubeide_1.18.1/plugins/com.st.stm32cube.ide.mcu.externaltools.gnu-tools-for-stm32.13.3.rel1.linux64_1.0.0.202410170706/tools/bin/../lib/gcc/arm-none-eabi/13.3.1/thumb/v8-m.main+fp/hard/crtend.o
LOAD /opt/st/stm32cubeide_1.18.1/plugins/com.st.stm32cube.ide.mcu.externaltools.gnu-tools-for-stm32.13.3.rel1.linux64_1.0.0.202410170706/tools/bin/../lib/gcc/arm-none-eabi/13.3.1/thumb/v8-m.main+fp/hard/crtn.o
                0x20040000                        _estack = (ORIGIN (RAM) + LENGTH (RAM))
                0x00000200                        _Min_Heap_Size = 0x200
                0x00000400                        _Min_Stack_Size = 0x400

.isr_vector     0x08000000      0x238
 *(.isr_vector)
 .isr_vector    0x08000000      0x238 ./Core/Startup/startup_stm32u545retxq.o
                0x08000000                g_pfnVectors

.text           0x08000238     0x9544
 *(.text)
 .text          0x08000238       0x40 /opt/st/stm32cubeide_1.18.1/plugins/com.st.stm32cube.ide.mcu.externaltools.gnu-tools-for-stm32.13.3.rel1.linux64_1.0.0.202410170706/tools/bin/../lib/gcc/arm-none-eabi/13.3.1/thumb/v8-m.main+fp/hard/crtbegin.o
 .text          0x08000278       0x10 /opt/st/stm32cubeide_1.18.1/plugins/com.st.stm32cube.ide.mcu.externaltools.gnu-tools-for-stm32.13.3.rel1.linux64_1.0.0.202410170706/tools/bin/../lib/gcc/arm-none-eabi/13.3.1/../../../../arm-none-eabi/lib/thumb/v8-m.main+fp/hard/libc_nano.a(libc_a-strlen.o)
                0x08000278                strlen
 *(.text*)
 .text.BSP_SD_Init
                0x08000288       0x30 ./Core/Src/bsp_driver_sd.o
                0x08000288                BSP_SD_Init
 .text.BSP_SD_ReadBlocks
                0x080002b8       0x3c ./Core/Src/bsp_driver_sd.o
                0x080002b8                BSP_SD_ReadBlocks
 .text.BSP_SD_WriteBlocks
                0x080002f4       0x3c ./Core/Src/bsp_driver_sd.o
                0x080002f4                BSP_SD_WriteBlocks
 .text.BSP_SD_GetCardState
                0x08000330       0x20 ./Core/Src/bsp_driver_sd.o
                0x08000330                BSP_SD_GetCardState
 .text.BSP_SD_GetCardInfo
                0x08000350       0x1c ./Core/Src/bsp_driver_sd.o
                0x08000350                BSP_SD_GetCardInfo
 .text.BSP_SD_IsDetected
                0x0800036c       0x1a ./Core/Src/bsp_driver_sd.o
                0x0800036c                BSP_SD_IsDetected
 *fill*         0x08000386        0x2 
 .text.main     0x08000388      0x10c ./Core/Src/main.o
                0x08000388                main
 .text.SystemClock_Config
                0x08000494       0x9a ./Core/Src/main.o
                0x08000494                SystemClock_Config
 *fill*         0x0800052e        0x2 
 .text.MX_SDMMC1_SD_Init
                0x08000530       0x44 ./Core/Src/main.o
 .text.MX_GPIO_Init
                0x08000574       0x54 ./Core/Src/main.o
 .text.Error_Handler
                0x080005c8        0xc ./Core/Src/main.o
                0x080005c8                Error_Handler
 .text.SD_CheckStatus
                0x080005d4       0x3c ./Core/Src/sd_diskio.o
 .text.SD_initialize
                0x08000610       0x3c ./Core/Src/sd_diskio.o
                0x08000610                SD_initialize
 .text.SD_status
                0x0800064c       0x1c ./Core/Src/sd_diskio.o
                0x0800064c                SD_status
 .text.SD_read  0x08000668       0x42 ./Core/Src/sd_diskio.o
                0x08000668                SD_read
 .text.SD_write
                0x080006aa       0x42 ./Core/Src/sd_diskio.o
                0x080006aa                SD_write
 .text.SD_ioctl
                0x080006ec       0xb0 ./Core/Src/sd_diskio.o
                0x080006ec                SD_ioctl
 .text.HAL_MspInit
                0x0800079c       0x34 ./Core/Src/stm32u5xx_hal_msp.o
                0x0800079c                HAL_MspInit
 .text.HAL_SD_MspInit
                0x080007d0      0x154 ./Core/Src/stm32u5xx_hal_msp.o
                0x080007d0                HAL_SD_MspInit
 .text.NMI_Handler
                0x08000924        0x8 ./Core/Src/stm32u5xx_it.o
                0x08000924                NMI_Handler
 .text.HardFault_Handler
                0x0800092c        0x8 ./Core/Src/stm32u5xx_it.o
                0x0800092c                HardFault_Handler
 .text.MemManage_Handler
                0x08000934        0x8 ./Core/Src/stm32u5xx_it.o
                0x08000934                MemManage_Handler
 .text.BusFault_Handler
                0x0800093c        0x8 ./Core/Src/stm32u5xx_it.o
                0x0800093c                BusFault_Handler
 .text.UsageFault_Handler
                0x08000944        0x8 ./Core/Src/stm32u5xx_it.o
                0x08000944                UsageFault_Handler
 .text.SVC_Handler
                0x0800094c        0xe ./Core/Src/stm32u5xx_it.o
                0x0800094c                SVC_Handler
 .text.DebugMon_Handler
                0x0800095a        0xe ./Core/Src/stm32u5xx_it.o
                0x0800095a                DebugMon_Handler
 .text.PendSV_Handler
                0x08000968        0xe ./Core/Src/stm32u5xx_it.o
                0x08000968                PendSV_Handler
 .text.SysTick_Handler
                0x08000976        0xc ./Core/Src/stm32u5xx_it.o
                0x08000976                SysTick_Handler
 *fill*         0x08000982        0x2 
 .text.SystemInit
                0x08000984       0x70 ./Core/Src/system_stm32u5xx.o
                0x08000984                SystemInit
 .text.Reset_Handler
                0x080009f4       0x50 ./Core/Startup/startup_stm32u545retxq.o
                0x080009f4                Reset_Handler
 .text.Default_Handler
                0x08000a44        0x2 ./Core/Startup/startup_stm32u545retxq.o
                0x08000a44                EXTI2_IRQHandler
                0x08000a44                TIM8_TRG_COM_IRQHandler
                0x08000a44                TIM8_CC_IRQHandler
                0x08000a44                EXTI5_IRQHandler
                0x08000a44                FLASH_S_IRQHandler
                0x08000a44                EXTI13_IRQHandler
                0x08000a44                TIM1_CC_IRQHandler
                0x08000a44                TSC_IRQHandler
                0x08000a44                TAMP_IRQHandler
                0x08000a44                TIM6_IRQHandler
                0x08000a44                EXTI12_IRQHandler
                0x08000a44                CORDIC_IRQHandler
                0x08000a44                EXTI3_IRQHandler
                0x08000a44                LPTIM4_IRQHandler
                0x08000a44                GPDMA1_Channel5_IRQHandler
                0x08000a44                EXTI8_IRQHandler
                0x08000a44                LPTIM2_IRQHandler
                0x08000a44                I2C3_ER_IRQHandler
                0x08000a44                PWR_S3WU_IRQHandler
                0x08000a44                LPDMA1_Channel3_IRQHandler
                0x08000a44                LPTIM3_IRQHandler
                0x08000a44                EXTI0_IRQHandler
                0x08000a44                I2C2_EV_IRQHandler
                0x08000a44                FPU_IRQHandler
                0x08000a44                GPDMA1_Channel3_IRQHandler
                0x08000a44                GPDMA1_Channel7_IRQHandler
                0x08000a44                FDCAN1_IT1_IRQHandler
                0x08000a44                RAMCFG_IRQHandler
                0x08000a44                GPDMA1_Channel9_IRQHandler
                0x08000a44                DCACHE1_IRQHandler
                0x08000a44                SPI1_IRQHandler
                0x08000a44                OCTOSPI1_IRQHandler
                0x08000a44                GPDMA1_Channel2_IRQHandler
                0x08000a44                TIM8_UP_IRQHandler
                0x08000a44                RCC_S_IRQHandler
                0x08000a44                MDF1_FLT1_IRQHandler
                0x08000a44                ADC1_IRQHandler
                0x08000a44                PKA_IRQHandler
                0x08000a44                EXTI15_IRQHandler
                0x08000a44                TIM17_IRQHandler
                0x08000a44                USART3_IRQHandler
                0x08000a44                RTC_IRQHandler
                0x08000a44                EXTI9_IRQHandler
                0x08000a44                UART5_IRQHandler
                0x08000a44                TIM4_IRQHandler
                0x08000a44                I2C1_EV_IRQHandler
                0x08000a44                GPDMA1_Channel12_IRQHandler
                0x08000a44                GPDMA1_Channel1_IRQHandler
                0x08000a44                TIM16_IRQHandler
                0x08000a44                GPDMA1_Channel15_IRQHandler
                0x08000a44                UART4_IRQHandler
                0x08000a44                SecureFault_Handler
                0x08000a44                TIM3_IRQHandler
                0x08000a44                RCC_IRQHandler
                0x08000a44                TIM1_TRG_COM_IRQHandler
                0x08000a44                Default_Handler
                0x08000a44                GPDMA1_Channel8_IRQHandler
                0x08000a44                FMAC_IRQHandler
                0x08000a44                OTFDEC1_IRQHandler
                0x08000a44                GPDMA1_Channel11_IRQHandler
                0x08000a44                TIM7_IRQHandler
                0x08000a44                SDMMC1_IRQHandler
                0x08000a44                SAES_IRQHandler
                0x08000a44                TIM5_IRQHandler
                0x08000a44                GPDMA1_Channel0_IRQHandler
                0x08000a44                TIM15_IRQHandler
                0x08000a44                I2C3_EV_IRQHandler
                0x08000a44                USB_IRQHandler
                0x08000a44                LPDMA1_Channel0_IRQHandler
                0x08000a44                PVD_PVM_IRQHandler
                0x08000a44                SPI2_IRQHandler
                0x08000a44                LPDMA1_Channel1_IRQHandler
                0x08000a44                EXTI14_IRQHandler
                0x08000a44                EXTI11_IRQHandler
                0x08000a44                CRS_IRQHandler
                0x08000a44                GPDMA1_Channel14_IRQHandler
                0x08000a44                LSECSSD_IRQHandler
                0x08000a44                EXTI4_IRQHandler
                0x08000a44                RTC_S_IRQHandler
                0x08000a44                GPDMA1_Channel13_IRQHandler
                0x08000a44                RNG_IRQHandler
                0x08000a44                COMP_IRQHandler
                0x08000a44                TIM1_UP_IRQHandler
                0x08000a44                ADC4_IRQHandler
                0x08000a44                WWDG_IRQHandler
                0x08000a44                I2C4_EV_IRQHandler
                0x08000a44                ADF1_IRQHandler
                0x08000a44                IWDG_IRQHandler
                0x08000a44                LPUART1_IRQHandler
                0x08000a44                MDF1_FLT0_IRQHandler
                0x08000a44                FDCAN1_IT0_IRQHandler
                0x08000a44                TIM2_IRQHandler
                0x08000a44                GPDMA1_Channel4_IRQHandler
                0x08000a44                EXTI7_IRQHandler
                0x08000a44                TIM1_BRK_IRQHandler
                0x08000a44                EXTI1_IRQHandler
                0x08000a44                AES_IRQHandler
                0x08000a44                DAC1_IRQHandler
                0x08000a44                GTZC_IRQHandler
                0x08000a44                GPDMA1_Channel6_IRQHandler
                0x08000a44                I2C2_ER_IRQHandler
                0x08000a44                TIM8_BRK_IRQHandler
                0x08000a44                FLASH_IRQHandler
                0x08000a44                USART1_IRQHandler
                0x08000a44                EXTI10_IRQHandler
                0x08000a44                SPI3_IRQHandler
                0x08000a44                LPDMA1_Channel2_IRQHandler
                0x08000a44                I2C1_ER_IRQHandler
                0x08000a44                EXTI6_IRQHandler
                0x08000a44                LPTIM1_IRQHandler
                0x08000a44                DCMI_PSSI_IRQHandler
                0x08000a44                I2C4_ER_IRQHandler
                0x08000a44                GPDMA1_Channel10_IRQHandler
                0x08000a44                ICACHE_IRQHandler
                0x08000a44                SAI1_IRQHandler
                0x08000a44                HASH_IRQHandler
 *fill*         0x08000a46        0x2 
 .text.HAL_Init
                0x08000a48       0x60 ./Drivers/STM32U5xx_HAL_Driver/Src/stm32u5xx_hal.o
                0x08000a48                HAL_Init
 .text.HAL_InitTick
                0x08000aa8       0xec ./Drivers/STM32U5xx_HAL_Driver/Src/stm32u5xx_hal.o
                0x08000aa8                HAL_InitTick
 .text.HAL_IncTick
                0x08000b94       0x28 ./Drivers/STM32U5xx_HAL_Driver/Src/stm32u5xx_hal.o
                0x08000b94                HAL_IncTick
 .text.HAL_GetTick
                0x08000bbc       0x18 ./Drivers/STM32U5xx_HAL_Driver/Src/stm32u5xx_hal.o
                0x08000bbc                HAL_GetTick
 .text.HAL_Delay
                0x08000bd4       0x48 ./Drivers/STM32U5xx_HAL_Driver/Src/stm32u5xx_hal.o
                0x08000bd4                HAL_Delay
 .text.__NVIC_SetPriorityGrouping
                0x08000c1c       0x48 ./Drivers/STM32U5xx_HAL_Driver/Src/stm32u5xx_hal_cortex.o
 .text.__NVIC_GetPriorityGrouping
                0x08000c64       0x1c ./Drivers/STM32U5xx_HAL_Driver/Src/stm32u5xx_hal_cortex.o
 .text.__NVIC_SetPriority
                0x08000c80       0x54 ./Drivers/STM32U5xx_HAL_Driver/Src/stm32u5xx_hal_cortex.o
 .text.NVIC_EncodePriority
                0x08000cd4       0x66 ./Drivers/STM32U5xx_HAL_Driver/Src/stm32u5xx_hal_cortex.o
 .text.HAL_NVIC_SetPriorityGrouping
                0x08000d3a       0x16 ./Drivers/STM32U5xx_HAL_Driver/Src/stm32u5xx_hal_cortex.o
                0x08000d3a                HAL_NVIC_SetPriorityGrouping
 .text.HAL_NVIC_SetPriority
                0x08000d50       0x34 ./Drivers/STM32U5xx_HAL_Driver/Src/stm32u5xx_hal_cortex.o
                0x08000d50                HAL_NVIC_SetPriority
 .text.HAL_SYSTICK_Config
                0x08000d84       0x44 ./Drivers/STM32U5xx_HAL_Driver/Src/stm32u5xx_hal_cortex.o
                0x08000d84                HAL_SYSTICK_Config
 .text.HAL_SYSTICK_CLKSourceConfig
                0x08000dc8       0xb0 ./Drivers/STM32U5xx_HAL_Driver/Src/stm32u5xx_hal_cortex.o
                0x08000dc8                HAL_SYSTICK_CLKSourceConfig
 .text.HAL_SYSTICK_GetCLKSourceConfig
                0x08000e78       0x74 ./Drivers/STM32U5xx_HAL_Driver/Src/stm32u5xx_hal_cortex.o
                0x08000e78                HAL_SYSTICK_GetCLKSourceConfig
 .text.HAL_GPIO_Init
                0x08000eec      0x3b0 ./Drivers/STM32U5xx_HAL_Driver/Src/stm32u5xx_hal_gpio.o
                0x08000eec                HAL_GPIO_Init
 .text.HAL_PWREx_ControlVoltageScaling
                0x0800129c       0xfc ./Drivers/STM32U5xx_HAL_Driver/Src/stm32u5xx_hal_pwr_ex.o
                0x0800129c                HAL_PWREx_ControlVoltageScaling
 .text.HAL_PWREx_GetVoltageRange
                0x08001398       0x1c ./Drivers/STM32U5xx_HAL_Driver/Src/stm32u5xx_hal_pwr_ex.o
                0x08001398                HAL_PWREx_GetVoltageRange
 .text.HAL_RCC_OscConfig
                0x080013b4      0xdb8 ./Drivers/STM32U5xx_HAL_Driver/Src/stm32u5xx_hal_rcc.o
                0x080013b4                HAL_RCC_OscConfig
 .text.HAL_RCC_ClockConfig
                0x0800216c      0x3e4 ./Drivers/STM32U5xx_HAL_Driver/Src/stm32u5xx_hal_rcc.o
                0x0800216c                HAL_RCC_ClockConfig
 .text.HAL_RCC_GetSysClockFreq
                0x08002550      0x204 ./Drivers/STM32U5xx_HAL_Driver/Src/stm32u5xx_hal_rcc.o
                0x08002550                HAL_RCC_GetSysClockFreq
 .text.HAL_RCC_GetHCLKFreq
                0x08002754       0x34 ./Drivers/STM32U5xx_HAL_Driver/Src/stm32u5xx_hal_rcc.o
                0x08002754                HAL_RCC_GetHCLKFreq
 .text.HAL_RCC_GetPCLK1Freq
                0x08002788       0x28 ./Drivers/STM32U5xx_HAL_Driver/Src/stm32u5xx_hal_rcc.o
                0x08002788                HAL_RCC_GetPCLK1Freq
 .text.HAL_RCC_GetPCLK2Freq
                0x080027b0       0x28 ./Drivers/STM32U5xx_HAL_Driver/Src/stm32u5xx_hal_rcc.o
                0x080027b0                HAL_RCC_GetPCLK2Freq
 .text.HAL_RCC_GetPCLK3Freq
                0x080027d8       0x28 ./Drivers/STM32U5xx_HAL_Driver/Src/stm32u5xx_hal_rcc.o
                0x080027d8                HAL_RCC_GetPCLK3Freq
 .text.RCC_SetFlashLatencyFromMSIRange
                0x08002800      0x10c ./Drivers/STM32U5xx_HAL_Driver/Src/stm32u5xx_hal_rcc.o
 .text.HAL_RCCEx_PeriphCLKConfig
                0x0800290c      0xa7c ./Drivers/STM32U5xx_HAL_Driver/Src/stm32u5xx_hal_rcc_ex.o
                0x0800290c                HAL_RCCEx_PeriphCLKConfig
 .text.HAL_RCCEx_GetPLL1ClockFreq
                0x08003388      0x2b4 ./Drivers/STM32U5xx_HAL_Driver/Src/stm32u5xx_hal_rcc_ex.o
                0x08003388                HAL_RCCEx_GetPLL1ClockFreq
 .text.HAL_RCCEx_GetPLL2ClockFreq
                0x0800363c      0x2b4 ./Drivers/STM32U5xx_HAL_Driver/Src/stm32u5xx_hal_rcc_ex.o
                0x0800363c                HAL_RCCEx_GetPLL2ClockFreq
 .text.HAL_RCCEx_GetPLL3ClockFreq
                0x080038f0      0x2b4 ./Drivers/STM32U5xx_HAL_Driver/Src/stm32u5xx_hal_rcc_ex.o
                0x080038f0                HAL_RCCEx_GetPLL3ClockFreq
 .text.HAL_RCCEx_GetPeriphCLKFreq
                0x08003ba4     0x1284 ./Drivers/STM32U5xx_HAL_Driver/Src/stm32u5xx_hal_rcc_ex.o
                0x08003ba4                HAL_RCCEx_GetPeriphCLKFreq
 .text.RCCEx_PLL2_Config
                0x08004e28      0x130 ./Drivers/STM32U5xx_HAL_Driver/Src/stm32u5xx_hal_rcc_ex.o
 .text.RCCEx_PLL3_Config
                0x08004f58      0x130 ./Drivers/STM32U5xx_HAL_Driver/Src/stm32u5xx_hal_rcc_ex.o
 .text.HAL_SD_Init
                0x08005088      0x106 ./Drivers/STM32U5xx_HAL_Driver/Src/stm32u5xx_hal_sd.o
                0x08005088                HAL_SD_Init
 *fill*         0x0800518e        0x2 
 .text.HAL_SD_InitCard
                0x08005190      0x138 ./Drivers/STM32U5xx_HAL_Driver/Src/stm32u5xx_hal_sd.o
                0x08005190                HAL_SD_InitCard
 .text.HAL_SD_ReadBlocks
                0x080052c8      0x314 ./Drivers/STM32U5xx_HAL_Driver/Src/stm32u5xx_hal_sd.o
                0x080052c8                HAL_SD_ReadBlocks
 .text.HAL_SD_WriteBlocks
                0x080055dc      0x31c ./Drivers/STM32U5xx_HAL_Driver/Src/stm32u5xx_hal_sd.o
                0x080055dc                HAL_SD_WriteBlocks
 .text.HAL_SD_GetCardCSD
                0x080058f8      0x348 ./Drivers/STM32U5xx_HAL_Driver/Src/stm32u5xx_hal_sd.o
                0x080058f8                HAL_SD_GetCardCSD
 .text.HAL_SD_GetCardStatus
                0x08005c40      0x17c ./Drivers/STM32U5xx_HAL_Driver/Src/stm32u5xx_hal_sd.o
                0x08005c40                HAL_SD_GetCardStatus
 .text.HAL_SD_GetCardInfo
                0x08005dbc       0x58 ./Drivers/STM32U5xx_HAL_Driver/Src/stm32u5xx_hal_sd.o
                0x08005dbc                HAL_SD_GetCardInfo
 .text.HAL_SD_ConfigWideBusOperation
                0x08005e14      0x224 ./Drivers/STM32U5xx_HAL_Driver/Src/stm32u5xx_hal_sd.o
                0x08005e14                HAL_SD_ConfigWideBusOperation
 .text.HAL_SD_GetCardState
                0x08006038       0x40 ./Drivers/STM32U5xx_HAL_Driver/Src/stm32u5xx_hal_sd.o
                0x08006038                HAL_SD_GetCardState
 .text.SD_InitCard
                0x08006078      0x19c ./Drivers/STM32U5xx_HAL_Driver/Src/stm32u5xx_hal_sd.o
 .text.SD_PowerON
                0x08006214      0x11c ./Drivers/STM32U5xx_HAL_Driver/Src/stm32u5xx_hal_sd.o
 .text.SD_SendSDStatus
                0x08006330      0x1a0 ./Drivers/STM32U5xx_HAL_Driver/Src/stm32u5xx_hal_sd.o
 .text.SD_SendStatus
                0x080064d0       0x50 ./Drivers/STM32U5xx_HAL_Driver/Src/stm32u5xx_hal_sd.o
 .text.SD_WideBus_Enable
                0x08006520       0x96 ./Drivers/STM32U5xx_HAL_Driver/Src/stm32u5xx_hal_sd.o
 .text.SD_WideBus_Disable
                0x080065b6       0x96 ./Drivers/STM32U5xx_HAL_Driver/Src/stm32u5xx_hal_sd.o
 .text.SD_FindSCR
                0x0800664c      0x1a0 ./Drivers/STM32U5xx_HAL_Driver/Src/stm32u5xx_hal_sd.o
 .text.SDMMC_Init
                0x080067ec       0x54 ./Drivers/STM32U5xx_HAL_Driver/Src/stm32u5xx_ll_sdmmc.o
                0x080067ec                SDMMC_Init
 .text.SDMMC_ReadFIFO
                0x08006840       0x1a ./Drivers/STM32U5xx_HAL_Driver/Src/stm32u5xx_ll_sdmmc.o
                0x08006840                SDMMC_ReadFIFO
 .text.SDMMC_WriteFIFO
                0x0800685a       0x22 ./Drivers/STM32U5xx_HAL_Driver/Src/stm32u5xx_ll_sdmmc.o
                0x0800685a                SDMMC_WriteFIFO
 .text.SDMMC_PowerState_ON
                0x0800687c       0x22 ./Drivers/STM32U5xx_HAL_Driver/Src/stm32u5xx_ll_sdmmc.o
                0x0800687c                SDMMC_PowerState_ON
 .text.SDMMC_GetPowerState
                0x0800689e       0x1c ./Drivers/STM32U5xx_HAL_Driver/Src/stm32u5xx_ll_sdmmc.o
                0x0800689e                SDMMC_GetPowerState
 *fill*         0x080068ba        0x2 
 .text.SDMMC_SendCommand
                0x080068bc       0x54 ./Drivers/STM32U5xx_HAL_Driver/Src/stm32u5xx_ll_sdmmc.o
                0x080068bc                SDMMC_SendCommand
 .text.SDMMC_GetCommandResponse
                0x08006910       0x1a ./Drivers/STM32U5xx_HAL_Driver/Src/stm32u5xx_ll_sdmmc.o
                0x08006910                SDMMC_GetCommandResponse
 .text.SDMMC_GetResponse
                0x0800692a       0x26 ./Drivers/STM32U5xx_HAL_Driver/Src/stm32u5xx_ll_sdmmc.o
                0x0800692a                SDMMC_GetResponse
 .text.SDMMC_ConfigData
                0x08006950       0x58 ./Drivers/STM32U5xx_HAL_Driver/Src/stm32u5xx_ll_sdmmc.o
                0x08006950                SDMMC_ConfigData
 .text.SDMMC_CmdBlockLength
                0x080069a8       0x46 ./Drivers/STM32U5xx_HAL_Driver/Src/stm32u5xx_ll_sdmmc.o
                0x080069a8                SDMMC_CmdBlockLength
 .text.SDMMC_CmdReadSingleBlock
                0x080069ee       0x46 ./Drivers/STM32U5xx_HAL_Driver/Src/stm32u5xx_ll_sdmmc.o
                0x080069ee                SDMMC_CmdReadSingleBlock
 .text.SDMMC_CmdReadMultiBlock
                0x08006a34       0x46 ./Drivers/STM32U5xx_HAL_Driver/Src/stm32u5xx_ll_sdmmc.o
                0x08006a34                SDMMC_CmdReadMultiBlock
 .text.SDMMC_CmdWriteSingleBlock
                0x08006a7a       0x46 ./Drivers/STM32U5xx_HAL_Driver/Src/stm32u5xx_ll_sdmmc.o
                0x08006a7a                SDMMC_CmdWriteSingleBlock
 .text.SDMMC_CmdWriteMultiBlock
                0x08006ac0       0x46 ./Drivers/STM32U5xx_HAL_Driver/Src/stm32u5xx_ll_sdmmc.o
                0x08006ac0                SDMMC_CmdWriteMultiBlock
 *fill*         0x08006b06        0x2 
 .text.SDMMC_CmdStopTransfer
                0x08006b08       0x78 ./Drivers/STM32U5xx_HAL_Driver/Src/stm32u5xx_ll_sdmmc.o
                0x08006b08                SDMMC_CmdStopTransfer
 .text.SDMMC_CmdSelDesel
                0x08006b80       0x46 ./Drivers/STM32U5xx_HAL_Driver/Src/stm32u5xx_ll_sdmmc.o
                0x08006b80                SDMMC_CmdSelDesel
 .text.SDMMC_CmdGoIdleState
                0x08006bc6       0x3c ./Drivers/STM32U5xx_HAL_Driver/Src/stm32u5xx_ll_sdmmc.o
                0x08006bc6                SDMMC_CmdGoIdleState
 .text.SDMMC_CmdOperCond
                0x08006c02       0x40 ./Drivers/STM32U5xx_HAL_Driver/Src/stm32u5xx_ll_sdmmc.o
                0x08006c02                SDMMC_CmdOperCond
 .text.SDMMC_CmdAppCommand
                0x08006c42       0x46 ./Drivers/STM32U5xx_HAL_Driver/Src/stm32u5xx_ll_sdmmc.o
                0x08006c42                SDMMC_CmdAppCommand
 .text.SDMMC_CmdAppOperCommand
                0x08006c88       0x40 ./Drivers/STM32U5xx_HAL_Driver/Src/stm32u5xx_ll_sdmmc.o
                0x08006c88                SDMMC_CmdAppOperCommand
 .text.SDMMC_CmdBusWidth
                0x08006cc8       0x46 ./Drivers/STM32U5xx_HAL_Driver/Src/stm32u5xx_ll_sdmmc.o
                0x08006cc8                SDMMC_CmdBusWidth
 .text.SDMMC_CmdSendSCR
                0x08006d0e       0x44 ./Drivers/STM32U5xx_HAL_Driver/Src/stm32u5xx_ll_sdmmc.o
                0x08006d0e                SDMMC_CmdSendSCR
 .text.SDMMC_CmdSendCID
                0x08006d52       0x3e ./Drivers/STM32U5xx_HAL_Driver/Src/stm32u5xx_ll_sdmmc.o
                0x08006d52                SDMMC_CmdSendCID
 .text.SDMMC_CmdSendCSD
                0x08006d90       0x40 ./Drivers/STM32U5xx_HAL_Driver/Src/stm32u5xx_ll_sdmmc.o
                0x08006d90                SDMMC_CmdSendCSD
 .text.SDMMC_CmdSetRelAdd
                0x08006dd0       0x44 ./Drivers/STM32U5xx_HAL_Driver/Src/stm32u5xx_ll_sdmmc.o
                0x08006dd0                SDMMC_CmdSetRelAdd
 .text.SDMMC_CmdSendStatus
                0x08006e14       0x46 ./Drivers/STM32U5xx_HAL_Driver/Src/stm32u5xx_ll_sdmmc.o
                0x08006e14                SDMMC_CmdSendStatus
 .text.SDMMC_CmdStatusRegister
                0x08006e5a       0x44 ./Drivers/STM32U5xx_HAL_Driver/Src/stm32u5xx_ll_sdmmc.o
                0x08006e5a                SDMMC_CmdStatusRegister
 *fill*         0x08006e9e        0x2 
 .text.SDMMC_GetCmdResp1
                0x08006ea0      0x1e4 ./Drivers/STM32U5xx_HAL_Driver/Src/stm32u5xx_ll_sdmmc.o
                0x08006ea0                SDMMC_GetCmdResp1
 .text.SDMMC_GetCmdResp2
                0x08007084       0x94 ./Drivers/STM32U5xx_HAL_Driver/Src/stm32u5xx_ll_sdmmc.o
                0x08007084                SDMMC_GetCmdResp2
 .text.SDMMC_GetCmdResp3
                0x08007118       0x80 ./Drivers/STM32U5xx_HAL_Driver/Src/stm32u5xx_ll_sdmmc.o
                0x08007118                SDMMC_GetCmdResp3
 .text.SDMMC_GetCmdResp6
                0x08007198       0xf0 ./Drivers/STM32U5xx_HAL_Driver/Src/stm32u5xx_ll_sdmmc.o
                0x08007198                SDMMC_GetCmdResp6
 .text.SDMMC_GetCmdResp7
                0x08007288       0x9c ./Drivers/STM32U5xx_HAL_Driver/Src/stm32u5xx_ll_sdmmc.o
                0x08007288                SDMMC_GetCmdResp7
 .text.SDMMC_GetCmdError
                0x08007324       0x5c ./Drivers/STM32U5xx_HAL_Driver/Src/stm32u5xx_ll_sdmmc.o
 .text.disk_status
                0x08007380       0x34 ./FatFs/src/diskio.o
                0x08007380                disk_status
 .text.disk_initialize
                0x080073b4       0x50 ./FatFs/src/diskio.o
                0x080073b4                disk_initialize
 .text.disk_read
                0x08007404       0x40 ./FatFs/src/diskio.o
                0x08007404                disk_read
 .text.disk_write
                0x08007444       0x40 ./FatFs/src/diskio.o
                0x08007444                disk_write
 .text.disk_ioctl
                0x08007484       0x3c ./FatFs/src/diskio.o
                0x08007484                disk_ioctl
 .text.ld_word  0x080074c0       0x32 ./FatFs/src/ff.o
 .text.ld_dword
                0x080074f2       0x46 ./FatFs/src/ff.o
 .text.st_word  0x08007538       0x36 ./FatFs/src/ff.o
 .text.st_dword
                0x0800756e       0x58 ./FatFs/src/ff.o
 .text.mem_cpy  0x080075c6       0x42 ./FatFs/src/ff.o
 .text.mem_set  0x08007608       0x36 ./FatFs/src/ff.o
 .text.mem_cmp  0x0800763e       0x4e ./FatFs/src/ff.o
 .text.chk_chr  0x0800768c       0x36 ./FatFs/src/ff.o
 *fill*         0x080076c2        0x2 
 .text.chk_lock
                0x080076c4       0xb8 ./FatFs/src/ff.o
 .text.enq_lock
                0x0800777c       0x44 ./FatFs/src/ff.o
 .text.inc_lock
                0x080077c0      0x11c ./FatFs/src/ff.o
 .text.dec_lock
                0x080078dc       0x78 ./FatFs/src/ff.o
 .text.clear_lock
                0x08007954       0x48 ./FatFs/src/ff.o
 .text.sync_window
                0x0800799c       0x88 ./FatFs/src/ff.o
 .text.move_window
                0x08007a24       0x5a ./FatFs/src/ff.o
 *fill*         0x08007a7e        0x2 
 .text.sync_fs  0x08007a80       0xdc ./FatFs/src/ff.o
 .text.clust2sect
                0x08007b5c       0x3e ./FatFs/src/ff.o
 .text.get_fat  0x08007b9a      0x14e ./FatFs/src/ff.o
 .text.put_fat  0x08007ce8      0x1d4 ./FatFs/src/ff.o
 .text.remove_chain
                0x08007ebc       0xca ./FatFs/src/ff.o
 .text.create_chain
                0x08007f86      0x130 ./FatFs/src/ff.o
 .text.clmt_clust
                0x080080b6       0x68 ./FatFs/src/ff.o
 .text.dir_sdi  0x0800811e       0xf6 ./FatFs/src/ff.o
 .text.dir_next
                0x08008214      0x18a ./FatFs/src/ff.o
 .text.dir_alloc
                0x0800839e       0x8e ./FatFs/src/ff.o
 .text.ld_clust
                0x0800842c       0x3e ./FatFs/src/ff.o
 .text.st_clust
                0x0800846a       0x40 ./FatFs/src/ff.o
 .text.dir_find
                0x080084aa       0xaa ./FatFs/src/ff.o
 .text.dir_register
                0x08008554       0x64 ./FatFs/src/ff.o
 .text.create_name
                0x080085b8      0x128 ./FatFs/src/ff.o
 .text.follow_path
                0x080086e0       0xe2 ./FatFs/src/ff.o
 .text.get_ldnumber
                0x080087c2       0x88 ./FatFs/src/ff.o
 *fill*         0x0800884a        0x2 
 .text.check_fs
                0x0800884c       0xac ./FatFs/src/ff.o
 .text.find_volume
                0x080088f8      0x4ac ./FatFs/src/ff.o
 .text.validate
                0x08008da4       0x6a ./FatFs/src/ff.o
 *fill*         0x08008e0e        0x2 
 .text.f_mount  0x08008e10       0x8c ./FatFs/src/ff.o
                0x08008e10                f_mount
 .text.f_open   0x08008e9c      0x378 ./FatFs/src/ff.o
                0x08008e9c                f_open
 .text.f_write  0x08009214      0x2ea ./FatFs/src/ff.o
                0x08009214                f_write
 *fill*         0x080094fe        0x2 
 .text.f_sync   0x08009500      0x100 ./FatFs/src/ff.o
                0x08009500                f_sync
 .text.f_close  0x08009600       0x54 ./FatFs/src/ff.o
                0x08009600                f_close
 .text.FATFS_LinkDriverEx
                0x08009654       0x98 ./FatFs/src/ff_gen_drv.o
                0x08009654                FATFS_LinkDriverEx
 .text.FATFS_LinkDriver
                0x080096ec       0x1e ./FatFs/src/ff_gen_drv.o
                0x080096ec                FATFS_LinkDriver
 .text.memset   0x0800970a       0x10 /opt/st/stm32cubeide_1.18.1/plugins/com.st.stm32cube.ide.mcu.externaltools.gnu-tools-for-stm32.13.3.rel1.linux64_1.0.0.202410170706/tools/bin/../lib/gcc/arm-none-eabi/13.3.1/../../../../arm-none-eabi/lib/thumb/v8-m.main+fp/hard/libc_nano.a(libc_a-memset.o)
                0x0800970a                memset
 *fill*         0x0800971a        0x2 
 .text.__libc_init_array
                0x0800971c       0x48 /opt/st/stm32cubeide_1.18.1/plugins/com.st.stm32cube.ide.mcu.externaltools.gnu-tools-for-stm32.13.3.rel1.linux64_1.0.0.202410170706/tools/bin/../lib/gcc/arm-none-eabi/13.3.1/../../../../arm-none-eabi/lib/thumb/v8-m.main+fp/hard/libc_nano.a(libc_a-init.o)
                0x0800971c                __libc_init_array
 *(.glue_7)
 .glue_7        0x08009764        0x0 linker stubs
 *(.glue_7t)
 .glue_7t       0x08009764        0x0 linker stubs
 *(.eh_frame)
 .eh_frame      0x08009764        0x0 /opt/st/stm32cubeide_1.18.1/plugins/com.st.stm32cube.ide.mcu.externaltools.gnu-tools-for-stm32.13.3.rel1.linux64_1.0.0.202410170706/tools/bin/../lib/gcc/arm-none-eabi/13.3.1/thumb/v8-m.main+fp/hard/crtbegin.o
 *(.init)
 .init          0x08009764        0x4 /opt/st/stm32cubeide_1.18.1/plugins/com.st.stm32cube.ide.mcu.externaltools.gnu-tools-for-stm32.13.3.rel1.linux64_1.0.0.202410170706/tools/bin/../lib/gcc/arm-none-eabi/13.3.1/thumb/v8-m.main+fp/hard/crti.o
                0x08009764                _init
 .init          0x08009768        0x8 /opt/st/stm32cubeide_1.18.1/plugins/com.st.stm32cube.ide.mcu.externaltools.gnu-tools-for-stm32.13.3.rel1.linux64_1.0.0.202410170706/tools/bin/../lib/gcc/arm-none-eabi/13.3.1/thumb/v8-m.main+fp/hard/crtn.o
 *(.fini)
 .fini          0x08009770        0x4 /opt/st/stm32cubeide_1.18.1/plugins/com.st.stm32cube.ide.mcu.externaltools.gnu-tools-for-stm32.13.3.rel1.linux64_1.0.0.202410170706/tools/bin/../lib/gcc/arm-none-eabi/13.3.1/thumb/v8-m.main+fp/hard/crti.o
                0x08009770                _fini
 .fini          0x08009774        0x8 /opt/st/stm32cubeide_1.18.1/plugins/com.st.stm32cube.ide.mcu.externaltools.gnu-tools-for-stm32.13.3.rel1.linux64_1.0.0.202410170706/tools/bin/../lib/gcc/arm-none-eabi/13.3.1/thumb/v8-m.main+fp/hard/crtn.o
                0x0800977c                        _etext = .

.vfp11_veneer   0x0800977c        0x0
 .vfp11_veneer  0x0800977c        0x0 linker stubs

.v4_bx          0x0800977c        0x0
 .v4_bx         0x0800977c        0x0 linker stubs

.iplt           0x0800977c        0x0
 .iplt          0x0800977c        0x0 /opt/st/stm32cubeide_1.18.1/plugins/com.st.stm32cube.ide.mcu.externaltools.gnu-tools-for-stm32.13.3.rel1.linux64_1.0.0.202410170706/tools/bin/../lib/gcc/arm-none-eabi/13.3.1/thumb/v8-m.main+fp/hard/crtbegin.o

.rodata         0x0800977c      0x1d4
 *(.rodata)
 .rodata        0x0800977c       0x21 ./Core/Src/main.o
 *fill*         0x0800979d        0x3 
 .rodata        0x080097a0       0x44 ./FatFs/src/ff.o
 *(.rodata*)
 .rodata.SD_Driver
                0x080097e4       0x14 ./Core/Src/sd_diskio.o
                0x080097e4                SD_Driver
 .rodata.AHBPrescTable
                0x080097f8       0x10 ./Core/Src/system_stm32u5xx.o
                0x080097f8                AHBPrescTable
 .rodata.APBPrescTable
                0x08009808        0x8 ./Core/Src/system_stm32u5xx.o
                0x08009808                APBPrescTable
 .rodata.MSIRangeTable
                0x08009810       0x40 ./Core/Src/system_stm32u5xx.o
                0x08009810                MSIRangeTable
 .rodata.LPGPIO_Map
                0x08009850       0x80 ./Drivers/STM32U5xx_HAL_Driver/Src/stm32u5xx_hal_gpio.o
 .rodata.ExCvt  0x080098d0       0x80 ./FatFs/src/ff.o

.ARM.extab
 *(.ARM.extab* .gnu.linkonce.armextab.*)

.ARM            0x08009950        0x8
                0x08009950                        __exidx_start = .
 *(.ARM.exidx*)
 .ARM.exidx     0x08009950        0x8 /opt/st/stm32cubeide_1.18.1/plugins/com.st.stm32cube.ide.mcu.externaltools.gnu-tools-for-stm32.13.3.rel1.linux64_1.0.0.202410170706/tools/bin/../lib/gcc/arm-none-eabi/13.3.1/../../../../arm-none-eabi/lib/thumb/v8-m.main+fp/hard/libc_nano.a(libc_a-strlen.o)
                0x08009958                        __exidx_end = .

.rel.dyn        0x08009958        0x0
 .rel.iplt      0x08009958        0x0 /opt/st/stm32cubeide_1.18.1/plugins/com.st.stm32cube.ide.mcu.externaltools.gnu-tools-for-stm32.13.3.rel1.linux64_1.0.0.202410170706/tools/bin/../lib/gcc/arm-none-eabi/13.3.1/thumb/v8-m.main+fp/hard/crtbegin.o

.preinit_array  0x08009958        0x0
                0x08009958                        PROVIDE (__preinit_array_start = .)
 *(.preinit_array*)
                0x08009958                        PROVIDE (__preinit_array_end = .)

.init_array     0x08009958        0x4
                0x08009958                        PROVIDE (__init_array_start = .)
 *(SORT_BY_NAME(.init_array.*))
 *(.init_array*)
 .init_array    0x08009958        0x4 /opt/st/stm32cubeide_1.18.1/plugins/com.st.stm32cube.ide.mcu.externaltools.gnu-tools-for-stm32.13.3.rel1.linux64_1.0.0.202410170706/tools/bin/../lib/gcc/arm-none-eabi/13.3.1/thumb/v8-m.main+fp/hard/crtbegin.o
                0x0800995c                        PROVIDE (__init_array_end = .)

.fini_array     0x0800995c        0x4
                [!provide]                        PROVIDE (__fini_array_start = .)
 *(SORT_BY_NAME(.fini_array.*))
 *(.fini_array*)
 .fini_array    0x0800995c        0x4 /opt/st/stm32cubeide_1.18.1/plugins/com.st.stm32cube.ide.mcu.externaltools.gnu-tools-for-stm32.13.3.rel1.linux64_1.0.0.202410170706/tools/bin/../lib/gcc/arm-none-eabi/13.3.1/thumb/v8-m.main+fp/hard/crtbegin.o
                [!provide]                        PROVIDE (__fini_array_end = .)
                0x08009960                        _sidata = LOADADDR (.data)

.data           0x20000000        0xd load address 0x08009960
                0x20000000                        _sdata = .
 *(.data)
 *(.data*)
 .data.Stat     0x20000000        0x1 ./Core/Src/sd_diskio.o
 *fill*         0x20000001        0x3 
 .data.SystemCoreClock
                0x20000004        0x4 ./Core/Src/system_stm32u5xx.o
                0x20000004                SystemCoreClock
 .data.uwTickPrio
                0x20000008        0x4 ./Drivers/STM32U5xx_HAL_Driver/Src/stm32u5xx_hal.o
                0x20000008                uwTickPrio
 .data.uwTickFreq
                0x2000000c        0x1 ./Drivers/STM32U5xx_HAL_Driver/Src/stm32u5xx_hal.o
                0x2000000c                uwTickFreq
 *(.RamFunc)
 *(.RamFunc*)
                0x2000000d                        _edata = .

.igot.plt       0x20000010        0x0 load address 0x0800996d
 .igot.plt      0x20000010        0x0 /opt/st/stm32cubeide_1.18.1/plugins/com.st.stm32cube.ide.mcu.externaltools.gnu-tools-for-stm32.13.3.rel1.linux64_1.0.0.202410170706/tools/bin/../lib/gcc/arm-none-eabi/13.3.1/thumb/v8-m.main+fp/hard/crtbegin.o

.bss            0x20000010       0xd4 load address 0x0800996d
                0x20000010                        _sbss = .
                0x20000010                        __bss_start__ = _sbss
 *(.bss)
 .bss           0x20000010       0x1c /opt/st/stm32cubeide_1.18.1/plugins/com.st.stm32cube.ide.mcu.externaltools.gnu-tools-for-stm32.13.3.rel1.linux64_1.0.0.202410170706/tools/bin/../lib/gcc/arm-none-eabi/13.3.1/thumb/v8-m.main+fp/hard/crtbegin.o
 *(.bss*)
 .bss.hsd1      0x2000002c       0x7c ./Core/Src/main.o
                0x2000002c                hsd1
 .bss.SDPath    0x200000a8        0x4 ./Core/Src/main.o
                0x200000a8                SDPath
 .bss.uwTick    0x200000ac        0x4 ./Drivers/STM32U5xx_HAL_Driver/Src/stm32u5xx_hal.o
                0x200000ac                uwTick
 .bss.FatFs     0x200000b0        0x4 ./FatFs/src/ff.o
 .bss.Fsid      0x200000b4        0x2 ./FatFs/src/ff.o
 *fill*         0x200000b6        0x2 
 .bss.Files     0x200000b8       0x20 ./FatFs/src/ff.o
 .bss.disk      0x200000d8        0xc ./FatFs/src/ff_gen_drv.o
                0x200000d8                disk
 *(COMMON)
                0x200000e4                        _ebss = .
                0x200000e4                        __bss_end__ = _ebss

._user_heap_stack
                0x200000e4      0x604 load address 0x0800996d
                0x200000e8                        . = ALIGN (0x8)
 *fill*         0x200000e4        0x4 
                [!provide]                        PROVIDE (end = .)
                0x200000e8                        PROVIDE (_end = .)
                0x200002e8                        . = (. + _Min_Heap_Size)
 *fill*         0x200000e8      0x200 
                0x200006e8                        . = (. + _Min_Stack_Size)
 *fill*         0x200002e8      0x400 
                0x200006e8                        . = ALIGN (0x8)

/DISCARD/
 libc.a(*)
 libm.a(*)
 libgcc.a(*)

.ARM.attributes
                0x00000000       0x36
 *(.ARM.attributes)
 .ARM.attributes
                0x00000000       0x26 /opt/st/stm32cubeide_1.18.1/plugins/com.st.stm32cube.ide.mcu.externaltools.gnu-tools-for-stm32.13.3.rel1.linux64_1.0.0.202410170706/tools/bin/../lib/gcc/arm-none-eabi/13.3.1/thumb/v8-m.main+fp/hard/crti.o
 .ARM.attributes
                0x00000026       0x38 /opt/st/stm32cubeide_1.18.1/plugins/com.st.stm32cube.ide.mcu.externaltools.gnu-tools-for-stm32.13.3.rel1.linux64_1.0.0.202410170706/tools/bin/../lib/gcc/arm-none-eabi/13.3.1/thumb/v8-m.main+fp/hard/crtbegin.o
 .ARM.attributes
                0x0000005e       0x3a ./Core/Src/bsp_driver_sd.o
 .ARM.attributes
                0x00000098       0x3a ./Core/Src/main.o
 .ARM.attributes
                0x000000d2       0x3a ./Core/Src/sd_diskio.o
 .ARM.attributes
                0x0000010c       0x3a ./Core/Src/stm32u5xx_hal_msp.o
 .ARM.attributes
                0x00000146       0x3a ./Core/Src/stm32u5xx_it.o
 .ARM.attributes
                0x00000180       0x3a ./Core/Src/system_stm32u5xx.o
 .ARM.attributes
                0x000001ba       0x24 ./Core/Startup/startup_stm32u545retxq.o
 .ARM.attributes
                0x000001de       0x3a ./Drivers/STM32U5xx_HAL_Driver/Src/stm32u5xx_hal.o
 .ARM.attributes
                0x00000218       0x3a ./Drivers/STM32U5xx_HAL_Driver/Src/stm32u5xx_hal_cortex.o
 .ARM.attributes
                0x00000252       0x3a ./Drivers/STM32U5xx_HAL_Driver/Src/stm32u5xx_hal_gpio.o
 .ARM.attributes
                0x0000028c       0x3a ./Drivers/STM32U5xx_HAL_Driver/Src/stm32u5xx_hal_pwr_ex.o
 .ARM.attributes
                0x000002c6       0x3a ./Drivers/STM32U5xx_HAL_Driver/Src/stm32u5xx_hal_rcc.o
 .ARM.attributes
                0x00000300       0x3a ./Drivers/STM32U5xx_HAL_Driver/Src/stm32u5xx_hal_rcc_ex.o
 .ARM.attributes
                0x0000033a       0x3a ./Drivers/STM32U5xx_HAL_Driver/Src/stm32u5xx_hal_sd.o
 .ARM.attributes
                0x00000374       0x3a ./Drivers/STM32U5xx_HAL_Driver/Src/stm32u5xx_ll_sdmmc.o
 .ARM.attributes
                0x000003ae       0x3a ./FatFs/src/diskio.o
 .ARM.attributes
                0x000003e8       0x3a ./FatFs/src/ff.o
 .ARM.attributes
                0x00000422       0x3a ./FatFs/src/ff_gen_drv.o
 .ARM.attributes
                0x0000045c       0x38 /opt/st/stm32cubeide_1.18.1/plugins/com.st.stm32cube.ide.mcu.externaltools.gnu-tools-for-stm32.13.3.rel1.linux64_1.0.0.202410170706/tools/bin/../lib/gcc/arm-none-eabi/13.3.1/../../../../arm-none-eabi/lib/thumb/v8-m.main+fp/hard/libc_nano.a(libc_a-memset.o)
 .ARM.attributes
                0x00000494       0x38 /opt/st/stm32cubeide_1.18.1/plugins/com.st.stm32cube.ide.mcu.externaltools.gnu-tools-for-stm32.13.3.rel1.linux64_1.0.0.202410170706/tools/bin/../lib/gcc/arm-none-eabi/13.3.1/../../../../arm-none-eabi/lib/thumb/v8-m.main+fp/hard/libc_nano.a(libc_a-init.o)
 .ARM.attributes
                0x000004cc       0x24 /opt/st/stm32cubeide_1.18.1/plugins/com.st.stm32cube.ide.mcu.externaltools.gnu-tools-for-stm32.13.3.rel1.linux64_1.0.0.202410170706/tools/bin/../lib/gcc/arm-none-eabi/13.3.1/../../../../arm-none-eabi/lib/thumb/v8-m.main+fp/hard/libc_nano.a(libc_a-strlen.o)
 .ARM.attributes
                0x000004f0       0x26 /opt/st/stm32cubeide_1.18.1/plugins/com.st.stm32cube.ide.mcu.externaltools.gnu-tools-for-stm32.13.3.rel1.linux64_1.0.0.202410170706/tools/bin/../lib/gcc/arm-none-eabi/13.3.1/thumb/v8-m.main+fp/hard/crtn.o
OUTPUT(SD-Card-Test.elf elf32-littlearm)
LOAD linker stubs
LOAD /opt/st/stm32cubeide_1.18.1/plugins/com.st.stm32cube.ide.mcu.externaltools.gnu-tools-for-stm32.13.3.rel1.linux64_1.0.0.202410170706/tools/bin/../lib/gcc/arm-none-eabi/13.3.1/../../../../arm-none-eabi/lib/thumb/v8-m.main+fp/hard/libc.a
LOAD /opt/st/stm32cubeide_1.18.1/plugins/com.st.stm32cube.ide.mcu.externaltools.gnu-tools-for-stm32.13.3.rel1.linux64_1.0.0.202410170706/tools/bin/../lib/gcc/arm-none-eabi/13.3.1/../../../../arm-none-eabi/lib/thumb/v8-m.main+fp/hard/libm.a
LOAD /opt/st/stm32cubeide_1.18.1/plugins/com.st.stm32cube.ide.mcu.externaltools.gnu-tools-for-stm32.13.3.rel1.linux64_1.0.0.202410170706/tools/bin/../lib/gcc/arm-none-eabi/13.3.1/thumb/v8-m.main+fp/hard/libgcc.a

.debug_info     0x00000000     0xf2fd
 .debug_info    0x00000000      0x8bd ./Core/Src/bsp_driver_sd.o
 .debug_info    0x000008bd     0x112a ./Core/Src/main.o
 .debug_info    0x000019e7      0x4d3 ./Core/Src/sd_diskio.o
 .debug_info    0x00001eba      0xdd0 ./Core/Src/stm32u5xx_hal_msp.o
 .debug_info    0x00002c8a      0x128 ./Core/Src/stm32u5xx_it.o
 .debug_info    0x00002db2      0x929 ./Core/Src/system_stm32u5xx.o
 .debug_info    0x000036db       0x30 ./Core/Startup/startup_stm32u545retxq.o
 .debug_info    0x0000370b     0x110d ./Drivers/STM32U5xx_HAL_Driver/Src/stm32u5xx_hal.o
 .debug_info    0x00004818     0x1610 ./Drivers/STM32U5xx_HAL_Driver/Src/stm32u5xx_hal_cortex.o
 .debug_info    0x00005e28      0x859 ./Drivers/STM32U5xx_HAL_Driver/Src/stm32u5xx_hal_gpio.o
 .debug_info    0x00006681      0xddc ./Drivers/STM32U5xx_HAL_Driver/Src/stm32u5xx_hal_pwr_ex.o
 .debug_info    0x0000745d     0x114d ./Drivers/STM32U5xx_HAL_Driver/Src/stm32u5xx_hal_rcc.o
 .debug_info    0x000085aa     0x1569 ./Drivers/STM32U5xx_HAL_Driver/Src/stm32u5xx_hal_rcc_ex.o
 .debug_info    0x00009b13     0x1a20 ./Drivers/STM32U5xx_HAL_Driver/Src/stm32u5xx_hal_sd.o
 .debug_info    0x0000b533     0x16a4 ./Drivers/STM32U5xx_HAL_Driver/Src/stm32u5xx_ll_sdmmc.o
 .debug_info    0x0000cbd7      0x3d8 ./FatFs/src/diskio.o
 .debug_info    0x0000cfaf     0x1fd6 ./FatFs/src/ff.o
 .debug_info    0x0000ef85      0x378 ./FatFs/src/ff_gen_drv.o

.debug_abbrev   0x00000000     0x231b
 .debug_abbrev  0x00000000      0x266 ./Core/Src/bsp_driver_sd.o
 .debug_abbrev  0x00000266      0x2c1 ./Core/Src/main.o
 .debug_abbrev  0x00000527      0x191 ./Core/Src/sd_diskio.o
 .debug_abbrev  0x000006b8      0x1d3 ./Core/Src/stm32u5xx_hal_msp.o
 .debug_abbrev  0x0000088b       0x73 ./Core/Src/stm32u5xx_it.o
 .debug_abbrev  0x000008fe      0x129 ./Core/Src/system_stm32u5xx.o
 .debug_abbrev  0x00000a27       0x24 ./Core/Startup/startup_stm32u545retxq.o
 .debug_abbrev  0x00000a4b      0x2a3 ./Drivers/STM32U5xx_HAL_Driver/Src/stm32u5xx_hal.o
 .debug_abbrev  0x00000cee      0x311 ./Drivers/STM32U5xx_HAL_Driver/Src/stm32u5xx_hal_cortex.o
 .debug_abbrev  0x00000fff      0x25a ./Drivers/STM32U5xx_HAL_Driver/Src/stm32u5xx_hal_gpio.o
 .debug_abbrev  0x00001259      0x215 ./Drivers/STM32U5xx_HAL_Driver/Src/stm32u5xx_hal_pwr_ex.o
 .debug_abbrev  0x0000146e      0x2c9 ./Drivers/STM32U5xx_HAL_Driver/Src/stm32u5xx_hal_rcc.o
 .debug_abbrev  0x00001737      0x23d ./Drivers/STM32U5xx_HAL_Driver/Src/stm32u5xx_hal_rcc_ex.o
 .debug_abbrev  0x00001974      0x25b ./Drivers/STM32U5xx_HAL_Driver/Src/stm32u5xx_hal_sd.o
 .debug_abbrev  0x00001bcf      0x1f4 ./Drivers/STM32U5xx_HAL_Driver/Src/stm32u5xx_ll_sdmmc.o
 .debug_abbrev  0x00001dc3      0x181 ./FatFs/src/diskio.o
 .debug_abbrev  0x00001f44      0x238 ./FatFs/src/ff.o
 .debug_abbrev  0x0000217c      0x19f ./FatFs/src/ff_gen_drv.o

.debug_aranges  0x00000000      0xeb8
 .debug_aranges
                0x00000000       0x98 ./Core/Src/bsp_driver_sd.o
 .debug_aranges
                0x00000098       0x40 ./Core/Src/main.o
 .debug_aranges
                0x000000d8       0x48 ./Core/Src/sd_diskio.o
 .debug_aranges
                0x00000120       0x30 ./Core/Src/stm32u5xx_hal_msp.o
 .debug_aranges
                0x00000150       0x60 ./Core/Src/stm32u5xx_it.o
 .debug_aranges
                0x000001b0       0x28 ./Core/Src/system_stm32u5xx.o
 .debug_aranges
                0x000001d8       0x28 ./Core/Startup/startup_stm32u545retxq.o
 .debug_aranges
                0x00000200      0x148 ./Drivers/STM32U5xx_HAL_Driver/Src/stm32u5xx_hal.o
 .debug_aranges
                0x00000348      0x140 ./Drivers/STM32U5xx_HAL_Driver/Src/stm32u5xx_hal_cortex.o
 .debug_aranges
                0x00000488       0x78 ./Drivers/STM32U5xx_HAL_Driver/Src/stm32u5xx_hal_gpio.o
 .debug_aranges
                0x00000500      0x1e0 ./Drivers/STM32U5xx_HAL_Driver/Src/stm32u5xx_hal_pwr_ex.o
 .debug_aranges
                0x000006e0       0xa8 ./Drivers/STM32U5xx_HAL_Driver/Src/stm32u5xx_hal_rcc.o
 .debug_aranges
                0x00000788      0x160 ./Drivers/STM32U5xx_HAL_Driver/Src/stm32u5xx_hal_rcc_ex.o
 .debug_aranges
                0x000008e8      0x160 ./Drivers/STM32U5xx_HAL_Driver/Src/stm32u5xx_hal_sd.o
 .debug_aranges
                0x00000a48      0x208 ./Drivers/STM32U5xx_HAL_Driver/Src/stm32u5xx_ll_sdmmc.o
 .debug_aranges
                0x00000c50       0x48 ./FatFs/src/diskio.o
 .debug_aranges
                0x00000c98      0x1e0 ./FatFs/src/ff.o
 .debug_aranges
                0x00000e78       0x40 ./FatFs/src/ff_gen_drv.o

.debug_rnglists
                0x00000000      0xb23
 .debug_rnglists
                0x00000000       0x6d ./Core/Src/bsp_driver_sd.o
 .debug_rnglists
                0x0000006d       0x2d ./Core/Src/main.o
 .debug_rnglists
                0x0000009a       0x32 ./Core/Src/sd_diskio.o
 .debug_rnglists
                0x000000cc       0x20 ./Core/Src/stm32u5xx_hal_msp.o
 .debug_rnglists
                0x000000ec       0x43 ./Core/Src/stm32u5xx_it.o
 .debug_rnglists
                0x0000012f       0x1a ./Core/Src/system_stm32u5xx.o
 .debug_rnglists
                0x00000149       0x19 ./Core/Startup/startup_stm32u545retxq.o
 .debug_rnglists
                0x00000162       0xf3 ./Drivers/STM32U5xx_HAL_Driver/Src/stm32u5xx_hal.o
 .debug_rnglists
                0x00000255       0xec ./Drivers/STM32U5xx_HAL_Driver/Src/stm32u5xx_hal_cortex.o
 .debug_rnglists
                0x00000341       0x5a ./Drivers/STM32U5xx_HAL_Driver/Src/stm32u5xx_hal_gpio.o
 .debug_rnglists
                0x0000039b      0x16e ./Drivers/STM32U5xx_HAL_Driver/Src/stm32u5xx_hal_pwr_ex.o
 .debug_rnglists
                0x00000509       0x7f ./Drivers/STM32U5xx_HAL_Driver/Src/stm32u5xx_hal_rcc.o
 .debug_rnglists
                0x00000588      0x113 ./Drivers/STM32U5xx_HAL_Driver/Src/stm32u5xx_hal_rcc_ex.o
 .debug_rnglists
                0x0000069b      0x11c ./Drivers/STM32U5xx_HAL_Driver/Src/stm32u5xx_hal_sd.o
 .debug_rnglists
                0x000007b7      0x18a ./Drivers/STM32U5xx_HAL_Driver/Src/stm32u5xx_ll_sdmmc.o
 .debug_rnglists
                0x00000941       0x31 ./FatFs/src/diskio.o
 .debug_rnglists
                0x00000972      0x185 ./FatFs/src/ff.o
 .debug_rnglists
                0x00000af7       0x2c ./FatFs/src/ff_gen_drv.o

.debug_macro    0x00000000    0x2d6b2
 .debug_macro   0x00000000      0x281 ./Core/Src/bsp_driver_sd.o
 .debug_macro   0x00000281      0xade ./Core/Src/bsp_driver_sd.o
 .debug_macro   0x00000d5f      0x1f5 ./Core/Src/bsp_driver_sd.o
 .debug_macro   0x00000f54       0x2e ./Core/Src/bsp_driver_sd.o
 .debug_macro   0x00000f82       0x42 ./Core/Src/bsp_driver_sd.o
 .debug_macro   0x00000fc4       0x22 ./Core/Src/bsp_driver_sd.o
 .debug_macro   0x00000fe6       0x8e ./Core/Src/bsp_driver_sd.o
 .debug_macro   0x00001074       0x51 ./Core/Src/bsp_driver_sd.o
 .debug_macro   0x000010c5      0x103 ./Core/Src/bsp_driver_sd.o
 .debug_macro   0x000011c8       0x6a ./Core/Src/bsp_driver_sd.o
 .debug_macro   0x00001232      0x1df ./Core/Src/bsp_driver_sd.o
 .debug_macro   0x00001411       0x1c ./Core/Src/bsp_driver_sd.o
 .debug_macro   0x0000142d       0x29 ./Core/Src/bsp_driver_sd.o
 .debug_macro   0x00001456       0xfb ./Core/Src/bsp_driver_sd.o
 .debug_macro   0x00001551     0x1685 ./Core/Src/bsp_driver_sd.o
 .debug_macro   0x00002bd6       0x5e ./Core/Src/bsp_driver_sd.o
 .debug_macro   0x00002c34    0x1e72c ./Core/Src/bsp_driver_sd.o
 .debug_macro   0x00021360       0x6d ./Core/Src/bsp_driver_sd.o
 .debug_macro   0x000213cd     0x393e ./Core/Src/bsp_driver_sd.o
 .debug_macro   0x00024d0b      0x190 ./Core/Src/bsp_driver_sd.o
 .debug_macro   0x00024e9b       0x61 ./Core/Src/bsp_driver_sd.o
 .debug_macro   0x00024efc       0x2a ./Core/Src/bsp_driver_sd.o
 .debug_macro   0x00024f26       0x43 ./Core/Src/bsp_driver_sd.o
 .debug_macro   0x00024f69       0x34 ./Core/Src/bsp_driver_sd.o
 .debug_macro   0x00024f9d      0x370 ./Core/Src/bsp_driver_sd.o
 .debug_macro   0x0002530d       0x16 ./Core/Src/bsp_driver_sd.o
 .debug_macro   0x00025323       0x4a ./Core/Src/bsp_driver_sd.o
 .debug_macro   0x0002536d       0x34 ./Core/Src/bsp_driver_sd.o
 .debug_macro   0x000253a1       0x10 ./Core/Src/bsp_driver_sd.o
 .debug_macro   0x000253b1       0x58 ./Core/Src/bsp_driver_sd.o
 .debug_macro   0x00025409       0x8e ./Core/Src/bsp_driver_sd.o
 .debug_macro   0x00025497       0x1c ./Core/Src/bsp_driver_sd.o
 .debug_macro   0x000254b3      0x185 ./Core/Src/bsp_driver_sd.o
 .debug_macro   0x00025638      0x19b ./Core/Src/bsp_driver_sd.o
 .debug_macro   0x000257d3       0x5d ./Core/Src/bsp_driver_sd.o
 .debug_macro   0x00025830     0x1933 ./Core/Src/bsp_driver_sd.o
 .debug_macro   0x00027163      0x796 ./Core/Src/bsp_driver_sd.o
 .debug_macro   0x000278f9      0x166 ./Core/Src/bsp_driver_sd.o
 .debug_macro   0x00027a5f      0x250 ./Core/Src/bsp_driver_sd.o
 .debug_macro   0x00027caf      0x574 ./Core/Src/bsp_driver_sd.o
 .debug_macro   0x00028223      0x440 ./Core/Src/bsp_driver_sd.o
 .debug_macro   0x00028663       0xd6 ./Core/Src/bsp_driver_sd.o
 .debug_macro   0x00028739      0x1cd ./Core/Src/bsp_driver_sd.o
 .debug_macro   0x00028906      0x42b ./Core/Src/bsp_driver_sd.o
 .debug_macro   0x00028d31       0x95 ./Core/Src/bsp_driver_sd.o
 .debug_macro   0x00028dc6      0x11c ./Core/Src/bsp_driver_sd.o
 .debug_macro   0x00028ee2      0x525 ./Core/Src/bsp_driver_sd.o
 .debug_macro   0x00029407      0x448 ./Core/Src/bsp_driver_sd.o
 .debug_macro   0x0002984f      0xa0c ./Core/Src/bsp_driver_sd.o
 .debug_macro   0x0002a25b       0x1c ./Core/Src/bsp_driver_sd.o
 .debug_macro   0x0002a277      0x1ce ./Core/Src/bsp_driver_sd.o
 .debug_macro   0x0002a445       0x28 ./Core/Src/bsp_driver_sd.o
 .debug_macro   0x0002a46d      0x1b8 ./Core/Src/bsp_driver_sd.o
 .debug_macro   0x0002a625      0x361 ./Core/Src/bsp_driver_sd.o
 .debug_macro   0x0002a986       0x40 ./Core/Src/bsp_driver_sd.o
 .debug_macro   0x0002a9c6      0x2cd ./Core/Src/main.o
 .debug_macro   0x0002ac93       0xdd ./Core/Src/main.o
 .debug_macro   0x0002ad70       0xe2 ./Core/Src/main.o
 .debug_macro   0x0002ae52       0x8e ./Core/Src/main.o
 .debug_macro   0x0002aee0       0x46 ./Core/Src/main.o
 .debug_macro   0x0002af26       0x28 ./Core/Src/main.o
 .debug_macro   0x0002af4e      0x2d1 ./Core/Src/sd_diskio.o
 .debug_macro   0x0002b21f       0x16 ./Core/Src/sd_diskio.o
 .debug_macro   0x0002b235       0x7c ./Core/Src/sd_diskio.o
 .debug_macro   0x0002b2b1      0x2cd ./Core/Src/stm32u5xx_hal_msp.o
 .debug_macro   0x0002b57e      0x2d7 ./Core/Src/stm32u5xx_it.o
 .debug_macro   0x0002b855      0x279 ./Core/Src/system_stm32u5xx.o
 .debug_macro   0x0002bace      0x296 ./Drivers/STM32U5xx_HAL_Driver/Src/stm32u5xx_hal.o
 .debug_macro   0x0002bd64      0x272 ./Drivers/STM32U5xx_HAL_Driver/Src/stm32u5xx_hal_cortex.o
 .debug_macro   0x0002bfd6      0x2a7 ./Drivers/STM32U5xx_HAL_Driver/Src/stm32u5xx_hal_gpio.o
 .debug_macro   0x0002c27d      0x29d ./Drivers/STM32U5xx_HAL_Driver/Src/stm32u5xx_hal_pwr_ex.o
 .debug_macro   0x0002c51a      0x378 ./Drivers/STM32U5xx_HAL_Driver/Src/stm32u5xx_hal_rcc.o
 .debug_macro   0x0002c892      0x396 ./Drivers/STM32U5xx_HAL_Driver/Src/stm32u5xx_hal_rcc_ex.o
 .debug_macro   0x0002cc28      0x28f ./Drivers/STM32U5xx_HAL_Driver/Src/stm32u5xx_hal_sd.o
 .debug_macro   0x0002ceb7      0x273 ./Drivers/STM32U5xx_HAL_Driver/Src/stm32u5xx_ll_sdmmc.o
 .debug_macro   0x0002d12a       0xa3 ./FatFs/src/diskio.o
 .debug_macro   0x0002d1cd      0x448 ./FatFs/src/ff.o
 .debug_macro   0x0002d615       0x9d ./FatFs/src/ff_gen_drv.o

.debug_line     0x00000000    0x10f7e
 .debug_line    0x00000000      0x975 ./Core/Src/bsp_driver_sd.o
 .debug_line    0x00000975      0x93b ./Core/Src/main.o
 .debug_line    0x000012b0      0x929 ./Core/Src/sd_diskio.o
 .debug_line    0x00001bd9      0x89e ./Core/Src/stm32u5xx_hal_msp.o
 .debug_line    0x00002477      0x8c4 ./Core/Src/stm32u5xx_it.o
 .debug_line    0x00002d3b      0x8ad ./Core/Src/system_stm32u5xx.o
 .debug_line    0x000035e8       0x7b ./Core/Startup/startup_stm32u545retxq.o
 .debug_line    0x00003663      0xc4c ./Drivers/STM32U5xx_HAL_Driver/Src/stm32u5xx_hal.o
 .debug_line    0x000042af      0xdfc ./Drivers/STM32U5xx_HAL_Driver/Src/stm32u5xx_hal_cortex.o
 .debug_line    0x000050ab      0xd4b ./Drivers/STM32U5xx_HAL_Driver/Src/stm32u5xx_hal_gpio.o
 .debug_line    0x00005df6     0x10a5 ./Drivers/STM32U5xx_HAL_Driver/Src/stm32u5xx_hal_pwr_ex.o
 .debug_line    0x00006e9b     0x1639 ./Drivers/STM32U5xx_HAL_Driver/Src/stm32u5xx_hal_rcc.o
 .debug_line    0x000084d4     0x21e5 ./Drivers/STM32U5xx_HAL_Driver/Src/stm32u5xx_hal_rcc_ex.o
 .debug_line    0x0000a6b9     0x203b ./Drivers/STM32U5xx_HAL_Driver/Src/stm32u5xx_hal_sd.o
 .debug_line    0x0000c6f4     0x13a6 ./Drivers/STM32U5xx_HAL_Driver/Src/stm32u5xx_ll_sdmmc.o
 .debug_line    0x0000da9a      0x44e ./FatFs/src/diskio.o
 .debug_line    0x0000dee8     0x2c2d ./FatFs/src/ff.o
 .debug_line    0x00010b15      0x469 ./FatFs/src/ff_gen_drv.o

.debug_str      0x00000000   0x119b02
 .debug_str     0x00000000   0x119b02 ./Core/Src/bsp_driver_sd.o
                             0x111ef8 (size before relaxing)
 .debug_str     0x00119b02   0x112ae2 ./Core/Src/main.o
 .debug_str     0x00119b02   0x112196 ./Core/Src/sd_diskio.o
 .debug_str     0x00119b02   0x112966 ./Core/Src/stm32u5xx_hal_msp.o
 .debug_str     0x00119b02   0x1120b0 ./Core/Src/stm32u5xx_it.o
 .debug_str     0x00119b02   0x111c4f ./Core/Src/system_stm32u5xx.o
 .debug_str     0x00119b02       0xb7 ./Core/Startup/startup_stm32u545retxq.o
 .debug_str     0x00119b02   0x1129dd ./Drivers/STM32U5xx_HAL_Driver/Src/stm32u5xx_hal.o
 .debug_str     0x00119b02   0x11282f ./Drivers/STM32U5xx_HAL_Driver/Src/stm32u5xx_hal_cortex.o
 .debug_str     0x00119b02   0x111c74 ./Drivers/STM32U5xx_HAL_Driver/Src/stm32u5xx_hal_gpio.o
 .debug_str     0x00119b02   0x1122ef ./Drivers/STM32U5xx_HAL_Driver/Src/stm32u5xx_hal_pwr_ex.o
 .debug_str     0x00119b02   0x1132b4 ./Drivers/STM32U5xx_HAL_Driver/Src/stm32u5xx_hal_rcc.o
 .debug_str     0x00119b02   0x114422 ./Drivers/STM32U5xx_HAL_Driver/Src/stm32u5xx_hal_rcc_ex.o
 .debug_str     0x00119b02   0x1126e6 ./Drivers/STM32U5xx_HAL_Driver/Src/stm32u5xx_hal_sd.o
 .debug_str     0x00119b02   0x1121c7 ./Drivers/STM32U5xx_HAL_Driver/Src/stm32u5xx_ll_sdmmc.o
 .debug_str     0x00119b02     0x44c2 ./FatFs/src/diskio.o
 .debug_str     0x00119b02     0x473c ./FatFs/src/ff.o
 .debug_str     0x00119b02     0x44f6 ./FatFs/src/ff_gen_drv.o

.comment        0x00000000       0x43
 .comment       0x00000000       0x43 ./Core/Src/bsp_driver_sd.o
                                 0x44 (size before relaxing)
 .comment       0x00000043       0x44 ./Core/Src/main.o
 .comment       0x00000043       0x44 ./Core/Src/sd_diskio.o
 .comment       0x00000043       0x44 ./Core/Src/stm32u5xx_hal_msp.o
 .comment       0x00000043       0x44 ./Core/Src/stm32u5xx_it.o
 .comment       0x00000043       0x44 ./Core/Src/system_stm32u5xx.o
 .comment       0x00000043       0x44 ./Drivers/STM32U5xx_HAL_Driver/Src/stm32u5xx_hal.o
 .comment       0x00000043       0x44 ./Drivers/STM32U5xx_HAL_Driver/Src/stm32u5xx_hal_cortex.o
 .comment       0x00000043       0x44 ./Drivers/STM32U5xx_HAL_Driver/Src/stm32u5xx_hal_gpio.o
 .comment       0x00000043       0x44 ./Drivers/STM32U5xx_HAL_Driver/Src/stm32u5xx_hal_pwr_ex.o
 .comment       0x00000043       0x44 ./Drivers/STM32U5xx_HAL_Driver/Src/stm32u5xx_hal_rcc.o
 .comment       0x00000043       0x44 ./Drivers/STM32U5xx_HAL_Driver/Src/stm32u5xx_hal_rcc_ex.o
 .comment       0x00000043       0x44 ./Drivers/STM32U5xx_HAL_Driver/Src/stm32u5xx_hal_sd.o
 .comment       0x00000043       0x44 ./Drivers/STM32U5xx_HAL_Driver/Src/stm32u5xx_ll_sdmmc.o
 .comment       0x00000043       0x44 ./FatFs/src/diskio.o
 .comment       0x00000043       0x44 ./FatFs/src/ff.o
 .comment       0x00000043       0x44 ./FatFs/src/ff_gen_drv.o

.debug_frame    0x00000000     0x3c1c
 .debug_frame   0x00000000      0x23c ./Core/Src/bsp_driver_sd.o
 .debug_frame   0x0000023c       0xb4 ./Core/Src/main.o
 .debug_frame   0x000002f0       0xe8 ./Core/Src/sd_diskio.o
 .debug_frame   0x000003d8       0x84 ./Core/Src/stm32u5xx_hal_msp.o
 .debug_frame   0x0000045c      0x104 ./Core/Src/stm32u5xx_it.o
 .debug_frame   0x00000560       0x58 ./Core/Src/system_stm32u5xx.o
 .debug_frame   0x000005b8      0x500 ./Drivers/STM32U5xx_HAL_Driver/Src/stm32u5xx_hal.o
 .debug_frame   0x00000ab8      0x560 ./Drivers/STM32U5xx_HAL_Driver/Src/stm32u5xx_hal_cortex.o
 .debug_frame   0x00001018      0x1ec ./Drivers/STM32U5xx_HAL_Driver/Src/stm32u5xx_hal_gpio.o
 .debug_frame   0x00001204      0x7cc ./Drivers/STM32U5xx_HAL_Driver/Src/stm32u5xx_hal_pwr_ex.o
 .debug_frame   0x000019d0      0x288 ./Drivers/STM32U5xx_HAL_Driver/Src/stm32u5xx_hal_rcc.o
 .debug_frame   0x00001c58      0x5f4 ./Drivers/STM32U5xx_HAL_Driver/Src/stm32u5xx_hal_rcc_ex.o
 .debug_frame   0x0000224c      0x620 ./Drivers/STM32U5xx_HAL_Driver/Src/stm32u5xx_hal_sd.o
 .debug_frame   0x0000286c      0x930 ./Drivers/STM32U5xx_HAL_Driver/Src/stm32u5xx_ll_sdmmc.o
 .debug_frame   0x0000319c       0xec ./FatFs/src/diskio.o
 .debug_frame   0x00003288      0x880 ./FatFs/src/ff.o
 .debug_frame   0x00003b08       0xc8 ./FatFs/src/ff_gen_drv.o
 .debug_frame   0x00003bd0       0x20 /opt/st/stm32cubeide_1.18.1/plugins/com.st.stm32cube.ide.mcu.externaltools.gnu-tools-for-stm32.13.3.rel1.linux64_1.0.0.202410170706/tools/bin/../lib/gcc/arm-none-eabi/13.3.1/../../../../arm-none-eabi/lib/thumb/v8-m.main+fp/hard/libc_nano.a(libc_a-memset.o)
 .debug_frame   0x00003bf0       0x2c /opt/st/stm32cubeide_1.18.1/plugins/com.st.stm32cube.ide.mcu.externaltools.gnu-tools-for-stm32.13.3.rel1.linux64_1.0.0.202410170706/tools/bin/../lib/gcc/arm-none-eabi/13.3.1/../../../../arm-none-eabi/lib/thumb/v8-m.main+fp/hard/libc_nano.a(libc_a-init.o)

.debug_line_str
                0x00000000       0x9b
 .debug_line_str
                0x00000000       0x9b ./Core/Startup/startup_stm32u545retxq.o
